EN charmap NULL C:/Users/riege/gpgit/RISC-Vhdl/RISC-Vhdl/CHARMAP.vhd sub00/vhpl67 1482253533
AR mmu behavioral C:/Users/riege/gpgit/RISC-Vhdl/RISC-Vhdl/MMU.vhd sub00/vhpl82 1482253548
EN ddr2_ram_core_rd_gray_cntr NULL C:/Users/riege/gpgit/RISC-Vhdl/RISC-Vhdl/DDR2_Ram_Core_rd_gray_cntr.vhd sub00/vhpl15 1482253481
EN ddr2_ram_core_cal_ctl NULL C:/Users/riege/gpgit/RISC-Vhdl/RISC-Vhdl/DDR2_Ram_Core_cal_ctl.vhd sub00/vhpl19 1482253485
EN asciiunit NULL C:/Users/riege/gpgit/RISC-Vhdl/RISC-Vhdl/ASCIIUNIT.vhd sub00/vhpl73 1482253539
AR ddr2_ram_core_ram8d_0 arc C:/Users/riege/gpgit/RISC-Vhdl/RISC-Vhdl/DDR2_Ram_Core_ram8d_0.vhd sub00/vhpl18 1482253484
AR clockdivider behavioral C:/Users/riege/gpgit/RISC-Vhdl/RISC-Vhdl/ClockDivider.vhd sub00/vhpl66 1482253532
AR ddr2_ram_core_rd_gray_cntr arc C:/Users/riege/gpgit/RISC-Vhdl/RISC-Vhdl/DDR2_Ram_Core_rd_gray_cntr.vhd sub00/vhpl16 1482253482
EN ddr2_ram_core_cal_top NULL C:/Users/riege/gpgit/RISC-Vhdl/RISC-Vhdl/DDR2_Ram_Core_cal_top.vhd sub00/vhpl37 1482253503
AR ddr2_ram_core_data_path_0 arc C:/Users/riege/gpgit/RISC-Vhdl/RISC-Vhdl/DDR2_Ram_Core_data_path_0.vhd sub00/vhpl42 1482253508
EN cu NULL C:/Users/riege/gpgit/RISC-Vhdl/RISC-Vhdl/CU.vhd sub00/vhpl61 1482253527
AR vga behaviour C:/Users/riege/gpgit/RISC-Vhdl/RISC-Vhdl/vga.vhd sub00/vhpl76 1482253542
EN ddr2_ram_core_infrastructure_top NULL C:/Users/riege/gpgit/RISC-Vhdl/RISC-Vhdl/DDR2_Ram_Core_infrastructure_top.vhd sub00/vhpl53 1482253519
AR cpu cpu_1 C:/Users/riege/gpgit/RISC-Vhdl/RISC-Vhdl/CPU.vhd sub00/vhpl80 1482253546
EN clock_vhdl NULL C:/Users/riege/gpgit/RISC-Vhdl/RISC-Vhdl/Clock_VHDL.vhd sub00/vhpl69 1482253535
EN blockram NULL C:/Users/riege/gpgit/RISC-Vhdl/RISC-Vhdl/BLOCKRAM.vhd sub00/vhpl55 1482253521
AR ddr2_ram_core_infrastructure arc C:/Users/riege/gpgit/RISC-Vhdl/RISC-Vhdl/DDR2_Ram_Core_infrastructure.vhd sub00/vhpl44 1482253510
AR ddr2_ram_core_fifo_0_wr_en_0 arc C:/Users/riege/gpgit/RISC-Vhdl/RISC-Vhdl/DDR2_Ram_Core_fifo_0_wr_en_0.vhd sub00/vhpl10 1482253476
AR ddr2_ram_core_cal_ctl arc_cal_ctl C:/Users/riege/gpgit/RISC-Vhdl/RISC-Vhdl/DDR2_Ram_Core_cal_ctl.vhd sub00/vhpl20 1482253486
EN ddr2_ram_core_tap_dly NULL C:/Users/riege/gpgit/RISC-Vhdl/RISC-Vhdl/DDR2_Ram_Core_tap_dly.vhd sub00/vhpl21 1482253487
AR ddr2_ram_core_cal_top arc C:/Users/riege/gpgit/RISC-Vhdl/RISC-Vhdl/DDR2_Ram_Core_cal_top.vhd sub00/vhpl38 1482253504
AR ddr2_read_vhdl verhalten C:/Users/riege/gpgit/RISC-Vhdl/RISC-Vhdl/DDR2_Read_VHDL.vhd sub00/vhpl50 1482253516
AR cu cu_1 C:/Users/riege/gpgit/RISC-Vhdl/RISC-Vhdl/CU.vhd sub00/vhpl62 1482253528
AR ddr2_ram_core_infrastructure_iobs_0 arc C:/Users/riege/gpgit/RISC-Vhdl/RISC-Vhdl/DDR2_Ram_Core_infrastructure_iobs_0.vhd sub00/vhpl24 1482253490
EN ddr2_read_vhdl NULL C:/Users/riege/gpgit/RISC-Vhdl/RISC-Vhdl/DDR2_Read_VHDL.vhd sub00/vhpl49 1482253515
EN cpu NULL C:/Users/riege/gpgit/RISC-Vhdl/RISC-Vhdl/CPU.vhd sub00/vhpl79 1482253545
AR clock_vhdl verhalten C:/Users/riege/gpgit/RISC-Vhdl/RISC-Vhdl/Clock_VHDL.vhd sub00/vhpl70 1482253536
AR ddr2_ram_core_iobs_0 arc C:/Users/riege/gpgit/RISC-Vhdl/RISC-Vhdl/DDR2_Ram_Core_iobs_0.vhd sub00/vhpl46 1482253512
PH ddr2_ram_core_parameters_0 NULL C:/Users/riege/gpgit/RISC-Vhdl/RISC-Vhdl/DDR2_Ram_Core_parameters_0.vhd sub00/vhpl00 1482253466
AR ddr2_ram_core_wr_gray_cntr arc C:/Users/riege/gpgit/RISC-Vhdl/RISC-Vhdl/DDR2_Ram_Core_wr_gray_cntr.vhd sub00/vhpl14 1482253480
EN ddr2_ram_core_data_path_0 NULL C:/Users/riege/gpgit/RISC-Vhdl/RISC-Vhdl/DDR2_Ram_Core_data_path_0.vhd sub00/vhpl41 1482253507
EN ddr2_ram_core_infrastructure NULL C:/Users/riege/gpgit/RISC-Vhdl/RISC-Vhdl/DDR2_Ram_Core_infrastructure.vhd sub00/vhpl43 1482253509
EN toplevel NULL C:/Users/riege/gpgit/RISC-Vhdl/RISC-Vhdl/toplevel.vhd sub00/vhpl85 1482253551
AR clk133m_dcm behavioral C:/Users/riege/gpgit/RISC-Vhdl/RISC-Vhdl/clk133m_dcm.vhd sub00/vhpl72 1482253538
EN vga NULL C:/Users/riege/gpgit/RISC-Vhdl/RISC-Vhdl/vga.vhd sub00/vhpl75 1482253541
AR charram behavioral C:/Users/riege/gpgit/RISC-Vhdl/RISC-Vhdl/CHARRAM.vhd sub00/vhpl58 1482253524
EN ddr2_control_vhdl NULL C:/Users/riege/gpgit/RISC-Vhdl/RISC-Vhdl/DDR2_Control_VHDL.vhd sub00/vhpl59 1482253525
AR ddr2_write_vhdl verhalten C:/Users/riege/gpgit/RISC-Vhdl/RISC-Vhdl/DDR2_Write_VHDL.vhd sub00/vhpl48 1482253514
EN ddr2_ram_core_fifo_1_wr_en_0 NULL C:/Users/riege/gpgit/RISC-Vhdl/RISC-Vhdl/DDR2_Ram_Core_fifo_1_wr_en_0.vhd sub00/vhpl11 1482253477
EN ddr2_ram_core_dqs_delay NULL C:/Users/riege/gpgit/RISC-Vhdl/RISC-Vhdl/DDR2_Ram_Core_dqs_delay_0.vhd sub00/vhpl07 1482253473
AR ddr2_ram_core_controller_0 arc C:/Users/riege/gpgit/RISC-Vhdl/RISC-Vhdl/DDR2_Ram_Core_controller_0.vhd sub00/vhpl40 1482253506
EN mmu NULL C:/Users/riege/gpgit/RISC-Vhdl/RISC-Vhdl/MMU.vhd sub00/vhpl81 1482253547
AR ddr2_control_vhdl verhalten C:/Users/riege/gpgit/RISC-Vhdl/RISC-Vhdl/DDR2_Control_VHDL.vhd sub00/vhpl60 1482253526
EN ddr2_ram_core_fifo_0_wr_en_0 NULL C:/Users/riege/gpgit/RISC-Vhdl/RISC-Vhdl/DDR2_Ram_Core_fifo_0_wr_en_0.vhd sub00/vhpl09 1482253475
AR blockram behavioral C:/Users/riege/gpgit/RISC-Vhdl/RISC-Vhdl/BLOCKRAM.vhd sub00/vhpl56 1482253522
EN ddr2_write_vhdl NULL C:/Users/riege/gpgit/RISC-Vhdl/RISC-Vhdl/DDR2_Write_VHDL.vhd sub00/vhpl47 1482253513
AR ddr2_ram_core_fifo_1_wr_en_0 arc C:/Users/riege/gpgit/RISC-Vhdl/RISC-Vhdl/DDR2_Ram_Core_fifo_1_wr_en_0.vhd sub00/vhpl12 1482253478
AR charmap behavioral C:/Users/riege/gpgit/RISC-Vhdl/RISC-Vhdl/CHARMAP.vhd sub00/vhpl68 1482253534
AR ddr2_ram_core_data_path_iobs_0 arc C:/Users/riege/gpgit/RISC-Vhdl/RISC-Vhdl/DDR2_Ram_Core_data_path_iobs_0.vhd sub00/vhpl28 1482253494
EN ddr2_ram_core_clk_dcm NULL C:/Users/riege/gpgit/RISC-Vhdl/RISC-Vhdl/DDR2_Ram_Core_clk_dcm.vhd sub00/vhpl35 1482253501
AR ddr2_ram_core_top_0 arc C:/Users/riege/gpgit/RISC-Vhdl/RISC-Vhdl/DDR2_Ram_Core_top_0.vhd sub00/vhpl52 1482253518
AR ddr2_ram_core_s3_dqs_iob arc C:/Users/riege/gpgit/RISC-Vhdl/RISC-Vhdl/DDR2_Ram_Core_s3_dqs_iob.vhd sub00/vhpl04 1482253470
EN clockdivider NULL C:/Users/riege/gpgit/RISC-Vhdl/RISC-Vhdl/ClockDivider.vhd sub00/vhpl65 1482253531
AR ddr2_ram_core arc_mem_interface_top C:/Users/riege/gpgit/RISC-Vhdl/RISC-Vhdl/DDR2_Ram_Core.vhd sub00/vhpl84 1482253550
EN charram NULL C:/Users/riege/gpgit/RISC-Vhdl/RISC-Vhdl/CHARRAM.vhd sub00/vhpl57 1482253523
EN ddr2_ram_core_iobs_0 NULL C:/Users/riege/gpgit/RISC-Vhdl/RISC-Vhdl/DDR2_Ram_Core_iobs_0.vhd sub00/vhpl45 1482253511
EN ddr2_ram_core_data_write_0 NULL C:/Users/riege/gpgit/RISC-Vhdl/RISC-Vhdl/DDR2_Ram_Core_data_write_0.vhd sub00/vhpl33 1482253499
EN ddr2_ram_core_wr_gray_cntr NULL C:/Users/riege/gpgit/RISC-Vhdl/RISC-Vhdl/DDR2_Ram_Core_wr_gray_cntr.vhd sub00/vhpl13 1482253479
EN ddr2_ram_core_ram8d_0 NULL C:/Users/riege/gpgit/RISC-Vhdl/RISC-Vhdl/DDR2_Ram_Core_ram8d_0.vhd sub00/vhpl17 1482253483
EN ddr2_ram_core_infrastructure_iobs_0 NULL C:/Users/riege/gpgit/RISC-Vhdl/RISC-Vhdl/DDR2_Ram_Core_infrastructure_iobs_0.vhd sub00/vhpl23 1482253489
AR vga_clk behavioral C:/Users/riege/gpgit/RISC-Vhdl/RISC-Vhdl/ipcore_dir/vga_clk.vhd sub00/vhpl78 1482253544
EN ddr2_ram_core_data_read_controller_0 NULL C:/Users/riege/gpgit/RISC-Vhdl/RISC-Vhdl/DDR2_Ram_Core_data_read_controller_0.vhd sub00/vhpl31 1482253497
EN ddr2_ram_core_data_path_iobs_0 NULL C:/Users/riege/gpgit/RISC-Vhdl/RISC-Vhdl/DDR2_Ram_Core_data_path_iobs_0.vhd sub00/vhpl27 1482253493
EN vga_clk NULL C:/Users/riege/gpgit/RISC-Vhdl/RISC-Vhdl/ipcore_dir/vga_clk.vhd sub00/vhpl77 1482253543
EN ddr2_ram_core_s3_dq_iob NULL C:/Users/riege/gpgit/RISC-Vhdl/RISC-Vhdl/DDR2_Ram_Core_s3_dq_iob.vhd sub00/vhpl05 1482253471
AR ddr2_ram_core_controller_iobs_0 arc C:/Users/riege/gpgit/RISC-Vhdl/RISC-Vhdl/DDR2_Ram_Core_controller_iobs_0.vhd sub00/vhpl26 1482253492
AR ddr2_ram_core_data_read_0 arc C:/Users/riege/gpgit/RISC-Vhdl/RISC-Vhdl/DDR2_Ram_Core_data_read_0.vhd sub00/vhpl30 1482253496
EN ddr2_ram_core_s3_dm_iob NULL C:/Users/riege/gpgit/RISC-Vhdl/RISC-Vhdl/DDR2_Ram_Core_s3_dm_iob.vhd sub00/vhpl01 1482253467
AR ddr2_ram_core_tap_dly arc_tap_dly C:/Users/riege/gpgit/RISC-Vhdl/RISC-Vhdl/DDR2_Ram_Core_tap_dly.vhd sub00/vhpl22 1482253488
EN ddr2_ram_core_top_0 NULL C:/Users/riege/gpgit/RISC-Vhdl/RISC-Vhdl/DDR2_Ram_Core_top_0.vhd sub00/vhpl51 1482253517
AR ddr2_ram_core_infrastructure_top arc C:/Users/riege/gpgit/RISC-Vhdl/RISC-Vhdl/DDR2_Ram_Core_infrastructure_top.vhd sub00/vhpl54 1482253520
EN ddr2_ram_core_controller_iobs_0 NULL C:/Users/riege/gpgit/RISC-Vhdl/RISC-Vhdl/DDR2_Ram_Core_controller_iobs_0.vhd sub00/vhpl25 1482253491
AR asciiunit behavioral C:/Users/riege/gpgit/RISC-Vhdl/RISC-Vhdl/ASCIIUNIT.vhd sub00/vhpl74 1482253540
AR alu behavioral C:/Users/riege/gpgit/RISC-Vhdl/RISC-Vhdl/ALU.vhd sub00/vhpl64 1482253530
EN ddr2_ram_core NULL C:/Users/riege/gpgit/RISC-Vhdl/RISC-Vhdl/DDR2_Ram_Core.vhd sub00/vhpl83 1482253549
EN ddr2_ram_core_controller_0 NULL C:/Users/riege/gpgit/RISC-Vhdl/RISC-Vhdl/DDR2_Ram_Core_controller_0.vhd sub00/vhpl39 1482253505
AR ddr2_ram_core_s3_dq_iob arc C:/Users/riege/gpgit/RISC-Vhdl/RISC-Vhdl/DDR2_Ram_Core_s3_dq_iob.vhd sub00/vhpl06 1482253472
EN ddr2_ram_core_s3_dqs_iob NULL C:/Users/riege/gpgit/RISC-Vhdl/RISC-Vhdl/DDR2_Ram_Core_s3_dqs_iob.vhd sub00/vhpl03 1482253469
EN clk133m_dcm NULL C:/Users/riege/gpgit/RISC-Vhdl/RISC-Vhdl/clk133m_dcm.vhd sub00/vhpl71 1482253537
AR ddr2_ram_core_data_write_0 arc C:/Users/riege/gpgit/RISC-Vhdl/RISC-Vhdl/DDR2_Ram_Core_data_write_0.vhd sub00/vhpl34 1482253500
EN ddr2_ram_core_data_read_0 NULL C:/Users/riege/gpgit/RISC-Vhdl/RISC-Vhdl/DDR2_Ram_Core_data_read_0.vhd sub00/vhpl29 1482253495
AR ddr2_ram_core_data_read_controller_0 arc C:/Users/riege/gpgit/RISC-Vhdl/RISC-Vhdl/DDR2_Ram_Core_data_read_controller_0.vhd sub00/vhpl32 1482253498
AR ddr2_ram_core_clk_dcm arc C:/Users/riege/gpgit/RISC-Vhdl/RISC-Vhdl/DDR2_Ram_Core_clk_dcm.vhd sub00/vhpl36 1482253502
EN alu NULL C:/Users/riege/gpgit/RISC-Vhdl/RISC-Vhdl/ALU.vhd sub00/vhpl63 1482253529
AR ddr2_ram_core_dqs_delay arc_dqs_delay C:/Users/riege/gpgit/RISC-Vhdl/RISC-Vhdl/DDR2_Ram_Core_dqs_delay_0.vhd sub00/vhpl08 1482253474
AR toplevel behaviour C:/Users/riege/gpgit/RISC-Vhdl/RISC-Vhdl/toplevel.vhd sub00/vhpl86 1482253552
AR ddr2_ram_core_s3_dm_iob arc C:/Users/riege/gpgit/RISC-Vhdl/RISC-Vhdl/DDR2_Ram_Core_s3_dm_iob.vhd sub00/vhpl02 1482253468
