AR mmu behavioral C:/Users/riege/gpgit/RISC-Vhdl/master/a/MMU.vhd sub00/vhpl76 1478876901
EN ddr2_ram_core_rd_gray_cntr NULL C:/Users/riege/gpgit/RISC-Vhdl/master/a/DDR2_Ram_Core_rd_gray_cntr.vhd sub00/vhpl15 1478876840
EN ddr2_ram_core_cal_ctl NULL C:/Users/riege/gpgit/RISC-Vhdl/master/a/DDR2_Ram_Core_cal_ctl.vhd sub00/vhpl19 1478876844
AR ddr2_ram_core_ram8d_0 arc C:/Users/riege/gpgit/RISC-Vhdl/master/a/DDR2_Ram_Core_ram8d_0.vhd sub00/vhpl18 1478876843
AR clockdivider behavioral C:/Users/riege/gpgit/RISC-Vhdl/master/a/ClockDivider.vhd sub00/vhpl64 1478876889
AR ddr2_ram_core_rd_gray_cntr arc C:/Users/riege/gpgit/RISC-Vhdl/master/a/DDR2_Ram_Core_rd_gray_cntr.vhd sub00/vhpl16 1478876841
EN ddr2_ram_core_cal_top NULL C:/Users/riege/gpgit/RISC-Vhdl/master/a/DDR2_Ram_Core_cal_top.vhd sub00/vhpl37 1478876862
AR ddr2_ram_core_data_path_0 arc C:/Users/riege/gpgit/RISC-Vhdl/master/a/DDR2_Ram_Core_data_path_0.vhd sub00/vhpl42 1478876867
EN cu NULL C:/Users/riege/gpgit/RISC-Vhdl/master/a/CU.vhd sub00/vhpl59 1478876884
AR vga behaviour C:/Users/riege/gpgit/RISC-Vhdl/master/a/vga.vhd sub00/vhpl70 1478876895
EN ddr2_ram_core_infrastructure_top NULL C:/Users/riege/gpgit/RISC-Vhdl/master/a/DDR2_Ram_Core_infrastructure_top.vhd sub00/vhpl53 1478876878
EN clock_vhdl NULL C:/Users/riege/gpgit/RISC-Vhdl/master/a/Clock_VHDL.vhd sub00/vhpl65 1478876890
AR cpu cpu_1 C:/Users/riege/gpgit/RISC-Vhdl/master/a/CPU.vhd sub00/vhpl74 1478876899
EN blockram NULL C:/Users/riege/gpgit/RISC-Vhdl/master/a/BLOCKRAM.vhd sub00/vhpl55 1478876880
AR ddr2_ram_core_infrastructure arc C:/Users/riege/gpgit/RISC-Vhdl/master/a/DDR2_Ram_Core_infrastructure.vhd sub00/vhpl44 1478876869
AR ddr2_ram_core_fifo_0_wr_en_0 arc C:/Users/riege/gpgit/RISC-Vhdl/master/a/DDR2_Ram_Core_fifo_0_wr_en_0.vhd sub00/vhpl10 1478876835
EN ddr2_ram_core_tap_dly NULL C:/Users/riege/gpgit/RISC-Vhdl/master/a/DDR2_Ram_Core_tap_dly.vhd sub00/vhpl21 1478876846
AR ddr2_ram_core_cal_ctl arc_cal_ctl C:/Users/riege/gpgit/RISC-Vhdl/master/a/DDR2_Ram_Core_cal_ctl.vhd sub00/vhpl20 1478876845
AR ddr2_ram_core_cal_top arc C:/Users/riege/gpgit/RISC-Vhdl/master/a/DDR2_Ram_Core_cal_top.vhd sub00/vhpl38 1478876863
AR ddr2_read_vhdl verhalten C:/Users/riege/gpgit/RISC-Vhdl/master/a/DDR2_Read_VHDL.vhd sub00/vhpl50 1478876875
AR cu cu_1 C:/Users/riege/gpgit/RISC-Vhdl/master/a/CU.vhd sub00/vhpl60 1478876885
AR ddr2_ram_core_infrastructure_iobs_0 arc C:/Users/riege/gpgit/RISC-Vhdl/master/a/DDR2_Ram_Core_infrastructure_iobs_0.vhd sub00/vhpl24 1478876849
EN cpu NULL C:/Users/riege/gpgit/RISC-Vhdl/master/a/CPU.vhd sub00/vhpl73 1478876898
AR clock_vhdl verhalten C:/Users/riege/gpgit/RISC-Vhdl/master/a/Clock_VHDL.vhd sub00/vhpl66 1478876891
EN ddr2_read_vhdl NULL C:/Users/riege/gpgit/RISC-Vhdl/master/a/DDR2_Read_VHDL.vhd sub00/vhpl49 1478876874
AR ddr2_ram_core_iobs_0 arc C:/Users/riege/gpgit/RISC-Vhdl/master/a/DDR2_Ram_Core_iobs_0.vhd sub00/vhpl46 1478876871
PH ddr2_ram_core_parameters_0 NULL C:/Users/riege/gpgit/RISC-Vhdl/master/a/DDR2_Ram_Core_parameters_0.vhd sub00/vhpl00 1478876825
AR ddr2_ram_core_wr_gray_cntr arc C:/Users/riege/gpgit/RISC-Vhdl/master/a/DDR2_Ram_Core_wr_gray_cntr.vhd sub00/vhpl14 1478876839
EN ddr2_ram_core_data_path_0 NULL C:/Users/riege/gpgit/RISC-Vhdl/master/a/DDR2_Ram_Core_data_path_0.vhd sub00/vhpl41 1478876866
EN ddr2_ram_core_infrastructure NULL C:/Users/riege/gpgit/RISC-Vhdl/master/a/DDR2_Ram_Core_infrastructure.vhd sub00/vhpl43 1478876868
EN toplevel NULL C:/Users/riege/gpgit/RISC-Vhdl/master/a/toplevel.vhd sub00/vhpl79 1478876904
AR clk133m_dcm behavioral C:/Users/riege/gpgit/RISC-Vhdl/master/a/clk133m_dcm.vhd sub00/vhpl68 1478876893
EN vga NULL C:/Users/riege/gpgit/RISC-Vhdl/master/a/vga.vhd sub00/vhpl69 1478876894
EN ddr2_control_vhdl NULL C:/Users/riege/gpgit/RISC-Vhdl/master/a/DDR2_Control_VHDL.vhd sub00/vhpl57 1478876882
AR ddr2_write_vhdl verhalten C:/Users/riege/gpgit/RISC-Vhdl/master/a/DDR2_Write_VHDL.vhd sub00/vhpl48 1478876873
EN ddr2_ram_core_fifo_1_wr_en_0 NULL C:/Users/riege/gpgit/RISC-Vhdl/master/a/DDR2_Ram_Core_fifo_1_wr_en_0.vhd sub00/vhpl11 1478876836
EN ddr2_ram_core_dqs_delay NULL C:/Users/riege/gpgit/RISC-Vhdl/master/a/DDR2_Ram_Core_dqs_delay_0.vhd sub00/vhpl07 1478876832
EN mmu NULL C:/Users/riege/gpgit/RISC-Vhdl/master/a/MMU.vhd sub00/vhpl75 1478876900
AR ddr2_ram_core_controller_0 arc C:/Users/riege/gpgit/RISC-Vhdl/master/a/DDR2_Ram_Core_controller_0.vhd sub00/vhpl40 1478876865
AR ddr2_control_vhdl verhalten C:/Users/riege/gpgit/RISC-Vhdl/master/a/DDR2_Control_VHDL.vhd sub00/vhpl58 1478876883
EN ddr2_ram_core_fifo_0_wr_en_0 NULL C:/Users/riege/gpgit/RISC-Vhdl/master/a/DDR2_Ram_Core_fifo_0_wr_en_0.vhd sub00/vhpl09 1478876834
AR blockram behavioral C:/Users/riege/gpgit/RISC-Vhdl/master/a/BLOCKRAM.vhd sub00/vhpl56 1478876881
EN ddr2_write_vhdl NULL C:/Users/riege/gpgit/RISC-Vhdl/master/a/DDR2_Write_VHDL.vhd sub00/vhpl47 1478876872
AR ddr2_ram_core_fifo_1_wr_en_0 arc C:/Users/riege/gpgit/RISC-Vhdl/master/a/DDR2_Ram_Core_fifo_1_wr_en_0.vhd sub00/vhpl12 1478876837
AR ddr2_ram_core_data_path_iobs_0 arc C:/Users/riege/gpgit/RISC-Vhdl/master/a/DDR2_Ram_Core_data_path_iobs_0.vhd sub00/vhpl28 1478876853
AR ddr2_ram_core_top_0 arc C:/Users/riege/gpgit/RISC-Vhdl/master/a/DDR2_Ram_Core_top_0.vhd sub00/vhpl52 1478876877
EN ddr2_ram_core_clk_dcm NULL C:/Users/riege/gpgit/RISC-Vhdl/master/a/DDR2_Ram_Core_clk_dcm.vhd sub00/vhpl35 1478876860
AR ddr2_ram_core_s3_dqs_iob arc C:/Users/riege/gpgit/RISC-Vhdl/master/a/DDR2_Ram_Core_s3_dqs_iob.vhd sub00/vhpl04 1478876829
EN clockdivider NULL C:/Users/riege/gpgit/RISC-Vhdl/master/a/ClockDivider.vhd sub00/vhpl63 1478876888
AR ddr2_ram_core arc_mem_interface_top C:/Users/riege/gpgit/RISC-Vhdl/master/a/DDR2_Ram_Core.vhd sub00/vhpl78 1478876903
EN ddr2_ram_core_iobs_0 NULL C:/Users/riege/gpgit/RISC-Vhdl/master/a/DDR2_Ram_Core_iobs_0.vhd sub00/vhpl45 1478876870
EN ddr2_ram_core_data_write_0 NULL C:/Users/riege/gpgit/RISC-Vhdl/master/a/DDR2_Ram_Core_data_write_0.vhd sub00/vhpl33 1478876858
EN ddr2_ram_core_wr_gray_cntr NULL C:/Users/riege/gpgit/RISC-Vhdl/master/a/DDR2_Ram_Core_wr_gray_cntr.vhd sub00/vhpl13 1478876838
EN ddr2_ram_core_ram8d_0 NULL C:/Users/riege/gpgit/RISC-Vhdl/master/a/DDR2_Ram_Core_ram8d_0.vhd sub00/vhpl17 1478876842
EN ddr2_ram_core_infrastructure_iobs_0 NULL C:/Users/riege/gpgit/RISC-Vhdl/master/a/DDR2_Ram_Core_infrastructure_iobs_0.vhd sub00/vhpl23 1478876848
EN ddr2_ram_core_data_read_controller_0 NULL C:/Users/riege/gpgit/RISC-Vhdl/master/a/DDR2_Ram_Core_data_read_controller_0.vhd sub00/vhpl31 1478876856
AR vga_clk behavioral C:/Users/riege/gpgit/RISC-Vhdl/master/a/ipcore_dir/vga_clk.vhd sub00/vhpl72 1478876897
EN ddr2_ram_core_data_path_iobs_0 NULL C:/Users/riege/gpgit/RISC-Vhdl/master/a/DDR2_Ram_Core_data_path_iobs_0.vhd sub00/vhpl27 1478876852
EN vga_clk NULL C:/Users/riege/gpgit/RISC-Vhdl/master/a/ipcore_dir/vga_clk.vhd sub00/vhpl71 1478876896
EN ddr2_ram_core_s3_dq_iob NULL C:/Users/riege/gpgit/RISC-Vhdl/master/a/DDR2_Ram_Core_s3_dq_iob.vhd sub00/vhpl05 1478876830
AR ddr2_ram_core_controller_iobs_0 arc C:/Users/riege/gpgit/RISC-Vhdl/master/a/DDR2_Ram_Core_controller_iobs_0.vhd sub00/vhpl26 1478876851
AR ddr2_ram_core_data_read_0 arc C:/Users/riege/gpgit/RISC-Vhdl/master/a/DDR2_Ram_Core_data_read_0.vhd sub00/vhpl30 1478876855
EN ddr2_ram_core_s3_dm_iob NULL C:/Users/riege/gpgit/RISC-Vhdl/master/a/DDR2_Ram_Core_s3_dm_iob.vhd sub00/vhpl01 1478876826
AR ddr2_ram_core_tap_dly arc_tap_dly C:/Users/riege/gpgit/RISC-Vhdl/master/a/DDR2_Ram_Core_tap_dly.vhd sub00/vhpl22 1478876847
EN ddr2_ram_core_top_0 NULL C:/Users/riege/gpgit/RISC-Vhdl/master/a/DDR2_Ram_Core_top_0.vhd sub00/vhpl51 1478876876
AR ddr2_ram_core_infrastructure_top arc C:/Users/riege/gpgit/RISC-Vhdl/master/a/DDR2_Ram_Core_infrastructure_top.vhd sub00/vhpl54 1478876879
EN ddr2_ram_core_controller_iobs_0 NULL C:/Users/riege/gpgit/RISC-Vhdl/master/a/DDR2_Ram_Core_controller_iobs_0.vhd sub00/vhpl25 1478876850
AR alu behavioral C:/Users/riege/gpgit/RISC-Vhdl/master/a/ALU.vhd sub00/vhpl62 1478876887
EN ddr2_ram_core NULL C:/Users/riege/gpgit/RISC-Vhdl/master/a/DDR2_Ram_Core.vhd sub00/vhpl77 1478876902
EN ddr2_ram_core_controller_0 NULL C:/Users/riege/gpgit/RISC-Vhdl/master/a/DDR2_Ram_Core_controller_0.vhd sub00/vhpl39 1478876864
AR ddr2_ram_core_s3_dq_iob arc C:/Users/riege/gpgit/RISC-Vhdl/master/a/DDR2_Ram_Core_s3_dq_iob.vhd sub00/vhpl06 1478876831
EN ddr2_ram_core_s3_dqs_iob NULL C:/Users/riege/gpgit/RISC-Vhdl/master/a/DDR2_Ram_Core_s3_dqs_iob.vhd sub00/vhpl03 1478876828
EN clk133m_dcm NULL C:/Users/riege/gpgit/RISC-Vhdl/master/a/clk133m_dcm.vhd sub00/vhpl67 1478876892
AR ddr2_ram_core_data_write_0 arc C:/Users/riege/gpgit/RISC-Vhdl/master/a/DDR2_Ram_Core_data_write_0.vhd sub00/vhpl34 1478876859
EN ddr2_ram_core_data_read_0 NULL C:/Users/riege/gpgit/RISC-Vhdl/master/a/DDR2_Ram_Core_data_read_0.vhd sub00/vhpl29 1478876854
AR ddr2_ram_core_data_read_controller_0 arc C:/Users/riege/gpgit/RISC-Vhdl/master/a/DDR2_Ram_Core_data_read_controller_0.vhd sub00/vhpl32 1478876857
AR ddr2_ram_core_clk_dcm arc C:/Users/riege/gpgit/RISC-Vhdl/master/a/DDR2_Ram_Core_clk_dcm.vhd sub00/vhpl36 1478876861
EN alu NULL C:/Users/riege/gpgit/RISC-Vhdl/master/a/ALU.vhd sub00/vhpl61 1478876886
AR ddr2_ram_core_dqs_delay arc_dqs_delay C:/Users/riege/gpgit/RISC-Vhdl/master/a/DDR2_Ram_Core_dqs_delay_0.vhd sub00/vhpl08 1478876833
AR toplevel behaviour C:/Users/riege/gpgit/RISC-Vhdl/master/a/toplevel.vhd sub00/vhpl80 1478876905
AR ddr2_ram_core_s3_dm_iob arc C:/Users/riege/gpgit/RISC-Vhdl/master/a/DDR2_Ram_Core_s3_dm_iob.vhd sub00/vhpl02 1478876827
