AR toplevel behavioral C:/Users/riege/gpgit/RISC-Vhdl/toplevel.vhd sub00/vhpl05 1467210348
EN clockdivider NULL C:/Users/riege/gpgit/RISC-Vhdl/ClockDivider.vhd sub00/vhpl16 1467210339
AR alu behavioral C:/Users/riege/gpgit/RISC-Vhdl/ALU.vhd sub00/vhpl09 1467210336
EN ram_unit NULL C:/Users/jan/Downloads/NEUUU/Testprojekt/ram_unit.vhd sub00/vhpl10 1465983653
AR cpu behavioral C:/Users/riege/gpgit/RISC-Vhdl/CPU.vhd sub00/vhpl13 1467210346
EN cpu NULL C:/Users/riege/gpgit/RISC-Vhdl/CPU.vhd sub00/vhpl12 1467210345
AR vga_clk behavioral C:/Users/riege/gpgit/RISC-Vhdl/ipcore_dir/vga_clk.vhd sub00/vhpl04 1467210344
EN toplevel NULL C:/Users/riege/gpgit/RISC-Vhdl/toplevel.vhd sub00/vhpl00 1467210347
EN vga NULL C:/Users/riege/gpgit/RISC-Vhdl/vga.vhd sub00/vhpl01 1467210341
AR ram_unit behavioral C:/Users/jan/Downloads/NEUUU/Testprojekt/ram_unit.vhd sub00/vhpl11 1465983654
EN vga_clk NULL C:/Users/riege/gpgit/RISC-Vhdl/ipcore_dir/vga_clk.vhd sub00/vhpl03 1467210343
AR vga behaviour C:/Users/riege/gpgit/RISC-Vhdl/vga.vhd sub00/vhpl02 1467210342
AR ram a1 C:/Users/riege/gpgit/RISC-Vhdl/MMU.vhd sub00/vhpl15 1467210338
AR leitwerk leitwerk_1 C:/Users/riege/gpgit/RISC-Vhdl/leitwerk_v2.vhd sub00/vhpl07 1467210334
EN ram NULL C:/Users/riege/gpgit/RISC-Vhdl/MMU.vhd sub00/vhpl14 1467210337
AR clockdivider behavioral C:/Users/riege/gpgit/RISC-Vhdl/ClockDivider.vhd sub00/vhpl17 1467210340
EN leitwerk NULL C:/Users/riege/gpgit/RISC-Vhdl/leitwerk_v2.vhd sub00/vhpl06 1467210333
EN alu NULL C:/Users/riege/gpgit/RISC-Vhdl/ALU.vhd sub00/vhpl08 1467210335
