V3 283
FL C:/Users/riege/gpgit/RISC-Vhdl/RISC-Vhdl/ALU.vhd 2016/12/20.17:06:50 P.20131013
EN work/ALU 1482253529 FL C:/Users/riege/gpgit/RISC-Vhdl/RISC-Vhdl/ALU.vhd \
      PB ieee/std_logic_1164 1381692176 PB ieee/NUMERIC_STD 1381692181
AR work/ALU/Behavioral 1482253530 \
      FL C:/Users/riege/gpgit/RISC-Vhdl/RISC-Vhdl/ALU.vhd EN work/ALU 1482253529 \
      CP divUnsigned CP divSigned
FL C:/Users/riege/gpgit/RISC-Vhdl/RISC-Vhdl/ASCIIUNIT.vhd 2016/11/16.18:09:04 P.20131013
EN work/ASCIIUNIT 1482253539 \
      FL C:/Users/riege/gpgit/RISC-Vhdl/RISC-Vhdl/ASCIIUNIT.vhd \
      PB ieee/std_logic_1164 1381692176 PB ieee/NUMERIC_STD 1381692181
AR work/ASCIIUNIT/Behavioral 1482253540 \
      FL C:/Users/riege/gpgit/RISC-Vhdl/RISC-Vhdl/ASCIIUNIT.vhd EN work/ASCIIUNIT 1482253539 \
      CP CHARMAP
FL C:/Users/riege/gpgit/RISC-Vhdl/RISC-Vhdl/BLOCKRAM.vhd 2016/12/20.18:04:19 P.20131013
EN work/BLOCKRAM 1482253521 \
      FL C:/Users/riege/gpgit/RISC-Vhdl/RISC-Vhdl/BLOCKRAM.vhd \
      PB ieee/std_logic_1164 1381692176 PB ieee/NUMERIC_STD 1381692181
AR work/BLOCKRAM/Behavioral 1482253522 \
      FL C:/Users/riege/gpgit/RISC-Vhdl/RISC-Vhdl/BLOCKRAM.vhd EN work/BLOCKRAM 1482253521
FL C:/Users/riege/gpgit/RISC-Vhdl/RISC-Vhdl/CHARMAP.vhd 2016/12/11.21:59:23 P.20131013
EN work/CHARMAP 1482253533 \
      FL C:/Users/riege/gpgit/RISC-Vhdl/RISC-Vhdl/CHARMAP.vhd \
      PB ieee/std_logic_1164 1381692176 PB ieee/NUMERIC_STD 1381692181
AR work/CHARMAP/Behavioral 1482253534 \
      FL C:/Users/riege/gpgit/RISC-Vhdl/RISC-Vhdl/CHARMAP.vhd EN work/CHARMAP 1482253533
FL C:/Users/riege/gpgit/RISC-Vhdl/RISC-Vhdl/CHARRAM.vhd 2016/12/11.21:59:23 P.20131013
EN work/CHARRAM 1482253523 \
      FL C:/Users/riege/gpgit/RISC-Vhdl/RISC-Vhdl/CHARRAM.vhd \
      PB ieee/std_logic_1164 1381692176 PB ieee/NUMERIC_STD 1381692181
AR work/CHARRAM/Behavioral 1482253524 \
      FL C:/Users/riege/gpgit/RISC-Vhdl/RISC-Vhdl/CHARRAM.vhd EN work/CHARRAM 1482253523
FL C:/Users/riege/gpgit/RISC-Vhdl/RISC-Vhdl/clk133m_dcm.vhd 2016/11/11.15:56:38 P.20131013
EN work/clk133m_dcm 1482253537 \
      FL C:/Users/riege/gpgit/RISC-Vhdl/RISC-Vhdl/clk133m_dcm.vhd \
      PB ieee/std_logic_1164 1381692176 PB ieee/NUMERIC_STD 1381692181 LB UNISIM \
      PH unisim/VCOMPONENTS 1381692182
AR work/clk133m_dcm/BEHAVIORAL 1482253538 \
      FL C:/Users/riege/gpgit/RISC-Vhdl/RISC-Vhdl/clk133m_dcm.vhd \
      EN work/clk133m_dcm 1482253537 CP BUFG CP IBUFG CP DCM_SP
FL C:/Users/riege/gpgit/RISC-Vhdl/RISC-Vhdl/ClockDivider.vhd 2016/11/11.15:56:38 P.20131013
EN work/ClockDivider 1482253531 \
      FL C:/Users/riege/gpgit/RISC-Vhdl/RISC-Vhdl/ClockDivider.vhd \
      PB ieee/std_logic_1164 1381692176 PB ieee/NUMERIC_STD 1381692181
AR work/ClockDivider/Behavioral 1482253532 \
      FL C:/Users/riege/gpgit/RISC-Vhdl/RISC-Vhdl/ClockDivider.vhd \
      EN work/ClockDivider 1482253531
FL C:/Users/riege/gpgit/RISC-Vhdl/RISC-Vhdl/Clock_VHDL.vhd 2016/11/11.15:56:38 P.20131013
EN work/Clock_VHDL 1482253535 \
      FL C:/Users/riege/gpgit/RISC-Vhdl/RISC-Vhdl/Clock_VHDL.vhd \
      PB ieee/std_logic_1164 1381692176
AR work/Clock_VHDL/Verhalten 1482253536 \
      FL C:/Users/riege/gpgit/RISC-Vhdl/RISC-Vhdl/Clock_VHDL.vhd \
      EN work/Clock_VHDL 1482253535
FL C:/Users/riege/gpgit/RISC-Vhdl/RISC-Vhdl/CPU.vhd 2016/11/11.15:56:38 P.20131013
EN work/CPU 1482253545 FL C:/Users/riege/gpgit/RISC-Vhdl/RISC-Vhdl/CPU.vhd \
      PB ieee/std_logic_1164 1381692176
AR work/CPU/CPU_1 1482253546 \
      FL C:/Users/riege/gpgit/RISC-Vhdl/RISC-Vhdl/CPU.vhd EN work/CPU 1482253545 \
      CP work/CU CP work/ALU CP work/ClockDivider
FL C:/Users/riege/gpgit/RISC-Vhdl/RISC-Vhdl/CU.vhd 2016/12/20.17:06:50 P.20131013
EN work/CU 1482253527 FL C:/Users/riege/gpgit/RISC-Vhdl/RISC-Vhdl/CU.vhd \
      PB ieee/std_logic_1164 1381692176 PB ieee/NUMERIC_STD 1381692181
AR work/CU/CU_1 1482253528 \
      FL C:/Users/riege/gpgit/RISC-Vhdl/RISC-Vhdl/CU.vhd EN work/CU 1482253527
FL C:/Users/riege/gpgit/RISC-Vhdl/RISC-Vhdl/DDR2_Control_VHDL.vhd 2016/12/11.21:59:23 P.20131013
EN work/DDR2_Control_VHDL 1482253525 \
      FL C:/Users/riege/gpgit/RISC-Vhdl/RISC-Vhdl/DDR2_Control_VHDL.vhd \
      PB ieee/std_logic_1164 1381692176 PB ieee/std_logic_arith 1381692177 \
      PB ieee/STD_LOGIC_UNSIGNED 1381692179
AR work/DDR2_Control_VHDL/Verhalten 1482253526 \
      FL C:/Users/riege/gpgit/RISC-Vhdl/RISC-Vhdl/DDR2_Control_VHDL.vhd \
      EN work/DDR2_Control_VHDL 1482253525 CP DDR2_Write_VHDL CP DDR2_Read_VHDL
FL C:/Users/riege/gpgit/RISC-Vhdl/RISC-Vhdl/DDR2_Ram_Core.vhd 2016/11/11.15:56:38 P.20131013
EN work/DDR2_Ram_Core 1482253549 \
      FL C:/Users/riege/gpgit/RISC-Vhdl/RISC-Vhdl/DDR2_Ram_Core.vhd LB UNISIM \
      PB ieee/std_logic_1164 1381692176 PH unisim/VCOMPONENTS 1381692182
AR work/DDR2_Ram_Core/arc_mem_interface_top 1482253550 \
      FL C:/Users/riege/gpgit/RISC-Vhdl/RISC-Vhdl/DDR2_Ram_Core.vhd \
      EN work/DDR2_Ram_Core 1482253549 CP DDR2_Ram_Core_top_0 \
      CP DDR2_Ram_Core_infrastructure_top
FL C:/Users/riege/gpgit/RISC-Vhdl/RISC-Vhdl/DDR2_Ram_Core_cal_ctl.vhd 2016/11/11.15:56:38 P.20131013
EN work/DDR2_Ram_Core_cal_ctl 1482253485 \
      FL C:/Users/riege/gpgit/RISC-Vhdl/RISC-Vhdl/DDR2_Ram_Core_cal_ctl.vhd \
      LB UNISIM PB ieee/std_logic_1164 1381692176 PB ieee/STD_LOGIC_UNSIGNED 1381692179 \
      PH unisim/VCOMPONENTS 1381692182
AR work/DDR2_Ram_Core_cal_ctl/arc_cal_ctl 1482253486 \
      FL C:/Users/riege/gpgit/RISC-Vhdl/RISC-Vhdl/DDR2_Ram_Core_cal_ctl.vhd \
      EN work/DDR2_Ram_Core_cal_ctl 1482253485
FL C:/Users/riege/gpgit/RISC-Vhdl/RISC-Vhdl/DDR2_Ram_Core_cal_top.vhd 2016/11/11.15:56:38 P.20131013
EN work/DDR2_Ram_Core_cal_top 1482253503 \
      FL C:/Users/riege/gpgit/RISC-Vhdl/RISC-Vhdl/DDR2_Ram_Core_cal_top.vhd \
      LB UNISIM PB ieee/std_logic_1164 1381692176 PB ieee/STD_LOGIC_UNSIGNED 1381692179 \
      PH unisim/VCOMPONENTS 1381692182
AR work/DDR2_Ram_Core_cal_top/arc 1482253504 \
      FL C:/Users/riege/gpgit/RISC-Vhdl/RISC-Vhdl/DDR2_Ram_Core_cal_top.vhd \
      EN work/DDR2_Ram_Core_cal_top 1482253503 CP DDR2_Ram_Core_cal_ctl \
      CP DDR2_Ram_Core_tap_dly
FL C:/Users/riege/gpgit/RISC-Vhdl/RISC-Vhdl/DDR2_Ram_Core_clk_dcm.vhd 2016/11/11.15:56:38 P.20131013
EN work/DDR2_Ram_Core_clk_dcm 1482253501 \
      FL C:/Users/riege/gpgit/RISC-Vhdl/RISC-Vhdl/DDR2_Ram_Core_clk_dcm.vhd \
      LB UNISIM PB ieee/std_logic_1164 1381692176 PH unisim/VCOMPONENTS 1381692182
AR work/DDR2_Ram_Core_clk_dcm/arc 1482253502 \
      FL C:/Users/riege/gpgit/RISC-Vhdl/RISC-Vhdl/DDR2_Ram_Core_clk_dcm.vhd \
      EN work/DDR2_Ram_Core_clk_dcm 1482253501 CP DCM CP BUFG
FL C:/Users/riege/gpgit/RISC-Vhdl/RISC-Vhdl/DDR2_Ram_Core_controller_0.vhd 2016/11/11.15:56:38 P.20131013
EN work/DDR2_Ram_Core_controller_0 1482253505 \
      FL C:/Users/riege/gpgit/RISC-Vhdl/RISC-Vhdl/DDR2_Ram_Core_controller_0.vhd \
      LB UNISIM PB ieee/std_logic_1164 1381692176 PB ieee/STD_LOGIC_UNSIGNED 1381692179 \
      PH unisim/VCOMPONENTS 1381692182 PH work/DDR2_Ram_Core_parameters_0 1482253466
AR work/DDR2_Ram_Core_controller_0/arc 1482253506 \
      FL C:/Users/riege/gpgit/RISC-Vhdl/RISC-Vhdl/DDR2_Ram_Core_controller_0.vhd \
      EN work/DDR2_Ram_Core_controller_0 1482253505 CP FD
FL C:/Users/riege/gpgit/RISC-Vhdl/RISC-Vhdl/DDR2_Ram_Core_controller_iobs_0.vhd 2016/11/11.15:56:38 P.20131013
EN work/DDR2_Ram_Core_controller_iobs_0 1482253491 \
      FL C:/Users/riege/gpgit/RISC-Vhdl/RISC-Vhdl/DDR2_Ram_Core_controller_iobs_0.vhd \
      LB UNISIM PB ieee/std_logic_1164 1381692176 PB ieee/STD_LOGIC_UNSIGNED 1381692179 \
      PH unisim/VCOMPONENTS 1381692182 PH work/DDR2_Ram_Core_parameters_0 1482253466
AR work/DDR2_Ram_Core_controller_iobs_0/arc 1482253492 \
      FL C:/Users/riege/gpgit/RISC-Vhdl/RISC-Vhdl/DDR2_Ram_Core_controller_iobs_0.vhd \
      EN work/DDR2_Ram_Core_controller_iobs_0 1482253491 CP FD CP OBUF CP label \
      CP IBUF
FL C:/Users/riege/gpgit/RISC-Vhdl/RISC-Vhdl/DDR2_Ram_Core_data_path_0.vhd 2016/11/11.15:56:38 P.20131013
EN work/DDR2_Ram_Core_data_path_0 1482253507 \
      FL C:/Users/riege/gpgit/RISC-Vhdl/RISC-Vhdl/DDR2_Ram_Core_data_path_0.vhd \
      LB UNISIM PB ieee/std_logic_1164 1381692176 PB ieee/STD_LOGIC_UNSIGNED 1381692179 \
      PH unisim/VCOMPONENTS 1381692182 PH work/DDR2_Ram_Core_parameters_0 1482253466
AR work/DDR2_Ram_Core_data_path_0/arc 1482253508 \
      FL C:/Users/riege/gpgit/RISC-Vhdl/RISC-Vhdl/DDR2_Ram_Core_data_path_0.vhd \
      EN work/DDR2_Ram_Core_data_path_0 1482253507 CP DDR2_Ram_Core_data_read_0 \
      CP DDR2_Ram_Core_data_read_controller_0 CP DDR2_Ram_Core_data_write_0
FL C:/Users/riege/gpgit/RISC-Vhdl/RISC-Vhdl/DDR2_Ram_Core_data_path_iobs_0.vhd 2016/11/11.15:56:38 P.20131013
EN work/DDR2_Ram_Core_data_path_iobs_0 1482253493 \
      FL C:/Users/riege/gpgit/RISC-Vhdl/RISC-Vhdl/DDR2_Ram_Core_data_path_iobs_0.vhd \
      PB ieee/std_logic_1164 1381692176 PB ieee/STD_LOGIC_UNSIGNED 1381692179 \
      LB UNISIM PH unisim/VCOMPONENTS 1381692182 \
      PH work/DDR2_Ram_Core_parameters_0 1482253466
AR work/DDR2_Ram_Core_data_path_iobs_0/arc 1482253494 \
      FL C:/Users/riege/gpgit/RISC-Vhdl/RISC-Vhdl/DDR2_Ram_Core_data_path_iobs_0.vhd \
      EN work/DDR2_Ram_Core_data_path_iobs_0 1482253493 \
      CP DDR2_Ram_Core_s3_dm_iob CP DDR2_Ram_Core_s3_dqs_iob \
      CP DDR2_Ram_Core_s3_dq_iob
FL C:/Users/riege/gpgit/RISC-Vhdl/RISC-Vhdl/DDR2_Ram_Core_data_read_0.vhd 2016/11/11.15:56:38 P.20131013
EN work/DDR2_Ram_Core_data_read_0 1482253495 \
      FL C:/Users/riege/gpgit/RISC-Vhdl/RISC-Vhdl/DDR2_Ram_Core_data_read_0.vhd \
      LB UNISIM PB ieee/std_logic_1164 1381692176 PB ieee/STD_LOGIC_UNSIGNED 1381692179 \
      PH unisim/VCOMPONENTS 1381692182 PH work/DDR2_Ram_Core_parameters_0 1482253466
AR work/DDR2_Ram_Core_data_read_0/arc 1482253496 \
      FL C:/Users/riege/gpgit/RISC-Vhdl/RISC-Vhdl/DDR2_Ram_Core_data_read_0.vhd \
      EN work/DDR2_Ram_Core_data_read_0 1482253495 CP DDR2_Ram_Core_rd_gray_cntr \
      CP DDR2_Ram_Core_ram8d_0
FL C:/Users/riege/gpgit/RISC-Vhdl/RISC-Vhdl/DDR2_Ram_Core_data_read_controller_0.vhd 2016/11/11.15:56:38 P.20131013
EN work/DDR2_Ram_Core_data_read_controller_0 1482253497 \
      FL C:/Users/riege/gpgit/RISC-Vhdl/RISC-Vhdl/DDR2_Ram_Core_data_read_controller_0.vhd \
      LB UNISIM PB ieee/std_logic_1164 1381692176 PB ieee/STD_LOGIC_UNSIGNED 1381692179 \
      PH unisim/VCOMPONENTS 1381692182 PH work/DDR2_Ram_Core_parameters_0 1482253466
AR work/DDR2_Ram_Core_data_read_controller_0/arc 1482253498 \
      FL C:/Users/riege/gpgit/RISC-Vhdl/RISC-Vhdl/DDR2_Ram_Core_data_read_controller_0.vhd \
      EN work/DDR2_Ram_Core_data_read_controller_0 1482253497 \
      CP DDR2_Ram_Core_dqs_delay CP label CP DDR2_Ram_Core_fifo_0_wr_en_0 \
      CP DDR2_Ram_Core_fifo_1_wr_en_0 CP DDR2_Ram_Core_wr_gray_cntr
FL C:/Users/riege/gpgit/RISC-Vhdl/RISC-Vhdl/DDR2_Ram_Core_data_write_0.vhd 2016/11/11.15:56:38 P.20131013
EN work/DDR2_Ram_Core_data_write_0 1482253499 \
      FL C:/Users/riege/gpgit/RISC-Vhdl/RISC-Vhdl/DDR2_Ram_Core_data_write_0.vhd \
      PB ieee/std_logic_1164 1381692176 PB ieee/STD_LOGIC_UNSIGNED 1381692179 \
      LB UNISIM PH unisim/VCOMPONENTS 1381692182 \
      PH work/DDR2_Ram_Core_parameters_0 1482253466
AR work/DDR2_Ram_Core_data_write_0/arc 1482253500 \
      FL C:/Users/riege/gpgit/RISC-Vhdl/RISC-Vhdl/DDR2_Ram_Core_data_write_0.vhd \
      EN work/DDR2_Ram_Core_data_write_0 1482253499
FL C:/Users/riege/gpgit/RISC-Vhdl/RISC-Vhdl/DDR2_Ram_Core_dqs_delay_0.vhd 2016/11/11.15:56:38 P.20131013
EN work/DDR2_Ram_Core_dqs_delay 1482253473 \
      FL C:/Users/riege/gpgit/RISC-Vhdl/RISC-Vhdl/DDR2_Ram_Core_dqs_delay_0.vhd \
      LB UNISIM PB ieee/std_logic_1164 1381692176 PB ieee/STD_LOGIC_UNSIGNED 1381692179 \
      PH unisim/VCOMPONENTS 1381692182
AR work/DDR2_Ram_Core_dqs_delay/arc_dqs_delay 1482253474 \
      FL C:/Users/riege/gpgit/RISC-Vhdl/RISC-Vhdl/DDR2_Ram_Core_dqs_delay_0.vhd \
      EN work/DDR2_Ram_Core_dqs_delay 1482253473 CP LUT4
FL C:/Users/riege/gpgit/RISC-Vhdl/RISC-Vhdl/DDR2_Ram_Core_fifo_0_wr_en_0.vhd 2016/11/11.15:56:38 P.20131013
EN work/DDR2_Ram_Core_fifo_0_wr_en_0 1482253475 \
      FL C:/Users/riege/gpgit/RISC-Vhdl/RISC-Vhdl/DDR2_Ram_Core_fifo_0_wr_en_0.vhd \
      LB UNISIM PB ieee/std_logic_1164 1381692176 PB ieee/STD_LOGIC_UNSIGNED 1381692179 \
      PH unisim/VCOMPONENTS 1381692182
AR work/DDR2_Ram_Core_fifo_0_wr_en_0/arc 1482253476 \
      FL C:/Users/riege/gpgit/RISC-Vhdl/RISC-Vhdl/DDR2_Ram_Core_fifo_0_wr_en_0.vhd \
      EN work/DDR2_Ram_Core_fifo_0_wr_en_0 1482253475 CP FDCE
FL C:/Users/riege/gpgit/RISC-Vhdl/RISC-Vhdl/DDR2_Ram_Core_fifo_1_wr_en_0.vhd 2016/11/11.15:56:38 P.20131013
EN work/DDR2_Ram_Core_fifo_1_wr_en_0 1482253477 \
      FL C:/Users/riege/gpgit/RISC-Vhdl/RISC-Vhdl/DDR2_Ram_Core_fifo_1_wr_en_0.vhd \
      LB UNISIM PB ieee/std_logic_1164 1381692176 PB ieee/STD_LOGIC_UNSIGNED 1381692179 \
      PH unisim/VCOMPONENTS 1381692182
AR work/DDR2_Ram_Core_fifo_1_wr_en_0/arc 1482253478 \
      FL C:/Users/riege/gpgit/RISC-Vhdl/RISC-Vhdl/DDR2_Ram_Core_fifo_1_wr_en_0.vhd \
      EN work/DDR2_Ram_Core_fifo_1_wr_en_0 1482253477 CP FDCE
FL C:/Users/riege/gpgit/RISC-Vhdl/RISC-Vhdl/DDR2_Ram_Core_infrastructure.vhd 2016/11/11.15:56:38 P.20131013
EN work/DDR2_Ram_Core_infrastructure 1482253509 \
      FL C:/Users/riege/gpgit/RISC-Vhdl/RISC-Vhdl/DDR2_Ram_Core_infrastructure.vhd \
      LB UNISIM PB ieee/std_logic_1164 1381692176 PB ieee/STD_LOGIC_UNSIGNED 1381692179 \
      PH unisim/VCOMPONENTS 1381692182
AR work/DDR2_Ram_Core_infrastructure/arc 1482253510 \
      FL C:/Users/riege/gpgit/RISC-Vhdl/RISC-Vhdl/DDR2_Ram_Core_infrastructure.vhd \
      EN work/DDR2_Ram_Core_infrastructure 1482253509
FL C:/Users/riege/gpgit/RISC-Vhdl/RISC-Vhdl/DDR2_Ram_Core_infrastructure_iobs_0.vhd 2016/11/11.15:56:38 P.20131013
EN work/DDR2_Ram_Core_infrastructure_iobs_0 1482253489 \
      FL C:/Users/riege/gpgit/RISC-Vhdl/RISC-Vhdl/DDR2_Ram_Core_infrastructure_iobs_0.vhd \
      LB UNISIM PB ieee/std_logic_1164 1381692176 PB ieee/STD_LOGIC_UNSIGNED 1381692179 \
      PH unisim/VCOMPONENTS 1381692182 PH work/DDR2_Ram_Core_parameters_0 1482253466
AR work/DDR2_Ram_Core_infrastructure_iobs_0/arc 1482253490 \
      FL C:/Users/riege/gpgit/RISC-Vhdl/RISC-Vhdl/DDR2_Ram_Core_infrastructure_iobs_0.vhd \
      EN work/DDR2_Ram_Core_infrastructure_iobs_0 1482253489 CP FDDRRSE CP OBUFDS
FL C:/Users/riege/gpgit/RISC-Vhdl/RISC-Vhdl/DDR2_Ram_Core_infrastructure_top.vhd 2016/11/11.15:56:38 P.20131013
EN work/DDR2_Ram_Core_infrastructure_top 1482253519 \
      FL C:/Users/riege/gpgit/RISC-Vhdl/RISC-Vhdl/DDR2_Ram_Core_infrastructure_top.vhd \
      LB UNISIM PB ieee/std_logic_1164 1381692176 PB ieee/STD_LOGIC_UNSIGNED 1381692179 \
      PH unisim/VCOMPONENTS 1381692182 PH work/DDR2_Ram_Core_parameters_0 1482253466
AR work/DDR2_Ram_Core_infrastructure_top/arc 1482253520 \
      FL C:/Users/riege/gpgit/RISC-Vhdl/RISC-Vhdl/DDR2_Ram_Core_infrastructure_top.vhd \
      EN work/DDR2_Ram_Core_infrastructure_top 1482253519 CP IBUFGDS_LVDS_25 \
      CP IBUFG CP DDR2_Ram_Core_clk_dcm CP DDR2_Ram_Core_cal_top
FL C:/Users/riege/gpgit/RISC-Vhdl/RISC-Vhdl/DDR2_Ram_Core_iobs_0.vhd 2016/11/11.15:56:38 P.20131013
EN work/DDR2_Ram_Core_iobs_0 1482253511 \
      FL C:/Users/riege/gpgit/RISC-Vhdl/RISC-Vhdl/DDR2_Ram_Core_iobs_0.vhd \
      PB ieee/std_logic_1164 1381692176 PB ieee/STD_LOGIC_UNSIGNED 1381692179 \
      PH work/DDR2_Ram_Core_parameters_0 1482253466 LB UNISIM \
      PH unisim/VCOMPONENTS 1381692182
AR work/DDR2_Ram_Core_iobs_0/arc 1482253512 \
      FL C:/Users/riege/gpgit/RISC-Vhdl/RISC-Vhdl/DDR2_Ram_Core_iobs_0.vhd \
      EN work/DDR2_Ram_Core_iobs_0 1482253511 \
      CP DDR2_Ram_Core_infrastructure_iobs_0 CP DDR2_Ram_Core_controller_iobs_0 \
      CP DDR2_Ram_Core_data_path_iobs_0
FL C:/Users/riege/gpgit/RISC-Vhdl/RISC-Vhdl/DDR2_Ram_Core_parameters_0.vhd 2016/11/11.15:56:38 P.20131013
PH work/DDR2_Ram_Core_parameters_0 1482253466 \
      FL C:/Users/riege/gpgit/RISC-Vhdl/RISC-Vhdl/DDR2_Ram_Core_parameters_0.vhd \
      LB UNISIM PB ieee/std_logic_1164 1381692176 PH unisim/VCOMPONENTS 1381692182
FL C:/Users/riege/gpgit/RISC-Vhdl/RISC-Vhdl/DDR2_Ram_Core_ram8d_0.vhd 2016/11/11.15:56:38 P.20131013
EN work/DDR2_Ram_Core_ram8d_0 1482253483 \
      FL C:/Users/riege/gpgit/RISC-Vhdl/RISC-Vhdl/DDR2_Ram_Core_ram8d_0.vhd \
      LB UNISIM PB ieee/std_logic_1164 1381692176 PB ieee/std_logic_arith 1381692177 \
      PB ieee/STD_LOGIC_UNSIGNED 1381692179 PH unisim/VCOMPONENTS 1381692182 \
      PH work/DDR2_Ram_Core_parameters_0 1482253466
AR work/DDR2_Ram_Core_ram8d_0/arc 1482253484 \
      FL C:/Users/riege/gpgit/RISC-Vhdl/RISC-Vhdl/DDR2_Ram_Core_ram8d_0.vhd \
      EN work/DDR2_Ram_Core_ram8d_0 1482253483 CP RAM16X1D
FL C:/Users/riege/gpgit/RISC-Vhdl/RISC-Vhdl/DDR2_Ram_Core_rd_gray_cntr.vhd 2016/11/11.15:56:38 P.20131013
EN work/DDR2_Ram_Core_rd_gray_cntr 1482253481 \
      FL C:/Users/riege/gpgit/RISC-Vhdl/RISC-Vhdl/DDR2_Ram_Core_rd_gray_cntr.vhd \
      LB UNISIM PB ieee/std_logic_1164 1381692176 PB ieee/std_logic_arith 1381692177 \
      PH unisim/VCOMPONENTS 1381692182
AR work/DDR2_Ram_Core_rd_gray_cntr/arc 1482253482 \
      FL C:/Users/riege/gpgit/RISC-Vhdl/RISC-Vhdl/DDR2_Ram_Core_rd_gray_cntr.vhd \
      EN work/DDR2_Ram_Core_rd_gray_cntr 1482253481 CP FDRE
FL C:/Users/riege/gpgit/RISC-Vhdl/RISC-Vhdl/DDR2_Ram_Core_s3_dm_iob.vhd 2016/11/11.15:56:38 P.20131013
EN work/DDR2_Ram_Core_s3_dm_iob 1482253467 \
      FL C:/Users/riege/gpgit/RISC-Vhdl/RISC-Vhdl/DDR2_Ram_Core_s3_dm_iob.vhd \
      LB UNISIM PB ieee/std_logic_1164 1381692176 PB ieee/STD_LOGIC_UNSIGNED 1381692179 \
      PH unisim/VCOMPONENTS 1381692182
AR work/DDR2_Ram_Core_s3_dm_iob/arc 1482253468 \
      FL C:/Users/riege/gpgit/RISC-Vhdl/RISC-Vhdl/DDR2_Ram_Core_s3_dm_iob.vhd \
      EN work/DDR2_Ram_Core_s3_dm_iob 1482253467 CP FDDRRSE CP OBUF
FL C:/Users/riege/gpgit/RISC-Vhdl/RISC-Vhdl/DDR2_Ram_Core_s3_dqs_iob.vhd 2016/11/11.15:56:38 P.20131013
EN work/DDR2_Ram_Core_s3_dqs_iob 1482253469 \
      FL C:/Users/riege/gpgit/RISC-Vhdl/RISC-Vhdl/DDR2_Ram_Core_s3_dqs_iob.vhd \
      PB ieee/std_logic_1164 1381692176 LB UNISIM PH unisim/VCOMPONENTS 1381692182
AR work/DDR2_Ram_Core_s3_dqs_iob/arc 1482253470 \
      FL C:/Users/riege/gpgit/RISC-Vhdl/RISC-Vhdl/DDR2_Ram_Core_s3_dqs_iob.vhd \
      EN work/DDR2_Ram_Core_s3_dqs_iob 1482253469 CP FD CP FDDRRSE CP OBUFTDS \
      CP IBUFDS
FL C:/Users/riege/gpgit/RISC-Vhdl/RISC-Vhdl/DDR2_Ram_Core_s3_dq_iob.vhd 2016/11/11.15:56:38 P.20131013
EN work/DDR2_Ram_Core_s3_dq_iob 1482253471 \
      FL C:/Users/riege/gpgit/RISC-Vhdl/RISC-Vhdl/DDR2_Ram_Core_s3_dq_iob.vhd \
      LB UNISIM PB ieee/std_logic_1164 1381692176 PB ieee/std_logic_arith 1381692177 \
      PH unisim/VCOMPONENTS 1381692182
AR work/DDR2_Ram_Core_s3_dq_iob/arc 1482253472 \
      FL C:/Users/riege/gpgit/RISC-Vhdl/RISC-Vhdl/DDR2_Ram_Core_s3_dq_iob.vhd \
      EN work/DDR2_Ram_Core_s3_dq_iob 1482253471 CP FDDRRSE CP FD CP OBUFT CP IBUF
FL C:/Users/riege/gpgit/RISC-Vhdl/RISC-Vhdl/DDR2_Ram_Core_tap_dly.vhd 2016/11/11.15:56:38 P.20131013
EN work/DDR2_Ram_Core_tap_dly 1482253487 \
      FL C:/Users/riege/gpgit/RISC-Vhdl/RISC-Vhdl/DDR2_Ram_Core_tap_dly.vhd \
      LB UNISIM PB ieee/std_logic_1164 1381692176 PB ieee/STD_LOGIC_UNSIGNED 1381692179 \
      PH unisim/VCOMPONENTS 1381692182
AR work/DDR2_Ram_Core_tap_dly/arc_tap_dly 1482253488 \
      FL C:/Users/riege/gpgit/RISC-Vhdl/RISC-Vhdl/DDR2_Ram_Core_tap_dly.vhd \
      EN work/DDR2_Ram_Core_tap_dly 1482253487 CP LUT4 CP FDR
FL C:/Users/riege/gpgit/RISC-Vhdl/RISC-Vhdl/DDR2_Ram_Core_top_0.vhd 2016/11/11.15:56:38 P.20131013
EN work/DDR2_Ram_Core_top_0 1482253517 \
      FL C:/Users/riege/gpgit/RISC-Vhdl/RISC-Vhdl/DDR2_Ram_Core_top_0.vhd \
      LB UNISIM PB ieee/std_logic_1164 1381692176 \
      PH work/DDR2_Ram_Core_parameters_0 1482253466 PH unisim/VCOMPONENTS 1381692182
AR work/DDR2_Ram_Core_top_0/arc 1482253518 \
      FL C:/Users/riege/gpgit/RISC-Vhdl/RISC-Vhdl/DDR2_Ram_Core_top_0.vhd \
      EN work/DDR2_Ram_Core_top_0 1482253517 CP DDR2_Ram_Core_controller_0 \
      CP DDR2_Ram_Core_data_path_0 CP DDR2_Ram_Core_infrastructure \
      CP DDR2_Ram_Core_iobs_0
FL C:/Users/riege/gpgit/RISC-Vhdl/RISC-Vhdl/DDR2_Ram_Core_wr_gray_cntr.vhd 2016/11/11.15:56:38 P.20131013
EN work/DDR2_Ram_Core_wr_gray_cntr 1482253479 \
      FL C:/Users/riege/gpgit/RISC-Vhdl/RISC-Vhdl/DDR2_Ram_Core_wr_gray_cntr.vhd \
      LB UNISIM PB ieee/std_logic_1164 1381692176 PB ieee/std_logic_arith 1381692177 \
      PH unisim/VCOMPONENTS 1381692182
AR work/DDR2_Ram_Core_wr_gray_cntr/arc 1482253480 \
      FL C:/Users/riege/gpgit/RISC-Vhdl/RISC-Vhdl/DDR2_Ram_Core_wr_gray_cntr.vhd \
      EN work/DDR2_Ram_Core_wr_gray_cntr 1482253479 CP FDCE
FL C:/Users/riege/gpgit/RISC-Vhdl/RISC-Vhdl/DDR2_Read_VHDL.vhd 2016/11/11.15:56:38 P.20131013
EN work/DDR2_Read_VHDL 1482253515 \
      FL C:/Users/riege/gpgit/RISC-Vhdl/RISC-Vhdl/DDR2_Read_VHDL.vhd \
      PB ieee/std_logic_1164 1381692176 PB ieee/std_logic_arith 1381692177 \
      PB ieee/STD_LOGIC_UNSIGNED 1381692179
AR work/DDR2_Read_VHDL/Verhalten 1482253516 \
      FL C:/Users/riege/gpgit/RISC-Vhdl/RISC-Vhdl/DDR2_Read_VHDL.vhd \
      EN work/DDR2_Read_VHDL 1482253515
FL C:/Users/riege/gpgit/RISC-Vhdl/RISC-Vhdl/DDR2_Write_VHDL.vhd 2016/11/11.15:56:38 P.20131013
EN work/DDR2_Write_VHDL 1482253513 \
      FL C:/Users/riege/gpgit/RISC-Vhdl/RISC-Vhdl/DDR2_Write_VHDL.vhd \
      PB ieee/std_logic_1164 1381692176 PB ieee/std_logic_arith 1381692177 \
      PB ieee/STD_LOGIC_UNSIGNED 1381692179
AR work/DDR2_Write_VHDL/Verhalten 1482253514 \
      FL C:/Users/riege/gpgit/RISC-Vhdl/RISC-Vhdl/DDR2_Write_VHDL.vhd \
      EN work/DDR2_Write_VHDL 1482253513
FL C:/Users/riege/gpgit/RISC-Vhdl/RISC-Vhdl/ipcore_dir/vga_clk.vhd 2016/12/20.17:49:44 P.20131013
EN work/vga_clk 1482253543 \
      FL C:/Users/riege/gpgit/RISC-Vhdl/RISC-Vhdl/ipcore_dir/vga_clk.vhd \
      PB ieee/std_logic_1164 1381692176 PB ieee/NUMERIC_STD 1381692181 LB UNISIM \
      PH unisim/VCOMPONENTS 1381692182
AR work/vga_clk/BEHAVIORAL 1482253544 \
      FL C:/Users/riege/gpgit/RISC-Vhdl/RISC-Vhdl/ipcore_dir/vga_clk.vhd \
      EN work/vga_clk 1482253543 CP BUFG CP DCM_SP
FL C:/Users/riege/gpgit/RISC-Vhdl/RISC-Vhdl/MMU.vhd 2016/12/11.21:59:23 P.20131013
EN work/MMU 1482253547 FL C:/Users/riege/gpgit/RISC-Vhdl/RISC-Vhdl/MMU.vhd \
      PB ieee/std_logic_1164 1381692176 PB ieee/NUMERIC_STD 1381692181
AR work/MMU/Behavioral 1482253548 \
      FL C:/Users/riege/gpgit/RISC-Vhdl/RISC-Vhdl/MMU.vhd EN work/MMU 1482253547 \
      CP BLOCKRAM CP CHARRAM CP DDR2_Control_VHDL
FL C:/Users/riege/gpgit/RISC-Vhdl/RISC-Vhdl/toplevel.vhd 2016/12/20.15:59:54 P.20131013
EN work/toplevel 1482253551 \
      FL C:/Users/riege/gpgit/RISC-Vhdl/RISC-Vhdl/toplevel.vhd \
      PB ieee/std_logic_1164 1381692176 PB ieee/NUMERIC_STD 1381692181 LB UNISIM \
      PH unisim/VCOMPONENTS 1381692182
AR work/toplevel/behaviour 1482253552 \
      FL C:/Users/riege/gpgit/RISC-Vhdl/RISC-Vhdl/toplevel.vhd EN work/toplevel 1482253551 \
      CP Clock_VHDL CP clk133m_dcm CP OBUF CP ASCIIUNIT CP vga CP vga_clk CP work/cpu \
      CP MMU CP DDR2_Ram_Core
FL C:/Users/riege/gpgit/RISC-Vhdl/RISC-Vhdl/vga.vhd 2016/11/15.13:25:40 P.20131013
EN work/vga 1482253541 FL C:/Users/riege/gpgit/RISC-Vhdl/RISC-Vhdl/vga.vhd \
      PB ieee/std_logic_1164 1381692176 PB ieee/NUMERIC_STD 1381692181
AR work/vga/behaviour 1482253542 \
      FL C:/Users/riege/gpgit/RISC-Vhdl/RISC-Vhdl/vga.vhd EN work/vga 1482253541
FL D:/RISC-Vhdl-0bd48d7e30d8f8b239e80e83ffcee580636728ec/RISC-Vhdl-0bd48d7e30d8f8b239e80e83ffcee580636728ec/ALU.vhd 2016/12/14.11:06:06 P.20131013
FL D:/RISC-Vhdl-0bd48d7e30d8f8b239e80e83ffcee580636728ec/RISC-Vhdl-0bd48d7e30d8f8b239e80e83ffcee580636728ec/ASCIIUNIT.vhd 2016/12/14.11:06:06 P.20131013
FL D:/RISC-Vhdl-0bd48d7e30d8f8b239e80e83ffcee580636728ec/RISC-Vhdl-0bd48d7e30d8f8b239e80e83ffcee580636728ec/BLOCKRAM.vhd 2016/12/14.11:35:40 P.20131013
FL D:/RISC-Vhdl-0bd48d7e30d8f8b239e80e83ffcee580636728ec/RISC-Vhdl-0bd48d7e30d8f8b239e80e83ffcee580636728ec/CHARMAP.vhd 2016/12/14.11:06:06 P.20131013
FL D:/RISC-Vhdl-0bd48d7e30d8f8b239e80e83ffcee580636728ec/RISC-Vhdl-0bd48d7e30d8f8b239e80e83ffcee580636728ec/CHARRAM.vhd 2016/12/14.11:06:06 P.20131013
FL D:/RISC-Vhdl-0bd48d7e30d8f8b239e80e83ffcee580636728ec/RISC-Vhdl-0bd48d7e30d8f8b239e80e83ffcee580636728ec/clk133m_dcm.vhd 2016/12/14.11:06:06 P.20131013
FL D:/RISC-Vhdl-0bd48d7e30d8f8b239e80e83ffcee580636728ec/RISC-Vhdl-0bd48d7e30d8f8b239e80e83ffcee580636728ec/ClockDivider.vhd 2016/12/14.11:06:06 P.20131013
FL D:/RISC-Vhdl-0bd48d7e30d8f8b239e80e83ffcee580636728ec/RISC-Vhdl-0bd48d7e30d8f8b239e80e83ffcee580636728ec/Clock_VHDL.vhd 2016/12/14.11:06:06 P.20131013
FL D:/RISC-Vhdl-0bd48d7e30d8f8b239e80e83ffcee580636728ec/RISC-Vhdl-0bd48d7e30d8f8b239e80e83ffcee580636728ec/CPU.vhd 2016/12/14.11:06:06 P.20131013
FL D:/RISC-Vhdl-0bd48d7e30d8f8b239e80e83ffcee580636728ec/RISC-Vhdl-0bd48d7e30d8f8b239e80e83ffcee580636728ec/CU.vhd 2016/12/14.11:06:06 P.20131013
FL D:/RISC-Vhdl-0bd48d7e30d8f8b239e80e83ffcee580636728ec/RISC-Vhdl-0bd48d7e30d8f8b239e80e83ffcee580636728ec/DDR2_Control_VHDL.vhd 2016/12/14.11:06:06 P.20131013
FL D:/RISC-Vhdl-0bd48d7e30d8f8b239e80e83ffcee580636728ec/RISC-Vhdl-0bd48d7e30d8f8b239e80e83ffcee580636728ec/DDR2_Ram_Core.vhd 2016/12/14.11:06:06 P.20131013
FL D:/RISC-Vhdl-0bd48d7e30d8f8b239e80e83ffcee580636728ec/RISC-Vhdl-0bd48d7e30d8f8b239e80e83ffcee580636728ec/DDR2_Ram_Core_cal_ctl.vhd 2016/12/14.11:06:06 P.20131013
FL D:/RISC-Vhdl-0bd48d7e30d8f8b239e80e83ffcee580636728ec/RISC-Vhdl-0bd48d7e30d8f8b239e80e83ffcee580636728ec/DDR2_Ram_Core_cal_top.vhd 2016/12/14.11:06:06 P.20131013
FL D:/RISC-Vhdl-0bd48d7e30d8f8b239e80e83ffcee580636728ec/RISC-Vhdl-0bd48d7e30d8f8b239e80e83ffcee580636728ec/DDR2_Ram_Core_clk_dcm.vhd 2016/12/14.11:06:06 P.20131013
FL D:/RISC-Vhdl-0bd48d7e30d8f8b239e80e83ffcee580636728ec/RISC-Vhdl-0bd48d7e30d8f8b239e80e83ffcee580636728ec/DDR2_Ram_Core_controller_0.vhd 2016/12/14.11:06:06 P.20131013
FL D:/RISC-Vhdl-0bd48d7e30d8f8b239e80e83ffcee580636728ec/RISC-Vhdl-0bd48d7e30d8f8b239e80e83ffcee580636728ec/DDR2_Ram_Core_controller_iobs_0.vhd 2016/12/14.11:06:06 P.20131013
FL D:/RISC-Vhdl-0bd48d7e30d8f8b239e80e83ffcee580636728ec/RISC-Vhdl-0bd48d7e30d8f8b239e80e83ffcee580636728ec/DDR2_Ram_Core_data_path_0.vhd 2016/12/14.11:06:06 P.20131013
FL D:/RISC-Vhdl-0bd48d7e30d8f8b239e80e83ffcee580636728ec/RISC-Vhdl-0bd48d7e30d8f8b239e80e83ffcee580636728ec/DDR2_Ram_Core_data_path_iobs_0.vhd 2016/12/14.11:06:06 P.20131013
FL D:/RISC-Vhdl-0bd48d7e30d8f8b239e80e83ffcee580636728ec/RISC-Vhdl-0bd48d7e30d8f8b239e80e83ffcee580636728ec/DDR2_Ram_Core_data_read_0.vhd 2016/12/14.11:06:06 P.20131013
FL D:/RISC-Vhdl-0bd48d7e30d8f8b239e80e83ffcee580636728ec/RISC-Vhdl-0bd48d7e30d8f8b239e80e83ffcee580636728ec/DDR2_Ram_Core_data_read_controller_0.vhd 2016/12/14.11:06:06 P.20131013
FL D:/RISC-Vhdl-0bd48d7e30d8f8b239e80e83ffcee580636728ec/RISC-Vhdl-0bd48d7e30d8f8b239e80e83ffcee580636728ec/DDR2_Ram_Core_data_write_0.vhd 2016/12/14.11:06:06 P.20131013
FL D:/RISC-Vhdl-0bd48d7e30d8f8b239e80e83ffcee580636728ec/RISC-Vhdl-0bd48d7e30d8f8b239e80e83ffcee580636728ec/DDR2_Ram_Core_dqs_delay_0.vhd 2016/12/14.11:06:06 P.20131013
FL D:/RISC-Vhdl-0bd48d7e30d8f8b239e80e83ffcee580636728ec/RISC-Vhdl-0bd48d7e30d8f8b239e80e83ffcee580636728ec/DDR2_Ram_Core_fifo_0_wr_en_0.vhd 2016/12/14.11:06:06 P.20131013
FL D:/RISC-Vhdl-0bd48d7e30d8f8b239e80e83ffcee580636728ec/RISC-Vhdl-0bd48d7e30d8f8b239e80e83ffcee580636728ec/DDR2_Ram_Core_fifo_1_wr_en_0.vhd 2016/12/14.11:06:06 P.20131013
FL D:/RISC-Vhdl-0bd48d7e30d8f8b239e80e83ffcee580636728ec/RISC-Vhdl-0bd48d7e30d8f8b239e80e83ffcee580636728ec/DDR2_Ram_Core_infrastructure.vhd 2016/12/14.11:06:06 P.20131013
FL D:/RISC-Vhdl-0bd48d7e30d8f8b239e80e83ffcee580636728ec/RISC-Vhdl-0bd48d7e30d8f8b239e80e83ffcee580636728ec/DDR2_Ram_Core_infrastructure_iobs_0.vhd 2016/12/14.11:06:06 P.20131013
FL D:/RISC-Vhdl-0bd48d7e30d8f8b239e80e83ffcee580636728ec/RISC-Vhdl-0bd48d7e30d8f8b239e80e83ffcee580636728ec/DDR2_Ram_Core_infrastructure_top.vhd 2016/12/14.11:06:06 P.20131013
FL D:/RISC-Vhdl-0bd48d7e30d8f8b239e80e83ffcee580636728ec/RISC-Vhdl-0bd48d7e30d8f8b239e80e83ffcee580636728ec/DDR2_Ram_Core_iobs_0.vhd 2016/12/14.11:06:06 P.20131013
FL D:/RISC-Vhdl-0bd48d7e30d8f8b239e80e83ffcee580636728ec/RISC-Vhdl-0bd48d7e30d8f8b239e80e83ffcee580636728ec/DDR2_Ram_Core_parameters_0.vhd 2016/12/14.11:06:06 P.20131013
FL D:/RISC-Vhdl-0bd48d7e30d8f8b239e80e83ffcee580636728ec/RISC-Vhdl-0bd48d7e30d8f8b239e80e83ffcee580636728ec/DDR2_Ram_Core_ram8d_0.vhd 2016/12/14.11:06:06 P.20131013
FL D:/RISC-Vhdl-0bd48d7e30d8f8b239e80e83ffcee580636728ec/RISC-Vhdl-0bd48d7e30d8f8b239e80e83ffcee580636728ec/DDR2_Ram_Core_rd_gray_cntr.vhd 2016/12/14.11:06:06 P.20131013
FL D:/RISC-Vhdl-0bd48d7e30d8f8b239e80e83ffcee580636728ec/RISC-Vhdl-0bd48d7e30d8f8b239e80e83ffcee580636728ec/DDR2_Ram_Core_s3_dm_iob.vhd 2016/12/14.11:06:06 P.20131013
FL D:/RISC-Vhdl-0bd48d7e30d8f8b239e80e83ffcee580636728ec/RISC-Vhdl-0bd48d7e30d8f8b239e80e83ffcee580636728ec/DDR2_Ram_Core_s3_dqs_iob.vhd 2016/12/14.11:06:06 P.20131013
FL D:/RISC-Vhdl-0bd48d7e30d8f8b239e80e83ffcee580636728ec/RISC-Vhdl-0bd48d7e30d8f8b239e80e83ffcee580636728ec/DDR2_Ram_Core_s3_dq_iob.vhd 2016/12/14.11:06:06 P.20131013
FL D:/RISC-Vhdl-0bd48d7e30d8f8b239e80e83ffcee580636728ec/RISC-Vhdl-0bd48d7e30d8f8b239e80e83ffcee580636728ec/DDR2_Ram_Core_tap_dly.vhd 2016/12/14.11:06:06 P.20131013
FL D:/RISC-Vhdl-0bd48d7e30d8f8b239e80e83ffcee580636728ec/RISC-Vhdl-0bd48d7e30d8f8b239e80e83ffcee580636728ec/DDR2_Ram_Core_top_0.vhd 2016/12/14.11:06:06 P.20131013
FL D:/RISC-Vhdl-0bd48d7e30d8f8b239e80e83ffcee580636728ec/RISC-Vhdl-0bd48d7e30d8f8b239e80e83ffcee580636728ec/DDR2_Ram_Core_wr_gray_cntr.vhd 2016/12/14.11:06:06 P.20131013
FL D:/RISC-Vhdl-0bd48d7e30d8f8b239e80e83ffcee580636728ec/RISC-Vhdl-0bd48d7e30d8f8b239e80e83ffcee580636728ec/DDR2_Read_VHDL.vhd 2016/12/14.11:06:06 P.20131013
FL D:/RISC-Vhdl-0bd48d7e30d8f8b239e80e83ffcee580636728ec/RISC-Vhdl-0bd48d7e30d8f8b239e80e83ffcee580636728ec/DDR2_Write_VHDL.vhd 2016/12/14.11:06:06 P.20131013
FL D:/RISC-Vhdl-0bd48d7e30d8f8b239e80e83ffcee580636728ec/RISC-Vhdl-0bd48d7e30d8f8b239e80e83ffcee580636728ec/ipcore_dir/vga_clk.vhd 2016/12/14.11:06:08 P.20131013
FL D:/RISC-Vhdl-0bd48d7e30d8f8b239e80e83ffcee580636728ec/RISC-Vhdl-0bd48d7e30d8f8b239e80e83ffcee580636728ec/MMU.vhd 2016/12/14.11:06:06 P.20131013
FL D:/RISC-Vhdl-0bd48d7e30d8f8b239e80e83ffcee580636728ec/RISC-Vhdl-0bd48d7e30d8f8b239e80e83ffcee580636728ec/toplevel.vhd 2016/12/14.11:06:06 P.20131013
FL D:/RISC-Vhdl-0bd48d7e30d8f8b239e80e83ffcee580636728ec/RISC-Vhdl-0bd48d7e30d8f8b239e80e83ffcee580636728ec/vga.vhd 2016/12/14.11:06:06 P.20131013
FL D:/RISC-Vhdl/ALU.vhd 2016/12/14.11:06:06 P.20131013
FL D:/RISC-Vhdl/ASCIIUNIT.vhd 2016/12/14.11:06:06 P.20131013
FL D:/RISC-Vhdl/BLOCKRAM.vhd 2016/12/20.16:20:08 P.20131013
FL D:/RISC-Vhdl/CHARMAP.vhd 2016/12/14.11:06:06 P.20131013
FL D:/RISC-Vhdl/CHARRAM.vhd 2016/12/14.11:06:06 P.20131013
FL D:/RISC-Vhdl/clk133m_dcm.vhd 2016/12/14.11:06:06 P.20131013
FL D:/RISC-Vhdl/ClockDivider.vhd 2016/12/14.11:06:06 P.20131013
FL D:/RISC-Vhdl/Clock_VHDL.vhd 2016/12/14.11:06:06 P.20131013
FL D:/RISC-Vhdl/CPU.vhd 2016/12/14.11:06:06 P.20131013
FL D:/RISC-Vhdl/CU.vhd 2016/12/20.16:32:47 P.20131013
FL D:/RISC-Vhdl/DDR2_Control_VHDL.vhd 2016/12/14.11:06:06 P.20131013
FL D:/RISC-Vhdl/DDR2_Ram_Core.vhd 2016/12/14.11:06:06 P.20131013
FL D:/RISC-Vhdl/DDR2_Ram_Core_cal_ctl.vhd 2016/12/14.11:06:06 P.20131013
FL D:/RISC-Vhdl/DDR2_Ram_Core_cal_top.vhd 2016/12/14.11:06:06 P.20131013
FL D:/RISC-Vhdl/DDR2_Ram_Core_clk_dcm.vhd 2016/12/14.11:06:06 P.20131013
FL D:/RISC-Vhdl/DDR2_Ram_Core_controller_0.vhd 2016/12/14.11:06:06 P.20131013
FL D:/RISC-Vhdl/DDR2_Ram_Core_controller_iobs_0.vhd 2016/12/14.11:06:06 P.20131013
FL D:/RISC-Vhdl/DDR2_Ram_Core_data_path_0.vhd 2016/12/14.11:06:06 P.20131013
FL D:/RISC-Vhdl/DDR2_Ram_Core_data_path_iobs_0.vhd 2016/12/14.11:06:06 P.20131013
FL D:/RISC-Vhdl/DDR2_Ram_Core_data_read_0.vhd 2016/12/14.11:06:06 P.20131013
FL D:/RISC-Vhdl/DDR2_Ram_Core_data_read_controller_0.vhd 2016/12/14.11:06:06 P.20131013
FL D:/RISC-Vhdl/DDR2_Ram_Core_data_write_0.vhd 2016/12/14.11:06:06 P.20131013
FL D:/RISC-Vhdl/DDR2_Ram_Core_dqs_delay_0.vhd 2016/12/14.11:06:06 P.20131013
FL D:/RISC-Vhdl/DDR2_Ram_Core_fifo_0_wr_en_0.vhd 2016/12/14.11:06:06 P.20131013
FL D:/RISC-Vhdl/DDR2_Ram_Core_fifo_1_wr_en_0.vhd 2016/12/14.11:06:06 P.20131013
FL D:/RISC-Vhdl/DDR2_Ram_Core_infrastructure.vhd 2016/12/14.11:06:06 P.20131013
FL D:/RISC-Vhdl/DDR2_Ram_Core_infrastructure_iobs_0.vhd 2016/12/14.11:06:06 P.20131013
FL D:/RISC-Vhdl/DDR2_Ram_Core_infrastructure_top.vhd 2016/12/14.11:06:06 P.20131013
FL D:/RISC-Vhdl/DDR2_Ram_Core_iobs_0.vhd 2016/12/14.11:06:06 P.20131013
FL D:/RISC-Vhdl/DDR2_Ram_Core_parameters_0.vhd 2016/12/14.11:06:06 P.20131013
FL D:/RISC-Vhdl/DDR2_Ram_Core_ram8d_0.vhd 2016/12/14.11:06:06 P.20131013
FL D:/RISC-Vhdl/DDR2_Ram_Core_rd_gray_cntr.vhd 2016/12/14.11:06:06 P.20131013
FL D:/RISC-Vhdl/DDR2_Ram_Core_s3_dm_iob.vhd 2016/12/14.11:06:06 P.20131013
FL D:/RISC-Vhdl/DDR2_Ram_Core_s3_dqs_iob.vhd 2016/12/14.11:06:06 P.20131013
FL D:/RISC-Vhdl/DDR2_Ram_Core_s3_dq_iob.vhd 2016/12/14.11:06:06 P.20131013
FL D:/RISC-Vhdl/DDR2_Ram_Core_tap_dly.vhd 2016/12/14.11:06:06 P.20131013
FL D:/RISC-Vhdl/DDR2_Ram_Core_top_0.vhd 2016/12/14.11:06:06 P.20131013
FL D:/RISC-Vhdl/DDR2_Ram_Core_wr_gray_cntr.vhd 2016/12/14.11:06:06 P.20131013
FL D:/RISC-Vhdl/DDR2_Read_VHDL.vhd 2016/12/14.11:06:06 P.20131013
FL D:/RISC-Vhdl/DDR2_Write_VHDL.vhd 2016/12/14.11:06:06 P.20131013
FL D:/RISC-Vhdl/ipcore_dir/vga_clk.vhd 2016/12/14.11:06:08 P.20131013
FL D:/RISC-Vhdl/MMU.vhd 2016/12/14.11:06:06 P.20131013
FL D:/RISC-Vhdl/toplevel.vhd 2016/12/20.16:17:59 P.20131013
FL D:/RISC-Vhdl/vga.vhd 2016/12/14.11:06:06 P.20131013
