EN ddr2_ram_core_infrastructure_top NULL C:/Users/riege/gpgit/RISC-Vhdl/RISCV/DDR2_Ram_Core_infrastructure_top.vhd sub00/vhpl49 1473245297
AR ddr2_ram_core_infrastructure arc C:/Users/riege/gpgit/RISC-Vhdl/RISCV/DDR2_Ram_Core_infrastructure.vhd sub00/vhpl44 1473245288
AR ddr2_ram_core_data_path_0 arc C:/Users/riege/gpgit/RISC-Vhdl/RISCV/DDR2_Ram_Core_data_path_0.vhd sub00/vhpl42 1473245286
EN clockdivider NULL C:/Users/riege/gpgit/RISC-Vhdl/RISCV/ClockDivider.vhd sub00/vhpl59 1473245305
AR ddr2_write_vhdl verhalten C:/Users/riege/gpgit/RISC-Vhdl/RISCV/DDR2_Write_VHDL.vhd sub00/vhpl52 1473245292
AR ddr2_ram_core_ram8d_0 arc C:/Users/riege/gpgit/RISC-Vhdl/RISCV/DDR2_Ram_Core_ram8d_0.vhd sub00/vhpl18 1473245262
EN ddr2_ram_core_dqs_delay NULL C:/Users/riege/gpgit/RISC-Vhdl/RISCV/DDR2_Ram_Core_dqs_delay_0.vhd sub00/vhpl07 1473245251
EN ddr2_ram_core_data_write_0 NULL C:/Users/riege/gpgit/RISC-Vhdl/RISCV/DDR2_Ram_Core_data_write_0.vhd sub00/vhpl33 1473245277
AR ddr2_read_vhdl verhalten C:/Users/riege/gpgit/RISC-Vhdl/RISCV/DDR2_Read_VHDL.vhd sub00/vhpl54 1473245294
AR ddr2_ram_core_top_0 arc C:/Users/riege/gpgit/RISC-Vhdl/RISCV/DDR2_Ram_Core_top_0.vhd sub00/vhpl48 1473245296
EN ddr2_ram_core_wr_gray_cntr NULL C:/Users/riege/gpgit/RISC-Vhdl/RISCV/DDR2_Ram_Core_wr_gray_cntr.vhd sub00/vhpl13 1473245257
EN ddr2_ram_core_cal_ctl NULL C:/Users/riege/gpgit/RISC-Vhdl/RISCV/DDR2_Ram_Core_cal_ctl.vhd sub00/vhpl19 1473245263
EN ddr2_ram_core_infrastructure NULL C:/Users/riege/gpgit/RISC-Vhdl/RISCV/DDR2_Ram_Core_infrastructure.vhd sub00/vhpl43 1473245287
AR ddr2_ram_core_infrastructure_top arc C:/Users/riege/gpgit/RISC-Vhdl/RISCV/DDR2_Ram_Core_infrastructure_top.vhd sub00/vhpl50 1473245298
AR alu behavioral C:/Users/riege/gpgit/RISC-Vhdl/RISCV/ALU.vhd sub00/vhpl58 1473245304
AR ddr2_ram_core_s3_dq_iob arc C:/Users/riege/gpgit/RISC-Vhdl/RISCV/DDR2_Ram_Core_s3_dq_iob.vhd sub00/vhpl06 1473245250
AR clk133m_dcm behavioral C:/Users/riege/gpgit/RISC-Vhdl/RISCV/clk133m_dcm.vhd sub00/vhpl64 1473245310
AR ddr2_ram_core_controller_iobs_0 arc C:/Users/riege/gpgit/RISC-Vhdl/RISCV/DDR2_Ram_Core_controller_iobs_0.vhd sub00/vhpl26 1473245270
EN clock_vhdl NULL C:/Users/riege/gpgit/RISC-Vhdl/RISCV/Clock_VHDL.vhd sub00/vhpl61 1473245307
EN ddr2_ram_core_data_path_iobs_0 NULL C:/Users/riege/gpgit/RISC-Vhdl/RISCV/DDR2_Ram_Core_data_path_iobs_0.vhd sub00/vhpl27 1473245271
AR ddr2_ram_core_rd_gray_cntr arc C:/Users/riege/gpgit/RISC-Vhdl/RISCV/DDR2_Ram_Core_rd_gray_cntr.vhd sub00/vhpl16 1473245260
EN ddr2_ram_core_cal_top NULL C:/Users/riege/gpgit/RISC-Vhdl/RISCV/DDR2_Ram_Core_cal_top.vhd sub00/vhpl37 1473245281
EN ddr2_ram_core_s3_dq_iob NULL C:/Users/riege/gpgit/RISC-Vhdl/RISCV/DDR2_Ram_Core_s3_dq_iob.vhd sub00/vhpl05 1473245249
AR cpu behavioral C:/Users/riege/gpgit/RISC-Vhdl/RISCV/CPU.vhd sub00/vhpl70 1473245316
AR ddr2_ram_core_s3_dqs_iob arc C:/Users/riege/gpgit/RISC-Vhdl/RISCV/DDR2_Ram_Core_s3_dqs_iob.vhd sub00/vhpl04 1473245248
EN ddr2_ram_core_controller_0 NULL C:/Users/riege/gpgit/RISC-Vhdl/RISCV/DDR2_Ram_Core_controller_0.vhd sub00/vhpl39 1473245283
AR ddr2_ram_core_cal_top arc C:/Users/riege/gpgit/RISC-Vhdl/RISCV/DDR2_Ram_Core_cal_top.vhd sub00/vhpl38 1473245282
EN ddr2_ram_core_s3_dm_iob NULL C:/Users/riege/gpgit/RISC-Vhdl/RISCV/DDR2_Ram_Core_s3_dm_iob.vhd sub00/vhpl01 1473245245
AR ddr2_ram_core_tap_dly arc_tap_dly C:/Users/riege/gpgit/RISC-Vhdl/RISCV/DDR2_Ram_Core_tap_dly.vhd sub00/vhpl22 1473245266
EN cpu NULL C:/Users/riege/gpgit/RISC-Vhdl/RISCV/CPU.vhd sub00/vhpl69 1473245315
AR ddr2_ram_core_s3_dm_iob arc C:/Users/riege/gpgit/RISC-Vhdl/RISCV/DDR2_Ram_Core_s3_dm_iob.vhd sub00/vhpl02 1473245246
AR ddr2_ram_core_dqs_delay arc_dqs_delay C:/Users/riege/gpgit/RISC-Vhdl/RISCV/DDR2_Ram_Core_dqs_delay_0.vhd sub00/vhpl08 1473245252
AR ddr2_ram_core_fifo_0_wr_en_0 arc C:/Users/riege/gpgit/RISC-Vhdl/RISCV/DDR2_Ram_Core_fifo_0_wr_en_0.vhd sub00/vhpl10 1473245254
EN ddr2_ram_core_infrastructure_iobs_0 NULL C:/Users/riege/gpgit/RISC-Vhdl/RISCV/DDR2_Ram_Core_infrastructure_iobs_0.vhd sub00/vhpl23 1473245267
EN ddr2_ram_core_tap_dly NULL C:/Users/riege/gpgit/RISC-Vhdl/RISCV/DDR2_Ram_Core_tap_dly.vhd sub00/vhpl21 1473245265
AR vga_clk behavioral C:/Users/riege/gpgit/RISC-Vhdl/RISCV/ipcore_dir/vga_clk.vhd sub00/vhpl68 1473245314
EN toplevel NULL C:/Users/riege/gpgit/RISC-Vhdl/RISCV/toplevel.vhd sub00/vhpl75 1473245321
EN vga NULL C:/Users/riege/gpgit/RISC-Vhdl/RISCV/vga.vhd sub00/vhpl65 1473245311
AR ddr2_ram_core_cal_ctl arc_cal_ctl C:/Users/riege/gpgit/RISC-Vhdl/RISCV/DDR2_Ram_Core_cal_ctl.vhd sub00/vhpl20 1473245264
AR ddr2_ram_core_iobs_0 arc C:/Users/riege/gpgit/RISC-Vhdl/RISCV/DDR2_Ram_Core_iobs_0.vhd sub00/vhpl46 1473245290
EN ddr2_ram_core_data_path_0 NULL C:/Users/riege/gpgit/RISC-Vhdl/RISCV/DDR2_Ram_Core_data_path_0.vhd sub00/vhpl41 1473245285
AR ddr2_ram_core arc_mem_interface_top C:/Users/riege/gpgit/RISC-Vhdl/RISCV/DDR2_Ram_Core.vhd sub00/vhpl74 1473245320
AR ddr2_ram_core_data_write_0 arc C:/Users/riege/gpgit/RISC-Vhdl/RISCV/DDR2_Ram_Core_data_write_0.vhd sub00/vhpl34 1473245278
EN ddr2_ram_core_data_read_controller_0 NULL C:/Users/riege/gpgit/RISC-Vhdl/RISCV/DDR2_Ram_Core_data_read_controller_0.vhd sub00/vhpl31 1473245275
EN ddr2_ram_core_rd_gray_cntr NULL C:/Users/riege/gpgit/RISC-Vhdl/RISCV/DDR2_Ram_Core_rd_gray_cntr.vhd sub00/vhpl15 1473245259
EN ddr2_write_vhdl NULL C:/Users/riege/gpgit/RISC-Vhdl/RISCV/DDR2_Write_VHDL.vhd sub00/vhpl51 1473245291
EN mmu NULL C:/Users/riege/gpgit/RISC-Vhdl/RISCV/MMU.vhd sub00/vhpl77 1473245317
EN ddr2_control_vhdl NULL C:/Users/riege/gpgit/RISC-Vhdl/RISCV/DDR2_Control_VHDL.vhd sub00/vhpl71 1473245299
AR ddr2_ram_core_data_path_iobs_0 arc C:/Users/riege/gpgit/RISC-Vhdl/RISCV/DDR2_Ram_Core_data_path_iobs_0.vhd sub00/vhpl28 1473245272
AR ddr2_ram_core_data_read_0 arc C:/Users/riege/gpgit/RISC-Vhdl/RISCV/DDR2_Ram_Core_data_read_0.vhd sub00/vhpl30 1473245274
EN ddr2_ram_core_iobs_0 NULL C:/Users/riege/gpgit/RISC-Vhdl/RISCV/DDR2_Ram_Core_iobs_0.vhd sub00/vhpl45 1473245289
EN ddr2_ram_core_top_0 NULL C:/Users/riege/gpgit/RISC-Vhdl/RISCV/DDR2_Ram_Core_top_0.vhd sub00/vhpl47 1473245295
EN vga_clk NULL C:/Users/riege/gpgit/RISC-Vhdl/RISCV/ipcore_dir/vga_clk.vhd sub00/vhpl67 1473245313
AR vga behaviour C:/Users/riege/gpgit/RISC-Vhdl/RISCV/vga.vhd sub00/vhpl66 1473245312
AR ddr2_ram_core_data_read_controller_0 arc C:/Users/riege/gpgit/RISC-Vhdl/RISCV/DDR2_Ram_Core_data_read_controller_0.vhd sub00/vhpl32 1473245276
AR ddr2_ram_core_fifo_1_wr_en_0 arc C:/Users/riege/gpgit/RISC-Vhdl/RISCV/DDR2_Ram_Core_fifo_1_wr_en_0.vhd sub00/vhpl12 1473245256
AR ddr2_ram_core_infrastructure_iobs_0 arc C:/Users/riege/gpgit/RISC-Vhdl/RISCV/DDR2_Ram_Core_infrastructure_iobs_0.vhd sub00/vhpl24 1473245268
AR ddr2_control_vhdl verhalten C:/Users/riege/gpgit/RISC-Vhdl/RISCV/DDR2_Control_VHDL.vhd sub00/vhpl72 1473245300
EN ddr2_ram_core_clk_dcm NULL C:/Users/riege/gpgit/RISC-Vhdl/RISCV/DDR2_Ram_Core_clk_dcm.vhd sub00/vhpl35 1473245279
AR mmu behavioral C:/Users/riege/gpgit/RISC-Vhdl/RISCV/MMU.vhd sub00/vhpl78 1473245318
EN ddr2_read_vhdl NULL C:/Users/riege/gpgit/RISC-Vhdl/RISCV/DDR2_Read_VHDL.vhd sub00/vhpl53 1473245293
AR leitwerk leitwerk_1 C:/Users/riege/gpgit/RISC-Vhdl/RISCV/leitwerk_v3.vhd sub00/vhpl56 1473245302
AR ddr2_ram_core_wr_gray_cntr arc C:/Users/riege/gpgit/RISC-Vhdl/RISCV/DDR2_Ram_Core_wr_gray_cntr.vhd sub00/vhpl14 1473245258
EN ddr2_ram_core_ram8d_0 NULL C:/Users/riege/gpgit/RISC-Vhdl/RISCV/DDR2_Ram_Core_ram8d_0.vhd sub00/vhpl17 1473245261
EN ddr2_ram_core_fifo_1_wr_en_0 NULL C:/Users/riege/gpgit/RISC-Vhdl/RISCV/DDR2_Ram_Core_fifo_1_wr_en_0.vhd sub00/vhpl11 1473245255
AR ddr2_ram_core_controller_0 arc C:/Users/riege/gpgit/RISC-Vhdl/RISCV/DDR2_Ram_Core_controller_0.vhd sub00/vhpl40 1473245284
EN ddr2_ram_core_fifo_0_wr_en_0 NULL C:/Users/riege/gpgit/RISC-Vhdl/RISCV/DDR2_Ram_Core_fifo_0_wr_en_0.vhd sub00/vhpl09 1473245253
AR clock_vhdl verhalten C:/Users/riege/gpgit/RISC-Vhdl/RISCV/Clock_VHDL.vhd sub00/vhpl62 1473245308
AR clockdivider behavioral C:/Users/riege/gpgit/RISC-Vhdl/RISCV/ClockDivider.vhd sub00/vhpl60 1473245306
EN ddr2_ram_core NULL C:/Users/riege/gpgit/RISC-Vhdl/RISCV/DDR2_Ram_Core.vhd sub00/vhpl73 1473245319
EN clk133m_dcm NULL C:/Users/riege/gpgit/RISC-Vhdl/RISCV/clk133m_dcm.vhd sub00/vhpl63 1473245309
EN leitwerk NULL C:/Users/riege/gpgit/RISC-Vhdl/RISCV/leitwerk_v3.vhd sub00/vhpl55 1473245301
PH ddr2_ram_core_parameters_0 NULL C:/Users/riege/gpgit/RISC-Vhdl/RISCV/DDR2_Ram_Core_parameters_0.vhd sub00/vhpl00 1473245244
EN ddr2_ram_core_controller_iobs_0 NULL C:/Users/riege/gpgit/RISC-Vhdl/RISCV/DDR2_Ram_Core_controller_iobs_0.vhd sub00/vhpl25 1473245269
EN alu NULL C:/Users/riege/gpgit/RISC-Vhdl/RISCV/ALU.vhd sub00/vhpl57 1473245303
EN ddr2_ram_core_s3_dqs_iob NULL C:/Users/riege/gpgit/RISC-Vhdl/RISCV/DDR2_Ram_Core_s3_dqs_iob.vhd sub00/vhpl03 1473245247
AR toplevel behaviour C:/Users/riege/gpgit/RISC-Vhdl/RISCV/toplevel.vhd sub00/vhpl76 1473245322
EN ddr2_ram_core_data_read_0 NULL C:/Users/riege/gpgit/RISC-Vhdl/RISCV/DDR2_Ram_Core_data_read_0.vhd sub00/vhpl29 1473245273
AR ddr2_ram_core_clk_dcm arc C:/Users/riege/gpgit/RISC-Vhdl/RISCV/DDR2_Ram_Core_clk_dcm.vhd sub00/vhpl36 1473245280
