EN ddr2_ram_core_infrastructure_top NULL C:/Users/riege/Downloads/RISCV/RISCV/DDR2_Ram_Core_infrastructure_top.vhd sub00/vhpl49 1473156436
AR ddr2_ram_core_infrastructure arc C:/Users/riege/Downloads/RISCV/RISCV/DDR2_Ram_Core_infrastructure.vhd sub00/vhpl44 1473156427
AR ddr2_ram_core_data_path_0 arc C:/Users/riege/Downloads/RISCV/RISCV/DDR2_Ram_Core_data_path_0.vhd sub00/vhpl42 1473156425
EN clockdivider NULL C:/Users/riege/Downloads/RISCV/RISCV/ClockDivider.vhd sub00/vhpl59 1473156444
AR ddr2_write_vhdl verhalten C:/Users/riege/Downloads/RISCV/RISCV/DDR2_Write_VHDL.vhd sub00/vhpl52 1473156431
AR ddr2_ram_core_ram8d_0 arc C:/Users/riege/Downloads/RISCV/RISCV/DDR2_Ram_Core_ram8d_0.vhd sub00/vhpl18 1473156401
EN ddr2_ram_core_dqs_delay NULL C:/Users/riege/Downloads/RISCV/RISCV/DDR2_Ram_Core_dqs_delay_0.vhd sub00/vhpl07 1473156390
EN ddr2_ram_core_data_write_0 NULL C:/Users/riege/Downloads/RISCV/RISCV/DDR2_Ram_Core_data_write_0.vhd sub00/vhpl33 1473156416
AR ddr2_read_vhdl verhalten C:/Users/riege/Downloads/RISCV/RISCV/DDR2_Read_VHDL.vhd sub00/vhpl54 1473156433
AR ddr2_ram_core_top_0 arc C:/Users/riege/Downloads/RISCV/RISCV/DDR2_Ram_Core_top_0.vhd sub00/vhpl48 1473156435
EN ddr2_ram_core_wr_gray_cntr NULL C:/Users/riege/Downloads/RISCV/RISCV/DDR2_Ram_Core_wr_gray_cntr.vhd sub00/vhpl13 1473156396
EN ddr2_ram_core_cal_ctl NULL C:/Users/riege/Downloads/RISCV/RISCV/DDR2_Ram_Core_cal_ctl.vhd sub00/vhpl19 1473156402
EN ddr2_ram_core_infrastructure NULL C:/Users/riege/Downloads/RISCV/RISCV/DDR2_Ram_Core_infrastructure.vhd sub00/vhpl43 1473156426
AR ddr2_ram_core_infrastructure_top arc C:/Users/riege/Downloads/RISCV/RISCV/DDR2_Ram_Core_infrastructure_top.vhd sub00/vhpl50 1473156437
AR alu behavioral C:/Users/riege/Downloads/RISCV/RISCV/ALU.vhd sub00/vhpl58 1473156443
AR ddr2_ram_core_s3_dq_iob arc C:/Users/riege/Downloads/RISCV/RISCV/DDR2_Ram_Core_s3_dq_iob.vhd sub00/vhpl06 1473156389
AR clk133m_dcm behavioral C:/Users/riege/Downloads/RISCV/RISCV/clk133m_dcm.vhd sub00/vhpl64 1473156449
AR ddr2_ram_core_controller_iobs_0 arc C:/Users/riege/Downloads/RISCV/RISCV/DDR2_Ram_Core_controller_iobs_0.vhd sub00/vhpl26 1473156409
EN clock_vhdl NULL C:/Users/riege/Downloads/RISCV/RISCV/Clock_VHDL.vhd sub00/vhpl61 1473156446
EN ddr2_ram_core_data_path_iobs_0 NULL C:/Users/riege/Downloads/RISCV/RISCV/DDR2_Ram_Core_data_path_iobs_0.vhd sub00/vhpl27 1473156410
AR ddr2_ram_core_rd_gray_cntr arc C:/Users/riege/Downloads/RISCV/RISCV/DDR2_Ram_Core_rd_gray_cntr.vhd sub00/vhpl16 1473156399
EN ddr2_ram_core_cal_top NULL C:/Users/riege/Downloads/RISCV/RISCV/DDR2_Ram_Core_cal_top.vhd sub00/vhpl37 1473156420
EN ddr2_ram_core_s3_dq_iob NULL C:/Users/riege/Downloads/RISCV/RISCV/DDR2_Ram_Core_s3_dq_iob.vhd sub00/vhpl05 1473156388
AR cpu behavioral C:/Users/riege/Downloads/RISCV/RISCV/CPU.vhd sub00/vhpl70 1473156455
AR ddr2_ram_core_s3_dqs_iob arc C:/Users/riege/Downloads/RISCV/RISCV/DDR2_Ram_Core_s3_dqs_iob.vhd sub00/vhpl04 1473156387
EN ddr2_ram_core_controller_0 NULL C:/Users/riege/Downloads/RISCV/RISCV/DDR2_Ram_Core_controller_0.vhd sub00/vhpl39 1473156422
AR ddr2_ram_core_cal_top arc C:/Users/riege/Downloads/RISCV/RISCV/DDR2_Ram_Core_cal_top.vhd sub00/vhpl38 1473156421
EN ddr2_ram_core_s3_dm_iob NULL C:/Users/riege/Downloads/RISCV/RISCV/DDR2_Ram_Core_s3_dm_iob.vhd sub00/vhpl01 1473156384
AR ddr2_ram_core_tap_dly arc_tap_dly C:/Users/riege/Downloads/RISCV/RISCV/DDR2_Ram_Core_tap_dly.vhd sub00/vhpl22 1473156405
EN cpu NULL C:/Users/riege/Downloads/RISCV/RISCV/CPU.vhd sub00/vhpl69 1473156454
AR ddr2_ram_core_s3_dm_iob arc C:/Users/riege/Downloads/RISCV/RISCV/DDR2_Ram_Core_s3_dm_iob.vhd sub00/vhpl02 1473156385
AR ddr2_ram_core_dqs_delay arc_dqs_delay C:/Users/riege/Downloads/RISCV/RISCV/DDR2_Ram_Core_dqs_delay_0.vhd sub00/vhpl08 1473156391
AR ddr2_ram_core_fifo_0_wr_en_0 arc C:/Users/riege/Downloads/RISCV/RISCV/DDR2_Ram_Core_fifo_0_wr_en_0.vhd sub00/vhpl10 1473156393
EN ddr2_ram_core_infrastructure_iobs_0 NULL C:/Users/riege/Downloads/RISCV/RISCV/DDR2_Ram_Core_infrastructure_iobs_0.vhd sub00/vhpl23 1473156406
EN ddr2_ram_core_tap_dly NULL C:/Users/riege/Downloads/RISCV/RISCV/DDR2_Ram_Core_tap_dly.vhd sub00/vhpl21 1473156404
AR vga_clk behavioral C:/Users/riege/Downloads/RISCV/RISCV/ipcore_dir/vga_clk.vhd sub00/vhpl68 1473156453
EN toplevel NULL C:/Users/riege/Downloads/RISCV/RISCV/toplevel.vhd sub00/vhpl75 1473156460
EN vga NULL C:/Users/riege/Downloads/RISCV/RISCV/vga.vhd sub00/vhpl65 1473156450
AR ddr2_ram_core_cal_ctl arc_cal_ctl C:/Users/riege/Downloads/RISCV/RISCV/DDR2_Ram_Core_cal_ctl.vhd sub00/vhpl20 1473156403
AR ddr2_ram_core_iobs_0 arc C:/Users/riege/Downloads/RISCV/RISCV/DDR2_Ram_Core_iobs_0.vhd sub00/vhpl46 1473156429
EN ddr2_ram_core_data_path_0 NULL C:/Users/riege/Downloads/RISCV/RISCV/DDR2_Ram_Core_data_path_0.vhd sub00/vhpl41 1473156424
AR ddr2_ram_core arc_mem_interface_top C:/Users/riege/Downloads/RISCV/RISCV/DDR2_Ram_Core.vhd sub00/vhpl74 1473156459
AR ddr2_ram_core_data_write_0 arc C:/Users/riege/Downloads/RISCV/RISCV/DDR2_Ram_Core_data_write_0.vhd sub00/vhpl34 1473156417
EN ddr2_ram_core_data_read_controller_0 NULL C:/Users/riege/Downloads/RISCV/RISCV/DDR2_Ram_Core_data_read_controller_0.vhd sub00/vhpl31 1473156414
EN ddr2_ram_core_rd_gray_cntr NULL C:/Users/riege/Downloads/RISCV/RISCV/DDR2_Ram_Core_rd_gray_cntr.vhd sub00/vhpl15 1473156398
EN ddr2_write_vhdl NULL C:/Users/riege/Downloads/RISCV/RISCV/DDR2_Write_VHDL.vhd sub00/vhpl51 1473156430
EN mmu NULL C:/Users/riege/Downloads/RISCV/RISCV/MMU.vhd sub00/vhpl77 1473156456
EN ddr2_control_vhdl NULL C:/Users/riege/Downloads/RISCV/RISCV/DDR2_Control_VHDL.vhd sub00/vhpl71 1473156438
AR ddr2_ram_core_data_path_iobs_0 arc C:/Users/riege/Downloads/RISCV/RISCV/DDR2_Ram_Core_data_path_iobs_0.vhd sub00/vhpl28 1473156411
AR ddr2_ram_core_data_read_0 arc C:/Users/riege/Downloads/RISCV/RISCV/DDR2_Ram_Core_data_read_0.vhd sub00/vhpl30 1473156413
EN ddr2_ram_core_iobs_0 NULL C:/Users/riege/Downloads/RISCV/RISCV/DDR2_Ram_Core_iobs_0.vhd sub00/vhpl45 1473156428
EN ddr2_ram_core_top_0 NULL C:/Users/riege/Downloads/RISCV/RISCV/DDR2_Ram_Core_top_0.vhd sub00/vhpl47 1473156434
EN vga_clk NULL C:/Users/riege/Downloads/RISCV/RISCV/ipcore_dir/vga_clk.vhd sub00/vhpl67 1473156452
AR vga behaviour C:/Users/riege/Downloads/RISCV/RISCV/vga.vhd sub00/vhpl66 1473156451
AR ddr2_ram_core_fifo_1_wr_en_0 arc C:/Users/riege/Downloads/RISCV/RISCV/DDR2_Ram_Core_fifo_1_wr_en_0.vhd sub00/vhpl12 1473156395
AR ddr2_ram_core_data_read_controller_0 arc C:/Users/riege/Downloads/RISCV/RISCV/DDR2_Ram_Core_data_read_controller_0.vhd sub00/vhpl32 1473156415
AR ddr2_ram_core_infrastructure_iobs_0 arc C:/Users/riege/Downloads/RISCV/RISCV/DDR2_Ram_Core_infrastructure_iobs_0.vhd sub00/vhpl24 1473156407
AR ddr2_control_vhdl verhalten C:/Users/riege/Downloads/RISCV/RISCV/DDR2_Control_VHDL.vhd sub00/vhpl72 1473156439
EN ddr2_ram_core_clk_dcm NULL C:/Users/riege/Downloads/RISCV/RISCV/DDR2_Ram_Core_clk_dcm.vhd sub00/vhpl35 1473156418
AR mmu behavioral C:/Users/riege/Downloads/RISCV/RISCV/MMU.vhd sub00/vhpl78 1473156457
EN ddr2_read_vhdl NULL C:/Users/riege/Downloads/RISCV/RISCV/DDR2_Read_VHDL.vhd sub00/vhpl53 1473156432
AR leitwerk leitwerk_1 C:/Users/riege/Downloads/RISCV/RISCV/leitwerk_v3.vhd sub00/vhpl56 1473156441
AR ddr2_ram_core_wr_gray_cntr arc C:/Users/riege/Downloads/RISCV/RISCV/DDR2_Ram_Core_wr_gray_cntr.vhd sub00/vhpl14 1473156397
EN ddr2_ram_core_ram8d_0 NULL C:/Users/riege/Downloads/RISCV/RISCV/DDR2_Ram_Core_ram8d_0.vhd sub00/vhpl17 1473156400
EN ddr2_ram_core_fifo_1_wr_en_0 NULL C:/Users/riege/Downloads/RISCV/RISCV/DDR2_Ram_Core_fifo_1_wr_en_0.vhd sub00/vhpl11 1473156394
AR ddr2_ram_core_controller_0 arc C:/Users/riege/Downloads/RISCV/RISCV/DDR2_Ram_Core_controller_0.vhd sub00/vhpl40 1473156423
EN ddr2_ram_core_fifo_0_wr_en_0 NULL C:/Users/riege/Downloads/RISCV/RISCV/DDR2_Ram_Core_fifo_0_wr_en_0.vhd sub00/vhpl09 1473156392
AR clock_vhdl verhalten C:/Users/riege/Downloads/RISCV/RISCV/Clock_VHDL.vhd sub00/vhpl62 1473156447
AR clockdivider behavioral C:/Users/riege/Downloads/RISCV/RISCV/ClockDivider.vhd sub00/vhpl60 1473156445
EN ddr2_ram_core NULL C:/Users/riege/Downloads/RISCV/RISCV/DDR2_Ram_Core.vhd sub00/vhpl73 1473156458
EN clk133m_dcm NULL C:/Users/riege/Downloads/RISCV/RISCV/clk133m_dcm.vhd sub00/vhpl63 1473156448
EN leitwerk NULL C:/Users/riege/Downloads/RISCV/RISCV/leitwerk_v3.vhd sub00/vhpl55 1473156440
PH ddr2_ram_core_parameters_0 NULL C:/Users/riege/Downloads/RISCV/RISCV/DDR2_Ram_Core_parameters_0.vhd sub00/vhpl00 1473156383
EN ddr2_ram_core_controller_iobs_0 NULL C:/Users/riege/Downloads/RISCV/RISCV/DDR2_Ram_Core_controller_iobs_0.vhd sub00/vhpl25 1473156408
EN alu NULL C:/Users/riege/Downloads/RISCV/RISCV/ALU.vhd sub00/vhpl57 1473156442
EN ddr2_ram_core_s3_dqs_iob NULL C:/Users/riege/Downloads/RISCV/RISCV/DDR2_Ram_Core_s3_dqs_iob.vhd sub00/vhpl03 1473156386
AR toplevel behaviour C:/Users/riege/Downloads/RISCV/RISCV/toplevel.vhd sub00/vhpl76 1473156461
EN ddr2_ram_core_data_read_0 NULL C:/Users/riege/Downloads/RISCV/RISCV/DDR2_Ram_Core_data_read_0.vhd sub00/vhpl29 1473156412
AR ddr2_ram_core_clk_dcm arc C:/Users/riege/Downloads/RISCV/RISCV/DDR2_Ram_Core_clk_dcm.vhd sub00/vhpl36 1473156419
