V3 221
FL C:/Users/riege/Downloads/RISCV/RISCV/ALU.vhd 2016/09/05.18:51:29 P.20131013
FL C:/Users/riege/Downloads/RISCV/RISCV/clk133m_dcm.vhd 2016/09/05.18:51:29 P.20131013
FL C:/Users/riege/Downloads/RISCV/RISCV/ClockDivider.vhd 2016/09/05.18:51:29 P.20131013
FL C:/Users/riege/Downloads/RISCV/RISCV/Clock_VHDL.vhd 2016/09/05.18:51:29 P.20131013
FL C:/Users/riege/Downloads/RISCV/RISCV/CPU.vhd 2016/09/06.11:53:16 P.20131013
FL C:/Users/riege/Downloads/RISCV/RISCV/DDR2_Control_VHDL.vhd 2016/09/05.18:51:29 P.20131013
FL C:/Users/riege/Downloads/RISCV/RISCV/DDR2_Ram_Core.vhd 2016/09/05.18:51:29 P.20131013
FL C:/Users/riege/Downloads/RISCV/RISCV/DDR2_Ram_Core_cal_ctl.vhd 2016/09/05.18:51:29 P.20131013
FL C:/Users/riege/Downloads/RISCV/RISCV/DDR2_Ram_Core_cal_top.vhd 2016/09/05.18:51:29 P.20131013
FL C:/Users/riege/Downloads/RISCV/RISCV/DDR2_Ram_Core_clk_dcm.vhd 2016/09/05.18:51:29 P.20131013
FL C:/Users/riege/Downloads/RISCV/RISCV/DDR2_Ram_Core_controller_0.vhd 2016/09/05.18:51:29 P.20131013
FL C:/Users/riege/Downloads/RISCV/RISCV/DDR2_Ram_Core_controller_iobs_0.vhd 2016/09/05.18:51:29 P.20131013
FL C:/Users/riege/Downloads/RISCV/RISCV/DDR2_Ram_Core_data_path_0.vhd 2016/09/05.18:51:29 P.20131013
FL C:/Users/riege/Downloads/RISCV/RISCV/DDR2_Ram_Core_data_path_iobs_0.vhd 2016/09/05.18:51:29 P.20131013
FL C:/Users/riege/Downloads/RISCV/RISCV/DDR2_Ram_Core_data_read_0.vhd 2016/09/05.18:51:29 P.20131013
FL C:/Users/riege/Downloads/RISCV/RISCV/DDR2_Ram_Core_data_read_controller_0.vhd 2016/09/05.18:51:29 P.20131013
FL C:/Users/riege/Downloads/RISCV/RISCV/DDR2_Ram_Core_data_write_0.vhd 2016/09/05.18:51:29 P.20131013
FL C:/Users/riege/Downloads/RISCV/RISCV/DDR2_Ram_Core_dqs_delay_0.vhd 2016/09/05.18:51:29 P.20131013
FL C:/Users/riege/Downloads/RISCV/RISCV/DDR2_Ram_Core_fifo_0_wr_en_0.vhd 2016/09/05.18:51:29 P.20131013
FL C:/Users/riege/Downloads/RISCV/RISCV/DDR2_Ram_Core_fifo_1_wr_en_0.vhd 2016/09/05.18:51:30 P.20131013
FL C:/Users/riege/Downloads/RISCV/RISCV/DDR2_Ram_Core_infrastructure.vhd 2016/09/05.18:51:30 P.20131013
FL C:/Users/riege/Downloads/RISCV/RISCV/DDR2_Ram_Core_infrastructure_iobs_0.vhd 2016/09/05.18:51:30 P.20131013
FL C:/Users/riege/Downloads/RISCV/RISCV/DDR2_Ram_Core_infrastructure_top.vhd 2016/09/05.18:51:30 P.20131013
FL C:/Users/riege/Downloads/RISCV/RISCV/DDR2_Ram_Core_iobs_0.vhd 2016/09/05.18:51:30 P.20131013
FL C:/Users/riege/Downloads/RISCV/RISCV/DDR2_Ram_Core_parameters_0.vhd 2016/09/05.18:51:30 P.20131013
FL C:/Users/riege/Downloads/RISCV/RISCV/DDR2_Ram_Core_ram8d_0.vhd 2016/09/05.18:51:30 P.20131013
FL C:/Users/riege/Downloads/RISCV/RISCV/DDR2_Ram_Core_rd_gray_cntr.vhd 2016/09/05.18:51:30 P.20131013
FL C:/Users/riege/Downloads/RISCV/RISCV/DDR2_Ram_Core_s3_dm_iob.vhd 2016/09/05.18:51:30 P.20131013
FL C:/Users/riege/Downloads/RISCV/RISCV/DDR2_Ram_Core_s3_dqs_iob.vhd 2016/09/05.18:51:30 P.20131013
FL C:/Users/riege/Downloads/RISCV/RISCV/DDR2_Ram_Core_s3_dq_iob.vhd 2016/09/05.18:51:30 P.20131013
FL C:/Users/riege/Downloads/RISCV/RISCV/DDR2_Ram_Core_tap_dly.vhd 2016/09/05.18:51:30 P.20131013
FL C:/Users/riege/Downloads/RISCV/RISCV/DDR2_Ram_Core_top_0.vhd 2016/09/05.18:51:30 P.20131013
FL C:/Users/riege/Downloads/RISCV/RISCV/DDR2_Ram_Core_wr_gray_cntr.vhd 2016/09/05.18:51:30 P.20131013
FL C:/Users/riege/Downloads/RISCV/RISCV/DDR2_Read_VHDL.vhd 2016/09/05.18:51:30 P.20131013
FL C:/Users/riege/Downloads/RISCV/RISCV/DDR2_Write_VHDL.vhd 2016/09/05.18:51:30 P.20131013
FL C:/Users/riege/Downloads/RISCV/RISCV/ipcore_dir/vga_clk.vhd 2016/09/05.18:51:30 P.20131013
FL C:/Users/riege/Downloads/RISCV/RISCV/leitwerk_v3.vhd 2016/09/05.18:51:30 P.20131013
FL C:/Users/riege/Downloads/RISCV/RISCV/MMU.vhd 2016/09/06.12:04:08 P.20131013
FL C:/Users/riege/Downloads/RISCV/RISCV/toplevel.vhd 2016/09/06.12:06:16 P.20131013
FL C:/Users/riege/Downloads/RISCV/RISCV/vga.vhd 2016/09/05.18:51:30 P.20131013
FL C:/Users/riege/gpgit/RISC-Vhdl/RISCV/ALU.vhd 2016/09/05.18:51:29 P.20131013
EN work/ALU 1473329742 FL C:/Users/riege/gpgit/RISC-Vhdl/RISCV/ALU.vhd \
      PB ieee/std_logic_1164 1381692176 PB ieee/NUMERIC_STD 1381692181
AR work/ALU/Behavioral 1473329743 \
      FL C:/Users/riege/gpgit/RISC-Vhdl/RISCV/ALU.vhd EN work/ALU 1473329742
FL C:/Users/riege/gpgit/RISC-Vhdl/RISCV/BLOCKRAM.vhd 2016/09/08.12:06:58 P.20131013
EN work/BLOCKRAM 1473329738 FL C:/Users/riege/gpgit/RISC-Vhdl/RISCV/BLOCKRAM.vhd \
      PB ieee/std_logic_1164 1381692176 PB ieee/NUMERIC_STD 1381692181
AR work/BLOCKRAM/Behavioral 1473329739 \
      FL C:/Users/riege/gpgit/RISC-Vhdl/RISCV/BLOCKRAM.vhd EN work/BLOCKRAM 1473329738
FL C:/Users/riege/gpgit/RISC-Vhdl/RISCV/clk133m_dcm.vhd 2016/09/05.18:51:29 P.20131013
EN work/clk133m_dcm 1473329748 \
      FL C:/Users/riege/gpgit/RISC-Vhdl/RISCV/clk133m_dcm.vhd \
      PB ieee/std_logic_1164 1381692176 PB ieee/NUMERIC_STD 1381692181 LB UNISIM \
      PH unisim/VCOMPONENTS 1381692182
AR work/clk133m_dcm/BEHAVIORAL 1473329749 \
      FL C:/Users/riege/gpgit/RISC-Vhdl/RISCV/clk133m_dcm.vhd EN work/clk133m_dcm 1473329748 \
      CP BUFG CP IBUFG CP DCM_SP
FL C:/Users/riege/gpgit/RISC-Vhdl/RISCV/ClockDivider.vhd 2016/09/05.18:51:29 P.20131013
EN work/ClockDivider 1473329744 \
      FL C:/Users/riege/gpgit/RISC-Vhdl/RISCV/ClockDivider.vhd \
      PB ieee/std_logic_1164 1381692176 PB ieee/NUMERIC_STD 1381692181
AR work/ClockDivider/Behavioral 1473329745 \
      FL C:/Users/riege/gpgit/RISC-Vhdl/RISCV/ClockDivider.vhd \
      EN work/ClockDivider 1473329744
FL C:/Users/riege/gpgit/RISC-Vhdl/RISCV/Clock_VHDL.vhd 2016/09/05.18:51:29 P.20131013
EN work/Clock_VHDL 1473329746 \
      FL C:/Users/riege/gpgit/RISC-Vhdl/RISCV/Clock_VHDL.vhd \
      PB ieee/std_logic_1164 1381692176
AR work/Clock_VHDL/Verhalten 1473329747 \
      FL C:/Users/riege/gpgit/RISC-Vhdl/RISCV/Clock_VHDL.vhd EN work/Clock_VHDL 1473329746
FL C:/Users/riege/gpgit/RISC-Vhdl/RISCV/CPU.vhd 2016/09/06.11:53:16 P.20131013
EN work/CPU 1473329754 FL C:/Users/riege/gpgit/RISC-Vhdl/RISCV/CPU.vhd \
      PB ieee/std_logic_1164 1381692176
AR work/CPU/Behavioral 1473329755 \
      FL C:/Users/riege/gpgit/RISC-Vhdl/RISCV/CPU.vhd EN work/CPU 1473329754 \
      CP work/leitwerk CP work/ALU CP work/ClockDivider
FL C:/Users/riege/gpgit/RISC-Vhdl/RISCV/DDR2_Control_VHDL.vhd 2016/09/07.12:15:43 P.20131013
EN work/DDR2_Control_VHDL 1473329736 \
      FL C:/Users/riege/gpgit/RISC-Vhdl/RISCV/DDR2_Control_VHDL.vhd \
      PB ieee/std_logic_1164 1381692176 PB ieee/std_logic_arith 1381692177 \
      PB ieee/STD_LOGIC_UNSIGNED 1381692179
AR work/DDR2_Control_VHDL/Verhalten 1473329737 \
      FL C:/Users/riege/gpgit/RISC-Vhdl/RISCV/DDR2_Control_VHDL.vhd \
      EN work/DDR2_Control_VHDL 1473329736 CP DDR2_Write_VHDL CP DDR2_Read_VHDL
FL C:/Users/riege/gpgit/RISC-Vhdl/RISCV/DDR2_Ram_Core.vhd 2016/09/05.18:51:29 P.20131013
EN work/DDR2_Ram_Core 1473329758 \
      FL C:/Users/riege/gpgit/RISC-Vhdl/RISCV/DDR2_Ram_Core.vhd LB UNISIM \
      PB ieee/std_logic_1164 1381692176 PH unisim/VCOMPONENTS 1381692182
AR work/DDR2_Ram_Core/arc_mem_interface_top 1473329759 \
      FL C:/Users/riege/gpgit/RISC-Vhdl/RISCV/DDR2_Ram_Core.vhd \
      EN work/DDR2_Ram_Core 1473329758 CP DDR2_Ram_Core_top_0 \
      CP DDR2_Ram_Core_infrastructure_top
FL C:/Users/riege/gpgit/RISC-Vhdl/RISCV/DDR2_Ram_Core_cal_ctl.vhd 2016/09/05.18:51:29 P.20131013
EN work/DDR2_Ram_Core_cal_ctl 1473329700 \
      FL C:/Users/riege/gpgit/RISC-Vhdl/RISCV/DDR2_Ram_Core_cal_ctl.vhd LB UNISIM \
      PB ieee/std_logic_1164 1381692176 PB ieee/STD_LOGIC_UNSIGNED 1381692179 \
      PH unisim/VCOMPONENTS 1381692182
AR work/DDR2_Ram_Core_cal_ctl/arc_cal_ctl 1473329701 \
      FL C:/Users/riege/gpgit/RISC-Vhdl/RISCV/DDR2_Ram_Core_cal_ctl.vhd \
      EN work/DDR2_Ram_Core_cal_ctl 1473329700
FL C:/Users/riege/gpgit/RISC-Vhdl/RISCV/DDR2_Ram_Core_cal_top.vhd 2016/09/05.18:51:29 P.20131013
EN work/DDR2_Ram_Core_cal_top 1473329718 \
      FL C:/Users/riege/gpgit/RISC-Vhdl/RISCV/DDR2_Ram_Core_cal_top.vhd LB UNISIM \
      PB ieee/std_logic_1164 1381692176 PB ieee/STD_LOGIC_UNSIGNED 1381692179 \
      PH unisim/VCOMPONENTS 1381692182
AR work/DDR2_Ram_Core_cal_top/arc 1473329719 \
      FL C:/Users/riege/gpgit/RISC-Vhdl/RISCV/DDR2_Ram_Core_cal_top.vhd \
      EN work/DDR2_Ram_Core_cal_top 1473329718 CP DDR2_Ram_Core_cal_ctl \
      CP DDR2_Ram_Core_tap_dly
FL C:/Users/riege/gpgit/RISC-Vhdl/RISCV/DDR2_Ram_Core_clk_dcm.vhd 2016/09/05.18:51:29 P.20131013
EN work/DDR2_Ram_Core_clk_dcm 1473329716 \
      FL C:/Users/riege/gpgit/RISC-Vhdl/RISCV/DDR2_Ram_Core_clk_dcm.vhd LB UNISIM \
      PB ieee/std_logic_1164 1381692176 PH unisim/VCOMPONENTS 1381692182
AR work/DDR2_Ram_Core_clk_dcm/arc 1473329717 \
      FL C:/Users/riege/gpgit/RISC-Vhdl/RISCV/DDR2_Ram_Core_clk_dcm.vhd \
      EN work/DDR2_Ram_Core_clk_dcm 1473329716 CP DCM CP BUFG
FL C:/Users/riege/gpgit/RISC-Vhdl/RISCV/DDR2_Ram_Core_controller_0.vhd 2016/09/05.18:51:29 P.20131013
EN work/DDR2_Ram_Core_controller_0 1473329720 \
      FL C:/Users/riege/gpgit/RISC-Vhdl/RISCV/DDR2_Ram_Core_controller_0.vhd \
      LB UNISIM PB ieee/std_logic_1164 1381692176 PB ieee/STD_LOGIC_UNSIGNED 1381692179 \
      PH unisim/VCOMPONENTS 1381692182 PH work/DDR2_Ram_Core_parameters_0 1473329681
AR work/DDR2_Ram_Core_controller_0/arc 1473329721 \
      FL C:/Users/riege/gpgit/RISC-Vhdl/RISCV/DDR2_Ram_Core_controller_0.vhd \
      EN work/DDR2_Ram_Core_controller_0 1473329720 CP FD
FL C:/Users/riege/gpgit/RISC-Vhdl/RISCV/DDR2_Ram_Core_controller_iobs_0.vhd 2016/09/05.18:51:29 P.20131013
EN work/DDR2_Ram_Core_controller_iobs_0 1473329706 \
      FL C:/Users/riege/gpgit/RISC-Vhdl/RISCV/DDR2_Ram_Core_controller_iobs_0.vhd \
      LB UNISIM PB ieee/std_logic_1164 1381692176 PB ieee/STD_LOGIC_UNSIGNED 1381692179 \
      PH unisim/VCOMPONENTS 1381692182 PH work/DDR2_Ram_Core_parameters_0 1473329681
AR work/DDR2_Ram_Core_controller_iobs_0/arc 1473329707 \
      FL C:/Users/riege/gpgit/RISC-Vhdl/RISCV/DDR2_Ram_Core_controller_iobs_0.vhd \
      EN work/DDR2_Ram_Core_controller_iobs_0 1473329706 CP FD CP OBUF CP label \
      CP IBUF
FL C:/Users/riege/gpgit/RISC-Vhdl/RISCV/DDR2_Ram_Core_data_path_0.vhd 2016/09/05.18:51:29 P.20131013
EN work/DDR2_Ram_Core_data_path_0 1473329722 \
      FL C:/Users/riege/gpgit/RISC-Vhdl/RISCV/DDR2_Ram_Core_data_path_0.vhd \
      LB UNISIM PB ieee/std_logic_1164 1381692176 PB ieee/STD_LOGIC_UNSIGNED 1381692179 \
      PH unisim/VCOMPONENTS 1381692182 PH work/DDR2_Ram_Core_parameters_0 1473329681
AR work/DDR2_Ram_Core_data_path_0/arc 1473329723 \
      FL C:/Users/riege/gpgit/RISC-Vhdl/RISCV/DDR2_Ram_Core_data_path_0.vhd \
      EN work/DDR2_Ram_Core_data_path_0 1473329722 CP DDR2_Ram_Core_data_read_0 \
      CP DDR2_Ram_Core_data_read_controller_0 CP DDR2_Ram_Core_data_write_0
FL C:/Users/riege/gpgit/RISC-Vhdl/RISCV/DDR2_Ram_Core_data_path_iobs_0.vhd 2016/09/05.18:51:29 P.20131013
EN work/DDR2_Ram_Core_data_path_iobs_0 1473329708 \
      FL C:/Users/riege/gpgit/RISC-Vhdl/RISCV/DDR2_Ram_Core_data_path_iobs_0.vhd \
      PB ieee/std_logic_1164 1381692176 PB ieee/STD_LOGIC_UNSIGNED 1381692179 \
      LB UNISIM PH unisim/VCOMPONENTS 1381692182 \
      PH work/DDR2_Ram_Core_parameters_0 1473329681
AR work/DDR2_Ram_Core_data_path_iobs_0/arc 1473329709 \
      FL C:/Users/riege/gpgit/RISC-Vhdl/RISCV/DDR2_Ram_Core_data_path_iobs_0.vhd \
      EN work/DDR2_Ram_Core_data_path_iobs_0 1473329708 \
      CP DDR2_Ram_Core_s3_dm_iob CP DDR2_Ram_Core_s3_dqs_iob \
      CP DDR2_Ram_Core_s3_dq_iob
FL C:/Users/riege/gpgit/RISC-Vhdl/RISCV/DDR2_Ram_Core_data_read_0.vhd 2016/09/05.18:51:29 P.20131013
EN work/DDR2_Ram_Core_data_read_0 1473329710 \
      FL C:/Users/riege/gpgit/RISC-Vhdl/RISCV/DDR2_Ram_Core_data_read_0.vhd \
      LB UNISIM PB ieee/std_logic_1164 1381692176 PB ieee/STD_LOGIC_UNSIGNED 1381692179 \
      PH unisim/VCOMPONENTS 1381692182 PH work/DDR2_Ram_Core_parameters_0 1473329681
AR work/DDR2_Ram_Core_data_read_0/arc 1473329711 \
      FL C:/Users/riege/gpgit/RISC-Vhdl/RISCV/DDR2_Ram_Core_data_read_0.vhd \
      EN work/DDR2_Ram_Core_data_read_0 1473329710 CP DDR2_Ram_Core_rd_gray_cntr \
      CP DDR2_Ram_Core_ram8d_0
FL C:/Users/riege/gpgit/RISC-Vhdl/RISCV/DDR2_Ram_Core_data_read_controller_0.vhd 2016/09/05.18:51:29 P.20131013
EN work/DDR2_Ram_Core_data_read_controller_0 1473329712 \
      FL C:/Users/riege/gpgit/RISC-Vhdl/RISCV/DDR2_Ram_Core_data_read_controller_0.vhd \
      LB UNISIM PB ieee/std_logic_1164 1381692176 PB ieee/STD_LOGIC_UNSIGNED 1381692179 \
      PH unisim/VCOMPONENTS 1381692182 PH work/DDR2_Ram_Core_parameters_0 1473329681
AR work/DDR2_Ram_Core_data_read_controller_0/arc 1473329713 \
      FL C:/Users/riege/gpgit/RISC-Vhdl/RISCV/DDR2_Ram_Core_data_read_controller_0.vhd \
      EN work/DDR2_Ram_Core_data_read_controller_0 1473329712 \
      CP DDR2_Ram_Core_dqs_delay CP label CP DDR2_Ram_Core_fifo_0_wr_en_0 \
      CP DDR2_Ram_Core_fifo_1_wr_en_0 CP DDR2_Ram_Core_wr_gray_cntr
FL C:/Users/riege/gpgit/RISC-Vhdl/RISCV/DDR2_Ram_Core_data_write_0.vhd 2016/09/05.18:51:29 P.20131013
EN work/DDR2_Ram_Core_data_write_0 1473329714 \
      FL C:/Users/riege/gpgit/RISC-Vhdl/RISCV/DDR2_Ram_Core_data_write_0.vhd \
      PB ieee/std_logic_1164 1381692176 PB ieee/STD_LOGIC_UNSIGNED 1381692179 \
      LB UNISIM PH unisim/VCOMPONENTS 1381692182 \
      PH work/DDR2_Ram_Core_parameters_0 1473329681
AR work/DDR2_Ram_Core_data_write_0/arc 1473329715 \
      FL C:/Users/riege/gpgit/RISC-Vhdl/RISCV/DDR2_Ram_Core_data_write_0.vhd \
      EN work/DDR2_Ram_Core_data_write_0 1473329714
FL C:/Users/riege/gpgit/RISC-Vhdl/RISCV/DDR2_Ram_Core_dqs_delay_0.vhd 2016/09/05.18:51:29 P.20131013
EN work/DDR2_Ram_Core_dqs_delay 1473329688 \
      FL C:/Users/riege/gpgit/RISC-Vhdl/RISCV/DDR2_Ram_Core_dqs_delay_0.vhd \
      LB UNISIM PB ieee/std_logic_1164 1381692176 PB ieee/STD_LOGIC_UNSIGNED 1381692179 \
      PH unisim/VCOMPONENTS 1381692182
AR work/DDR2_Ram_Core_dqs_delay/arc_dqs_delay 1473329689 \
      FL C:/Users/riege/gpgit/RISC-Vhdl/RISCV/DDR2_Ram_Core_dqs_delay_0.vhd \
      EN work/DDR2_Ram_Core_dqs_delay 1473329688 CP LUT4
FL C:/Users/riege/gpgit/RISC-Vhdl/RISCV/DDR2_Ram_Core_fifo_0_wr_en_0.vhd 2016/09/05.18:51:29 P.20131013
EN work/DDR2_Ram_Core_fifo_0_wr_en_0 1473329690 \
      FL C:/Users/riege/gpgit/RISC-Vhdl/RISCV/DDR2_Ram_Core_fifo_0_wr_en_0.vhd \
      LB UNISIM PB ieee/std_logic_1164 1381692176 PB ieee/STD_LOGIC_UNSIGNED 1381692179 \
      PH unisim/VCOMPONENTS 1381692182
AR work/DDR2_Ram_Core_fifo_0_wr_en_0/arc 1473329691 \
      FL C:/Users/riege/gpgit/RISC-Vhdl/RISCV/DDR2_Ram_Core_fifo_0_wr_en_0.vhd \
      EN work/DDR2_Ram_Core_fifo_0_wr_en_0 1473329690 CP FDCE
FL C:/Users/riege/gpgit/RISC-Vhdl/RISCV/DDR2_Ram_Core_fifo_1_wr_en_0.vhd 2016/09/05.18:51:30 P.20131013
EN work/DDR2_Ram_Core_fifo_1_wr_en_0 1473329692 \
      FL C:/Users/riege/gpgit/RISC-Vhdl/RISCV/DDR2_Ram_Core_fifo_1_wr_en_0.vhd \
      LB UNISIM PB ieee/std_logic_1164 1381692176 PB ieee/STD_LOGIC_UNSIGNED 1381692179 \
      PH unisim/VCOMPONENTS 1381692182
AR work/DDR2_Ram_Core_fifo_1_wr_en_0/arc 1473329693 \
      FL C:/Users/riege/gpgit/RISC-Vhdl/RISCV/DDR2_Ram_Core_fifo_1_wr_en_0.vhd \
      EN work/DDR2_Ram_Core_fifo_1_wr_en_0 1473329692 CP FDCE
FL C:/Users/riege/gpgit/RISC-Vhdl/RISCV/DDR2_Ram_Core_infrastructure.vhd 2016/09/05.18:51:30 P.20131013
EN work/DDR2_Ram_Core_infrastructure 1473329724 \
      FL C:/Users/riege/gpgit/RISC-Vhdl/RISCV/DDR2_Ram_Core_infrastructure.vhd \
      LB UNISIM PB ieee/std_logic_1164 1381692176 PB ieee/STD_LOGIC_UNSIGNED 1381692179 \
      PH unisim/VCOMPONENTS 1381692182
AR work/DDR2_Ram_Core_infrastructure/arc 1473329725 \
      FL C:/Users/riege/gpgit/RISC-Vhdl/RISCV/DDR2_Ram_Core_infrastructure.vhd \
      EN work/DDR2_Ram_Core_infrastructure 1473329724
FL C:/Users/riege/gpgit/RISC-Vhdl/RISCV/DDR2_Ram_Core_infrastructure_iobs_0.vhd 2016/09/05.18:51:30 P.20131013
EN work/DDR2_Ram_Core_infrastructure_iobs_0 1473329704 \
      FL C:/Users/riege/gpgit/RISC-Vhdl/RISCV/DDR2_Ram_Core_infrastructure_iobs_0.vhd \
      LB UNISIM PB ieee/std_logic_1164 1381692176 PB ieee/STD_LOGIC_UNSIGNED 1381692179 \
      PH unisim/VCOMPONENTS 1381692182 PH work/DDR2_Ram_Core_parameters_0 1473329681
AR work/DDR2_Ram_Core_infrastructure_iobs_0/arc 1473329705 \
      FL C:/Users/riege/gpgit/RISC-Vhdl/RISCV/DDR2_Ram_Core_infrastructure_iobs_0.vhd \
      EN work/DDR2_Ram_Core_infrastructure_iobs_0 1473329704 CP FDDRRSE CP OBUFDS
FL C:/Users/riege/gpgit/RISC-Vhdl/RISCV/DDR2_Ram_Core_infrastructure_top.vhd 2016/09/05.18:51:30 P.20131013
EN work/DDR2_Ram_Core_infrastructure_top 1473329734 \
      FL C:/Users/riege/gpgit/RISC-Vhdl/RISCV/DDR2_Ram_Core_infrastructure_top.vhd \
      LB UNISIM PB ieee/std_logic_1164 1381692176 PB ieee/STD_LOGIC_UNSIGNED 1381692179 \
      PH unisim/VCOMPONENTS 1381692182 PH work/DDR2_Ram_Core_parameters_0 1473329681
AR work/DDR2_Ram_Core_infrastructure_top/arc 1473329735 \
      FL C:/Users/riege/gpgit/RISC-Vhdl/RISCV/DDR2_Ram_Core_infrastructure_top.vhd \
      EN work/DDR2_Ram_Core_infrastructure_top 1473329734 CP IBUFGDS_LVDS_25 \
      CP IBUFG CP DDR2_Ram_Core_clk_dcm CP DDR2_Ram_Core_cal_top
FL C:/Users/riege/gpgit/RISC-Vhdl/RISCV/DDR2_Ram_Core_iobs_0.vhd 2016/09/05.18:51:30 P.20131013
EN work/DDR2_Ram_Core_iobs_0 1473329726 \
      FL C:/Users/riege/gpgit/RISC-Vhdl/RISCV/DDR2_Ram_Core_iobs_0.vhd \
      PB ieee/std_logic_1164 1381692176 PB ieee/STD_LOGIC_UNSIGNED 1381692179 \
      PH work/DDR2_Ram_Core_parameters_0 1473329681 LB UNISIM \
      PH unisim/VCOMPONENTS 1381692182
AR work/DDR2_Ram_Core_iobs_0/arc 1473329727 \
      FL C:/Users/riege/gpgit/RISC-Vhdl/RISCV/DDR2_Ram_Core_iobs_0.vhd \
      EN work/DDR2_Ram_Core_iobs_0 1473329726 \
      CP DDR2_Ram_Core_infrastructure_iobs_0 CP DDR2_Ram_Core_controller_iobs_0 \
      CP DDR2_Ram_Core_data_path_iobs_0
FL C:/Users/riege/gpgit/RISC-Vhdl/RISCV/DDR2_Ram_Core_parameters_0.vhd 2016/09/05.18:51:30 P.20131013
PH work/DDR2_Ram_Core_parameters_0 1473329681 \
      FL C:/Users/riege/gpgit/RISC-Vhdl/RISCV/DDR2_Ram_Core_parameters_0.vhd \
      LB UNISIM PB ieee/std_logic_1164 1381692176 PH unisim/VCOMPONENTS 1381692182
FL C:/Users/riege/gpgit/RISC-Vhdl/RISCV/DDR2_Ram_Core_ram8d_0.vhd 2016/09/05.18:51:30 P.20131013
EN work/DDR2_Ram_Core_ram8d_0 1473329698 \
      FL C:/Users/riege/gpgit/RISC-Vhdl/RISCV/DDR2_Ram_Core_ram8d_0.vhd LB UNISIM \
      PB ieee/std_logic_1164 1381692176 PB ieee/std_logic_arith 1381692177 \
      PB ieee/STD_LOGIC_UNSIGNED 1381692179 PH unisim/VCOMPONENTS 1381692182 \
      PH work/DDR2_Ram_Core_parameters_0 1473329681
AR work/DDR2_Ram_Core_ram8d_0/arc 1473329699 \
      FL C:/Users/riege/gpgit/RISC-Vhdl/RISCV/DDR2_Ram_Core_ram8d_0.vhd \
      EN work/DDR2_Ram_Core_ram8d_0 1473329698 CP RAM16X1D
FL C:/Users/riege/gpgit/RISC-Vhdl/RISCV/DDR2_Ram_Core_rd_gray_cntr.vhd 2016/09/05.18:51:30 P.20131013
EN work/DDR2_Ram_Core_rd_gray_cntr 1473329696 \
      FL C:/Users/riege/gpgit/RISC-Vhdl/RISCV/DDR2_Ram_Core_rd_gray_cntr.vhd \
      LB UNISIM PB ieee/std_logic_1164 1381692176 PB ieee/std_logic_arith 1381692177 \
      PH unisim/VCOMPONENTS 1381692182
AR work/DDR2_Ram_Core_rd_gray_cntr/arc 1473329697 \
      FL C:/Users/riege/gpgit/RISC-Vhdl/RISCV/DDR2_Ram_Core_rd_gray_cntr.vhd \
      EN work/DDR2_Ram_Core_rd_gray_cntr 1473329696 CP FDRE
FL C:/Users/riege/gpgit/RISC-Vhdl/RISCV/DDR2_Ram_Core_s3_dm_iob.vhd 2016/09/05.18:51:30 P.20131013
EN work/DDR2_Ram_Core_s3_dm_iob 1473329682 \
      FL C:/Users/riege/gpgit/RISC-Vhdl/RISCV/DDR2_Ram_Core_s3_dm_iob.vhd \
      LB UNISIM PB ieee/std_logic_1164 1381692176 PB ieee/STD_LOGIC_UNSIGNED 1381692179 \
      PH unisim/VCOMPONENTS 1381692182
AR work/DDR2_Ram_Core_s3_dm_iob/arc 1473329683 \
      FL C:/Users/riege/gpgit/RISC-Vhdl/RISCV/DDR2_Ram_Core_s3_dm_iob.vhd \
      EN work/DDR2_Ram_Core_s3_dm_iob 1473329682 CP FDDRRSE CP OBUF
FL C:/Users/riege/gpgit/RISC-Vhdl/RISCV/DDR2_Ram_Core_s3_dqs_iob.vhd 2016/09/05.18:51:30 P.20131013
EN work/DDR2_Ram_Core_s3_dqs_iob 1473329684 \
      FL C:/Users/riege/gpgit/RISC-Vhdl/RISCV/DDR2_Ram_Core_s3_dqs_iob.vhd \
      PB ieee/std_logic_1164 1381692176 LB UNISIM PH unisim/VCOMPONENTS 1381692182
AR work/DDR2_Ram_Core_s3_dqs_iob/arc 1473329685 \
      FL C:/Users/riege/gpgit/RISC-Vhdl/RISCV/DDR2_Ram_Core_s3_dqs_iob.vhd \
      EN work/DDR2_Ram_Core_s3_dqs_iob 1473329684 CP FD CP FDDRRSE CP OBUFTDS \
      CP IBUFDS
FL C:/Users/riege/gpgit/RISC-Vhdl/RISCV/DDR2_Ram_Core_s3_dq_iob.vhd 2016/09/05.18:51:30 P.20131013
EN work/DDR2_Ram_Core_s3_dq_iob 1473329686 \
      FL C:/Users/riege/gpgit/RISC-Vhdl/RISCV/DDR2_Ram_Core_s3_dq_iob.vhd \
      LB UNISIM PB ieee/std_logic_1164 1381692176 PB ieee/std_logic_arith 1381692177 \
      PH unisim/VCOMPONENTS 1381692182
AR work/DDR2_Ram_Core_s3_dq_iob/arc 1473329687 \
      FL C:/Users/riege/gpgit/RISC-Vhdl/RISCV/DDR2_Ram_Core_s3_dq_iob.vhd \
      EN work/DDR2_Ram_Core_s3_dq_iob 1473329686 CP FDDRRSE CP FD CP OBUFT CP IBUF
FL C:/Users/riege/gpgit/RISC-Vhdl/RISCV/DDR2_Ram_Core_tap_dly.vhd 2016/09/05.18:51:30 P.20131013
EN work/DDR2_Ram_Core_tap_dly 1473329702 \
      FL C:/Users/riege/gpgit/RISC-Vhdl/RISCV/DDR2_Ram_Core_tap_dly.vhd LB UNISIM \
      PB ieee/std_logic_1164 1381692176 PB ieee/STD_LOGIC_UNSIGNED 1381692179 \
      PH unisim/VCOMPONENTS 1381692182
AR work/DDR2_Ram_Core_tap_dly/arc_tap_dly 1473329703 \
      FL C:/Users/riege/gpgit/RISC-Vhdl/RISCV/DDR2_Ram_Core_tap_dly.vhd \
      EN work/DDR2_Ram_Core_tap_dly 1473329702 CP LUT4 CP FDR
FL C:/Users/riege/gpgit/RISC-Vhdl/RISCV/DDR2_Ram_Core_top_0.vhd 2016/09/05.18:51:30 P.20131013
EN work/DDR2_Ram_Core_top_0 1473329732 \
      FL C:/Users/riege/gpgit/RISC-Vhdl/RISCV/DDR2_Ram_Core_top_0.vhd LB UNISIM \
      PB ieee/std_logic_1164 1381692176 PH work/DDR2_Ram_Core_parameters_0 1473329681 \
      PH unisim/VCOMPONENTS 1381692182
AR work/DDR2_Ram_Core_top_0/arc 1473329733 \
      FL C:/Users/riege/gpgit/RISC-Vhdl/RISCV/DDR2_Ram_Core_top_0.vhd \
      EN work/DDR2_Ram_Core_top_0 1473329732 CP DDR2_Ram_Core_controller_0 \
      CP DDR2_Ram_Core_data_path_0 CP DDR2_Ram_Core_infrastructure \
      CP DDR2_Ram_Core_iobs_0
FL C:/Users/riege/gpgit/RISC-Vhdl/RISCV/DDR2_Ram_Core_wr_gray_cntr.vhd 2016/09/05.18:51:30 P.20131013
EN work/DDR2_Ram_Core_wr_gray_cntr 1473329694 \
      FL C:/Users/riege/gpgit/RISC-Vhdl/RISCV/DDR2_Ram_Core_wr_gray_cntr.vhd \
      LB UNISIM PB ieee/std_logic_1164 1381692176 PB ieee/std_logic_arith 1381692177 \
      PH unisim/VCOMPONENTS 1381692182
AR work/DDR2_Ram_Core_wr_gray_cntr/arc 1473329695 \
      FL C:/Users/riege/gpgit/RISC-Vhdl/RISCV/DDR2_Ram_Core_wr_gray_cntr.vhd \
      EN work/DDR2_Ram_Core_wr_gray_cntr 1473329694 CP FDCE
FL C:/Users/riege/gpgit/RISC-Vhdl/RISCV/DDR2_Read_VHDL.vhd 2016/09/05.18:51:30 P.20131013
EN work/DDR2_Read_VHDL 1473329730 \
      FL C:/Users/riege/gpgit/RISC-Vhdl/RISCV/DDR2_Read_VHDL.vhd \
      PB ieee/std_logic_1164 1381692176 PB ieee/std_logic_arith 1381692177 \
      PB ieee/STD_LOGIC_UNSIGNED 1381692179
AR work/DDR2_Read_VHDL/Verhalten 1473329731 \
      FL C:/Users/riege/gpgit/RISC-Vhdl/RISCV/DDR2_Read_VHDL.vhd \
      EN work/DDR2_Read_VHDL 1473329730
FL C:/Users/riege/gpgit/RISC-Vhdl/RISCV/DDR2_Write_VHDL.vhd 2016/09/05.18:51:30 P.20131013
EN work/DDR2_Write_VHDL 1473329728 \
      FL C:/Users/riege/gpgit/RISC-Vhdl/RISCV/DDR2_Write_VHDL.vhd \
      PB ieee/std_logic_1164 1381692176 PB ieee/std_logic_arith 1381692177 \
      PB ieee/STD_LOGIC_UNSIGNED 1381692179
AR work/DDR2_Write_VHDL/Verhalten 1473329729 \
      FL C:/Users/riege/gpgit/RISC-Vhdl/RISCV/DDR2_Write_VHDL.vhd \
      EN work/DDR2_Write_VHDL 1473329728
FL C:/Users/riege/gpgit/RISC-Vhdl/RISCV/ipcore_dir/vga_clk.vhd 2016/09/05.18:51:30 P.20131013
EN work/vga_clk 1473329752 \
      FL C:/Users/riege/gpgit/RISC-Vhdl/RISCV/ipcore_dir/vga_clk.vhd \
      PB ieee/std_logic_1164 1381692176 PB ieee/NUMERIC_STD 1381692181 LB UNISIM \
      PH unisim/VCOMPONENTS 1381692182
AR work/vga_clk/BEHAVIORAL 1473329753 \
      FL C:/Users/riege/gpgit/RISC-Vhdl/RISCV/ipcore_dir/vga_clk.vhd \
      EN work/vga_clk 1473329752 CP BUFG CP DCM_SP
FL C:/Users/riege/gpgit/RISC-Vhdl/RISCV/leitwerk_v3.vhd 2016/09/05.18:51:30 P.20131013
EN work/leitwerk 1473329740 \
      FL C:/Users/riege/gpgit/RISC-Vhdl/RISCV/leitwerk_v3.vhd \
      PB ieee/std_logic_1164 1381692176 PB ieee/NUMERIC_STD 1381692181
AR work/leitwerk/leitwerk_1 1473329741 \
      FL C:/Users/riege/gpgit/RISC-Vhdl/RISCV/leitwerk_v3.vhd EN work/leitwerk 1473329740
FL C:/Users/riege/gpgit/RISC-Vhdl/RISCV/MMU.vhd 2016/09/08.12:08:51 P.20131013
EN work/MMU 1473329756 FL C:/Users/riege/gpgit/RISC-Vhdl/RISCV/MMU.vhd \
      PB ieee/std_logic_1164 1381692176 PB ieee/NUMERIC_STD 1381692181
AR work/MMU/Behavioral 1473329757 \
      FL C:/Users/riege/gpgit/RISC-Vhdl/RISCV/MMU.vhd EN work/MMU 1473329756 \
      CP DDR2_Control_VHDL CP BLOCKRAM
FL C:/Users/riege/gpgit/RISC-Vhdl/RISCV/toplevel.vhd 2016/09/07.11:04:19 P.20131013
EN work/toplevel 1473329760 FL C:/Users/riege/gpgit/RISC-Vhdl/RISCV/toplevel.vhd \
      PB ieee/std_logic_1164 1381692176 PB ieee/NUMERIC_STD 1381692181 LB UNISIM \
      PH unisim/VCOMPONENTS 1381692182
AR work/toplevel/behaviour 1473329761 \
      FL C:/Users/riege/gpgit/RISC-Vhdl/RISCV/toplevel.vhd EN work/toplevel 1473329760 \
      CP Clock_VHDL CP clk133m_dcm CP OBUF CP vga CP vga_clk CP work/cpu CP MMU \
      CP DDR2_Ram_Core
FL C:/Users/riege/gpgit/RISC-Vhdl/RISCV/vga.vhd 2016/09/05.18:51:30 P.20131013
EN work/vga 1473329750 FL C:/Users/riege/gpgit/RISC-Vhdl/RISCV/vga.vhd \
      PB ieee/std_logic_1164 1381692176 PB ieee/NUMERIC_STD 1381692181
AR work/vga/behaviour 1473329751 \
      FL C:/Users/riege/gpgit/RISC-Vhdl/RISCV/vga.vhd EN work/vga 1473329750
