V3 262
FL C:/Users/riege/Downloads/RISCV/RISCV/ALU.vhd 2016/09/05.18:51:29 P.20131013
FL C:/Users/riege/Downloads/RISCV/RISCV/clk133m_dcm.vhd 2016/09/05.18:51:29 P.20131013
FL C:/Users/riege/Downloads/RISCV/RISCV/ClockDivider.vhd 2016/09/05.18:51:29 P.20131013
FL C:/Users/riege/Downloads/RISCV/RISCV/Clock_VHDL.vhd 2016/09/05.18:51:29 P.20131013
FL C:/Users/riege/Downloads/RISCV/RISCV/CPU.vhd 2016/09/06.11:53:16 P.20131013
FL C:/Users/riege/Downloads/RISCV/RISCV/DDR2_Control_VHDL.vhd 2016/09/05.18:51:29 P.20131013
FL C:/Users/riege/Downloads/RISCV/RISCV/DDR2_Ram_Core.vhd 2016/09/05.18:51:29 P.20131013
FL C:/Users/riege/Downloads/RISCV/RISCV/DDR2_Ram_Core_cal_ctl.vhd 2016/09/05.18:51:29 P.20131013
FL C:/Users/riege/Downloads/RISCV/RISCV/DDR2_Ram_Core_cal_top.vhd 2016/09/05.18:51:29 P.20131013
FL C:/Users/riege/Downloads/RISCV/RISCV/DDR2_Ram_Core_clk_dcm.vhd 2016/09/05.18:51:29 P.20131013
FL C:/Users/riege/Downloads/RISCV/RISCV/DDR2_Ram_Core_controller_0.vhd 2016/09/05.18:51:29 P.20131013
FL C:/Users/riege/Downloads/RISCV/RISCV/DDR2_Ram_Core_controller_iobs_0.vhd 2016/09/05.18:51:29 P.20131013
FL C:/Users/riege/Downloads/RISCV/RISCV/DDR2_Ram_Core_data_path_0.vhd 2016/09/05.18:51:29 P.20131013
FL C:/Users/riege/Downloads/RISCV/RISCV/DDR2_Ram_Core_data_path_iobs_0.vhd 2016/09/05.18:51:29 P.20131013
FL C:/Users/riege/Downloads/RISCV/RISCV/DDR2_Ram_Core_data_read_0.vhd 2016/09/05.18:51:29 P.20131013
FL C:/Users/riege/Downloads/RISCV/RISCV/DDR2_Ram_Core_data_read_controller_0.vhd 2016/09/05.18:51:29 P.20131013
FL C:/Users/riege/Downloads/RISCV/RISCV/DDR2_Ram_Core_data_write_0.vhd 2016/09/05.18:51:29 P.20131013
FL C:/Users/riege/Downloads/RISCV/RISCV/DDR2_Ram_Core_dqs_delay_0.vhd 2016/09/05.18:51:29 P.20131013
FL C:/Users/riege/Downloads/RISCV/RISCV/DDR2_Ram_Core_fifo_0_wr_en_0.vhd 2016/09/05.18:51:29 P.20131013
FL C:/Users/riege/Downloads/RISCV/RISCV/DDR2_Ram_Core_fifo_1_wr_en_0.vhd 2016/09/05.18:51:30 P.20131013
FL C:/Users/riege/Downloads/RISCV/RISCV/DDR2_Ram_Core_infrastructure.vhd 2016/09/05.18:51:30 P.20131013
FL C:/Users/riege/Downloads/RISCV/RISCV/DDR2_Ram_Core_infrastructure_iobs_0.vhd 2016/09/05.18:51:30 P.20131013
FL C:/Users/riege/Downloads/RISCV/RISCV/DDR2_Ram_Core_infrastructure_top.vhd 2016/09/05.18:51:30 P.20131013
FL C:/Users/riege/Downloads/RISCV/RISCV/DDR2_Ram_Core_iobs_0.vhd 2016/09/05.18:51:30 P.20131013
FL C:/Users/riege/Downloads/RISCV/RISCV/DDR2_Ram_Core_parameters_0.vhd 2016/09/05.18:51:30 P.20131013
FL C:/Users/riege/Downloads/RISCV/RISCV/DDR2_Ram_Core_ram8d_0.vhd 2016/09/05.18:51:30 P.20131013
FL C:/Users/riege/Downloads/RISCV/RISCV/DDR2_Ram_Core_rd_gray_cntr.vhd 2016/09/05.18:51:30 P.20131013
FL C:/Users/riege/Downloads/RISCV/RISCV/DDR2_Ram_Core_s3_dm_iob.vhd 2016/09/05.18:51:30 P.20131013
FL C:/Users/riege/Downloads/RISCV/RISCV/DDR2_Ram_Core_s3_dqs_iob.vhd 2016/09/05.18:51:30 P.20131013
FL C:/Users/riege/Downloads/RISCV/RISCV/DDR2_Ram_Core_s3_dq_iob.vhd 2016/09/05.18:51:30 P.20131013
FL C:/Users/riege/Downloads/RISCV/RISCV/DDR2_Ram_Core_tap_dly.vhd 2016/09/05.18:51:30 P.20131013
FL C:/Users/riege/Downloads/RISCV/RISCV/DDR2_Ram_Core_top_0.vhd 2016/09/05.18:51:30 P.20131013
FL C:/Users/riege/Downloads/RISCV/RISCV/DDR2_Ram_Core_wr_gray_cntr.vhd 2016/09/05.18:51:30 P.20131013
FL C:/Users/riege/Downloads/RISCV/RISCV/DDR2_Read_VHDL.vhd 2016/09/05.18:51:30 P.20131013
FL C:/Users/riege/Downloads/RISCV/RISCV/DDR2_Write_VHDL.vhd 2016/09/05.18:51:30 P.20131013
FL C:/Users/riege/Downloads/RISCV/RISCV/ipcore_dir/vga_clk.vhd 2016/09/05.18:51:30 P.20131013
FL C:/Users/riege/Downloads/RISCV/RISCV/leitwerk_v3.vhd 2016/09/05.18:51:30 P.20131013
FL C:/Users/riege/Downloads/RISCV/RISCV/MMU.vhd 2016/09/06.12:04:08 P.20131013
FL C:/Users/riege/Downloads/RISCV/RISCV/toplevel.vhd 2016/09/06.12:06:16 P.20131013
FL C:/Users/riege/Downloads/RISCV/RISCV/vga.vhd 2016/09/05.18:51:30 P.20131013
FL C:/Users/riege/gpgit/RISC-Vhdl/RISCV/ALU.vhd 2016/09/05.18:51:29 P.20131013
FL C:/Users/riege/gpgit/RISC-Vhdl/RISCV/BLOCKRAM.vhd 2016/09/08.12:06:58 P.20131013
FL C:/Users/riege/gpgit/RISC-Vhdl/RISCV/clk133m_dcm.vhd 2016/09/05.18:51:29 P.20131013
FL C:/Users/riege/gpgit/RISC-Vhdl/RISCV/ClockDivider.vhd 2016/09/05.18:51:29 P.20131013
FL C:/Users/riege/gpgit/RISC-Vhdl/RISCV/Clock_VHDL.vhd 2016/09/05.18:51:29 P.20131013
FL C:/Users/riege/gpgit/RISC-Vhdl/RISCV/CPU.vhd 2016/09/06.11:53:16 P.20131013
FL C:/Users/riege/gpgit/RISC-Vhdl/RISCV/DDR2_Control_VHDL.vhd 2016/09/07.12:15:43 P.20131013
FL C:/Users/riege/gpgit/RISC-Vhdl/RISCV/DDR2_Ram_Core.vhd 2016/09/05.18:51:29 P.20131013
FL C:/Users/riege/gpgit/RISC-Vhdl/RISCV/DDR2_Ram_Core_cal_ctl.vhd 2016/09/05.18:51:29 P.20131013
FL C:/Users/riege/gpgit/RISC-Vhdl/RISCV/DDR2_Ram_Core_cal_top.vhd 2016/09/05.18:51:29 P.20131013
FL C:/Users/riege/gpgit/RISC-Vhdl/RISCV/DDR2_Ram_Core_clk_dcm.vhd 2016/09/05.18:51:29 P.20131013
FL C:/Users/riege/gpgit/RISC-Vhdl/RISCV/DDR2_Ram_Core_controller_0.vhd 2016/09/05.18:51:29 P.20131013
FL C:/Users/riege/gpgit/RISC-Vhdl/RISCV/DDR2_Ram_Core_controller_iobs_0.vhd 2016/09/05.18:51:29 P.20131013
FL C:/Users/riege/gpgit/RISC-Vhdl/RISCV/DDR2_Ram_Core_data_path_0.vhd 2016/09/05.18:51:29 P.20131013
FL C:/Users/riege/gpgit/RISC-Vhdl/RISCV/DDR2_Ram_Core_data_path_iobs_0.vhd 2016/09/05.18:51:29 P.20131013
FL C:/Users/riege/gpgit/RISC-Vhdl/RISCV/DDR2_Ram_Core_data_read_0.vhd 2016/09/05.18:51:29 P.20131013
FL C:/Users/riege/gpgit/RISC-Vhdl/RISCV/DDR2_Ram_Core_data_read_controller_0.vhd 2016/09/05.18:51:29 P.20131013
FL C:/Users/riege/gpgit/RISC-Vhdl/RISCV/DDR2_Ram_Core_data_write_0.vhd 2016/09/05.18:51:29 P.20131013
FL C:/Users/riege/gpgit/RISC-Vhdl/RISCV/DDR2_Ram_Core_dqs_delay_0.vhd 2016/09/05.18:51:29 P.20131013
FL C:/Users/riege/gpgit/RISC-Vhdl/RISCV/DDR2_Ram_Core_fifo_0_wr_en_0.vhd 2016/09/05.18:51:29 P.20131013
FL C:/Users/riege/gpgit/RISC-Vhdl/RISCV/DDR2_Ram_Core_fifo_1_wr_en_0.vhd 2016/09/05.18:51:30 P.20131013
FL C:/Users/riege/gpgit/RISC-Vhdl/RISCV/DDR2_Ram_Core_infrastructure.vhd 2016/09/05.18:51:30 P.20131013
FL C:/Users/riege/gpgit/RISC-Vhdl/RISCV/DDR2_Ram_Core_infrastructure_iobs_0.vhd 2016/09/05.18:51:30 P.20131013
FL C:/Users/riege/gpgit/RISC-Vhdl/RISCV/DDR2_Ram_Core_infrastructure_top.vhd 2016/09/05.18:51:30 P.20131013
FL C:/Users/riege/gpgit/RISC-Vhdl/RISCV/DDR2_Ram_Core_iobs_0.vhd 2016/09/05.18:51:30 P.20131013
FL C:/Users/riege/gpgit/RISC-Vhdl/RISCV/DDR2_Ram_Core_parameters_0.vhd 2016/09/05.18:51:30 P.20131013
FL C:/Users/riege/gpgit/RISC-Vhdl/RISCV/DDR2_Ram_Core_ram8d_0.vhd 2016/09/05.18:51:30 P.20131013
FL C:/Users/riege/gpgit/RISC-Vhdl/RISCV/DDR2_Ram_Core_rd_gray_cntr.vhd 2016/09/05.18:51:30 P.20131013
FL C:/Users/riege/gpgit/RISC-Vhdl/RISCV/DDR2_Ram_Core_s3_dm_iob.vhd 2016/09/05.18:51:30 P.20131013
FL C:/Users/riege/gpgit/RISC-Vhdl/RISCV/DDR2_Ram_Core_s3_dqs_iob.vhd 2016/09/05.18:51:30 P.20131013
FL C:/Users/riege/gpgit/RISC-Vhdl/RISCV/DDR2_Ram_Core_s3_dq_iob.vhd 2016/09/05.18:51:30 P.20131013
FL C:/Users/riege/gpgit/RISC-Vhdl/RISCV/DDR2_Ram_Core_tap_dly.vhd 2016/09/05.18:51:30 P.20131013
FL C:/Users/riege/gpgit/RISC-Vhdl/RISCV/DDR2_Ram_Core_top_0.vhd 2016/09/05.18:51:30 P.20131013
FL C:/Users/riege/gpgit/RISC-Vhdl/RISCV/DDR2_Ram_Core_wr_gray_cntr.vhd 2016/09/05.18:51:30 P.20131013
FL C:/Users/riege/gpgit/RISC-Vhdl/RISCV/DDR2_Read_VHDL.vhd 2016/09/05.18:51:30 P.20131013
FL C:/Users/riege/gpgit/RISC-Vhdl/RISCV/DDR2_Write_VHDL.vhd 2016/09/05.18:51:30 P.20131013
FL C:/Users/riege/gpgit/RISC-Vhdl/RISCV/ipcore_dir/vga_clk.vhd 2016/09/05.18:51:30 P.20131013
FL C:/Users/riege/gpgit/RISC-Vhdl/RISCV/leitwerk_v3.vhd 2016/09/05.18:51:30 P.20131013
FL C:/Users/riege/gpgit/RISC-Vhdl/RISCV/MMU.vhd 2016/09/08.12:08:51 P.20131013
FL C:/Users/riege/gpgit/RISC-Vhdl/RISCV/toplevel.vhd 2016/09/07.11:04:19 P.20131013
FL C:/Users/riege/gpgit/RISC-Vhdl/RISCV/vga.vhd 2016/09/05.18:51:30 P.20131013
FL D:/RiscV/RiscV/RISCV/ALU.vhd 2016/09/08.13:11:04 P.20131013
EN work/ALU 1473368302 FL D:/RiscV/RiscV/RISCV/ALU.vhd PB ieee/std_logic_1164 1381692176 \
      PB ieee/NUMERIC_STD 1381692181
AR work/ALU/Behavioral 1473368303 \
      FL D:/RiscV/RiscV/RISCV/ALU.vhd EN work/ALU 1473368302
FL D:/RiscV/RiscV/RISCV/BLOCKRAM.vhd 2016/09/08.19:19:07 P.20131013
EN work/BLOCKRAM 1473368296 FL D:/RiscV/RiscV/RISCV/BLOCKRAM.vhd \
      PB ieee/std_logic_1164 1381692176 PB ieee/NUMERIC_STD 1381692181
AR work/BLOCKRAM/Behavioral 1473368297 \
      FL D:/RiscV/RiscV/RISCV/BLOCKRAM.vhd EN work/BLOCKRAM 1473368296
FL D:/RiscV/RiscV/RISCV/clk133m_dcm.vhd 2016/09/08.13:11:04 P.20131013
EN work/clk133m_dcm 1473368308 FL D:/RiscV/RiscV/RISCV/clk133m_dcm.vhd \
      PB ieee/std_logic_1164 1381692176 PB ieee/NUMERIC_STD 1381692181 LB UNISIM \
      PH unisim/VCOMPONENTS 1381692182
AR work/clk133m_dcm/BEHAVIORAL 1473368309 \
      FL D:/RiscV/RiscV/RISCV/clk133m_dcm.vhd EN work/clk133m_dcm 1473368308 \
      CP BUFG CP IBUFG CP DCM_SP
FL D:/RiscV/RiscV/RISCV/ClockDivider.vhd 2016/09/08.13:11:04 P.20131013
EN work/ClockDivider 1473368304 FL D:/RiscV/RiscV/RISCV/ClockDivider.vhd \
      PB ieee/std_logic_1164 1381692176 PB ieee/NUMERIC_STD 1381692181
AR work/ClockDivider/Behavioral 1473368305 \
      FL D:/RiscV/RiscV/RISCV/ClockDivider.vhd EN work/ClockDivider 1473368304
FL D:/RiscV/RiscV/RISCV/Clock_VHDL.vhd 2016/09/08.13:11:04 P.20131013
EN work/Clock_VHDL 1473368306 FL D:/RiscV/RiscV/RISCV/Clock_VHDL.vhd \
      PB ieee/std_logic_1164 1381692176
AR work/Clock_VHDL/Verhalten 1473368307 \
      FL D:/RiscV/RiscV/RISCV/Clock_VHDL.vhd EN work/Clock_VHDL 1473368306
FL D:/RiscV/RiscV/RISCV/CPU.vhd 2016/09/08.13:11:04 P.20131013
EN work/CPU 1473368314 FL D:/RiscV/RiscV/RISCV/CPU.vhd PB ieee/std_logic_1164 1381692176
AR work/CPU/Behavioral 1473368315 \
      FL D:/RiscV/RiscV/RISCV/CPU.vhd EN work/CPU 1473368314 CP work/leitwerk \
      CP work/ALU CP work/ClockDivider
FL D:/RiscV/RiscV/RISCV/DDR2_Control_VHDL.vhd 2016/09/08.13:11:04 P.20131013
EN work/DDR2_Control_VHDL 1473368298 \
      FL D:/RiscV/RiscV/RISCV/DDR2_Control_VHDL.vhd PB ieee/std_logic_1164 1381692176 \
      PB ieee/std_logic_arith 1381692177 PB ieee/STD_LOGIC_UNSIGNED 1381692179
AR work/DDR2_Control_VHDL/Verhalten 1473368299 \
      FL D:/RiscV/RiscV/RISCV/DDR2_Control_VHDL.vhd EN work/DDR2_Control_VHDL 1473368298 \
      CP DDR2_Write_VHDL CP DDR2_Read_VHDL
FL D:/RiscV/RiscV/RISCV/DDR2_Ram_Core.vhd 2016/09/08.13:11:04 P.20131013
EN work/DDR2_Ram_Core 1473368318 FL D:/RiscV/RiscV/RISCV/DDR2_Ram_Core.vhd \
      LB UNISIM PB ieee/std_logic_1164 1381692176 PH unisim/VCOMPONENTS 1381692182
AR work/DDR2_Ram_Core/arc_mem_interface_top 1473368319 \
      FL D:/RiscV/RiscV/RISCV/DDR2_Ram_Core.vhd EN work/DDR2_Ram_Core 1473368318 \
      CP DDR2_Ram_Core_top_0 CP DDR2_Ram_Core_infrastructure_top
FL D:/RiscV/RiscV/RISCV/DDR2_Ram_Core_cal_ctl.vhd 2016/09/08.13:11:04 P.20131013
EN work/DDR2_Ram_Core_cal_ctl 1473368260 \
      FL D:/RiscV/RiscV/RISCV/DDR2_Ram_Core_cal_ctl.vhd LB UNISIM \
      PB ieee/std_logic_1164 1381692176 PB ieee/STD_LOGIC_UNSIGNED 1381692179 \
      PH unisim/VCOMPONENTS 1381692182
AR work/DDR2_Ram_Core_cal_ctl/arc_cal_ctl 1473368261 \
      FL D:/RiscV/RiscV/RISCV/DDR2_Ram_Core_cal_ctl.vhd \
      EN work/DDR2_Ram_Core_cal_ctl 1473368260
FL D:/RiscV/RiscV/RISCV/DDR2_Ram_Core_cal_top.vhd 2016/09/08.13:11:04 P.20131013
EN work/DDR2_Ram_Core_cal_top 1473368278 \
      FL D:/RiscV/RiscV/RISCV/DDR2_Ram_Core_cal_top.vhd LB UNISIM \
      PB ieee/std_logic_1164 1381692176 PB ieee/STD_LOGIC_UNSIGNED 1381692179 \
      PH unisim/VCOMPONENTS 1381692182
AR work/DDR2_Ram_Core_cal_top/arc 1473368279 \
      FL D:/RiscV/RiscV/RISCV/DDR2_Ram_Core_cal_top.vhd \
      EN work/DDR2_Ram_Core_cal_top 1473368278 CP DDR2_Ram_Core_cal_ctl \
      CP DDR2_Ram_Core_tap_dly
FL D:/RiscV/RiscV/RISCV/DDR2_Ram_Core_clk_dcm.vhd 2016/09/08.13:11:04 P.20131013
EN work/DDR2_Ram_Core_clk_dcm 1473368276 \
      FL D:/RiscV/RiscV/RISCV/DDR2_Ram_Core_clk_dcm.vhd LB UNISIM \
      PB ieee/std_logic_1164 1381692176 PH unisim/VCOMPONENTS 1381692182
AR work/DDR2_Ram_Core_clk_dcm/arc 1473368277 \
      FL D:/RiscV/RiscV/RISCV/DDR2_Ram_Core_clk_dcm.vhd \
      EN work/DDR2_Ram_Core_clk_dcm 1473368276 CP DCM CP BUFG
FL D:/RiscV/RiscV/RISCV/DDR2_Ram_Core_controller_0.vhd 2016/09/08.13:11:04 P.20131013
EN work/DDR2_Ram_Core_controller_0 1473368280 \
      FL D:/RiscV/RiscV/RISCV/DDR2_Ram_Core_controller_0.vhd LB UNISIM \
      PB ieee/std_logic_1164 1381692176 PB ieee/STD_LOGIC_UNSIGNED 1381692179 \
      PH unisim/VCOMPONENTS 1381692182 PH work/DDR2_Ram_Core_parameters_0 1473368241
AR work/DDR2_Ram_Core_controller_0/arc 1473368281 \
      FL D:/RiscV/RiscV/RISCV/DDR2_Ram_Core_controller_0.vhd \
      EN work/DDR2_Ram_Core_controller_0 1473368280 CP FD
FL D:/RiscV/RiscV/RISCV/DDR2_Ram_Core_controller_iobs_0.vhd 2016/09/08.13:11:04 P.20131013
EN work/DDR2_Ram_Core_controller_iobs_0 1473368266 \
      FL D:/RiscV/RiscV/RISCV/DDR2_Ram_Core_controller_iobs_0.vhd LB UNISIM \
      PB ieee/std_logic_1164 1381692176 PB ieee/STD_LOGIC_UNSIGNED 1381692179 \
      PH unisim/VCOMPONENTS 1381692182 PH work/DDR2_Ram_Core_parameters_0 1473368241
AR work/DDR2_Ram_Core_controller_iobs_0/arc 1473368267 \
      FL D:/RiscV/RiscV/RISCV/DDR2_Ram_Core_controller_iobs_0.vhd \
      EN work/DDR2_Ram_Core_controller_iobs_0 1473368266 CP FD CP OBUF CP label \
      CP IBUF
FL D:/RiscV/RiscV/RISCV/DDR2_Ram_Core_data_path_0.vhd 2016/09/08.13:11:04 P.20131013
EN work/DDR2_Ram_Core_data_path_0 1473368282 \
      FL D:/RiscV/RiscV/RISCV/DDR2_Ram_Core_data_path_0.vhd LB UNISIM \
      PB ieee/std_logic_1164 1381692176 PB ieee/STD_LOGIC_UNSIGNED 1381692179 \
      PH unisim/VCOMPONENTS 1381692182 PH work/DDR2_Ram_Core_parameters_0 1473368241
AR work/DDR2_Ram_Core_data_path_0/arc 1473368283 \
      FL D:/RiscV/RiscV/RISCV/DDR2_Ram_Core_data_path_0.vhd \
      EN work/DDR2_Ram_Core_data_path_0 1473368282 CP DDR2_Ram_Core_data_read_0 \
      CP DDR2_Ram_Core_data_read_controller_0 CP DDR2_Ram_Core_data_write_0
FL D:/RiscV/RiscV/RISCV/DDR2_Ram_Core_data_path_iobs_0.vhd 2016/09/08.13:11:04 P.20131013
EN work/DDR2_Ram_Core_data_path_iobs_0 1473368268 \
      FL D:/RiscV/RiscV/RISCV/DDR2_Ram_Core_data_path_iobs_0.vhd \
      PB ieee/std_logic_1164 1381692176 PB ieee/STD_LOGIC_UNSIGNED 1381692179 \
      LB UNISIM PH unisim/VCOMPONENTS 1381692182 \
      PH work/DDR2_Ram_Core_parameters_0 1473368241
AR work/DDR2_Ram_Core_data_path_iobs_0/arc 1473368269 \
      FL D:/RiscV/RiscV/RISCV/DDR2_Ram_Core_data_path_iobs_0.vhd \
      EN work/DDR2_Ram_Core_data_path_iobs_0 1473368268 \
      CP DDR2_Ram_Core_s3_dm_iob CP DDR2_Ram_Core_s3_dqs_iob \
      CP DDR2_Ram_Core_s3_dq_iob
FL D:/RiscV/RiscV/RISCV/DDR2_Ram_Core_data_read_0.vhd 2016/09/08.13:11:04 P.20131013
EN work/DDR2_Ram_Core_data_read_0 1473368270 \
      FL D:/RiscV/RiscV/RISCV/DDR2_Ram_Core_data_read_0.vhd LB UNISIM \
      PB ieee/std_logic_1164 1381692176 PB ieee/STD_LOGIC_UNSIGNED 1381692179 \
      PH unisim/VCOMPONENTS 1381692182 PH work/DDR2_Ram_Core_parameters_0 1473368241
AR work/DDR2_Ram_Core_data_read_0/arc 1473368271 \
      FL D:/RiscV/RiscV/RISCV/DDR2_Ram_Core_data_read_0.vhd \
      EN work/DDR2_Ram_Core_data_read_0 1473368270 CP DDR2_Ram_Core_rd_gray_cntr \
      CP DDR2_Ram_Core_ram8d_0
FL D:/RiscV/RiscV/RISCV/DDR2_Ram_Core_data_read_controller_0.vhd 2016/09/08.13:11:04 P.20131013
EN work/DDR2_Ram_Core_data_read_controller_0 1473368272 \
      FL D:/RiscV/RiscV/RISCV/DDR2_Ram_Core_data_read_controller_0.vhd LB UNISIM \
      PB ieee/std_logic_1164 1381692176 PB ieee/STD_LOGIC_UNSIGNED 1381692179 \
      PH unisim/VCOMPONENTS 1381692182 PH work/DDR2_Ram_Core_parameters_0 1473368241
AR work/DDR2_Ram_Core_data_read_controller_0/arc 1473368273 \
      FL D:/RiscV/RiscV/RISCV/DDR2_Ram_Core_data_read_controller_0.vhd \
      EN work/DDR2_Ram_Core_data_read_controller_0 1473368272 \
      CP DDR2_Ram_Core_dqs_delay CP label CP DDR2_Ram_Core_fifo_0_wr_en_0 \
      CP DDR2_Ram_Core_fifo_1_wr_en_0 CP DDR2_Ram_Core_wr_gray_cntr
FL D:/RiscV/RiscV/RISCV/DDR2_Ram_Core_data_write_0.vhd 2016/09/08.13:11:04 P.20131013
EN work/DDR2_Ram_Core_data_write_0 1473368274 \
      FL D:/RiscV/RiscV/RISCV/DDR2_Ram_Core_data_write_0.vhd \
      PB ieee/std_logic_1164 1381692176 PB ieee/STD_LOGIC_UNSIGNED 1381692179 \
      LB UNISIM PH unisim/VCOMPONENTS 1381692182 \
      PH work/DDR2_Ram_Core_parameters_0 1473368241
AR work/DDR2_Ram_Core_data_write_0/arc 1473368275 \
      FL D:/RiscV/RiscV/RISCV/DDR2_Ram_Core_data_write_0.vhd \
      EN work/DDR2_Ram_Core_data_write_0 1473368274
FL D:/RiscV/RiscV/RISCV/DDR2_Ram_Core_dqs_delay_0.vhd 2016/09/08.13:11:04 P.20131013
EN work/DDR2_Ram_Core_dqs_delay 1473368248 \
      FL D:/RiscV/RiscV/RISCV/DDR2_Ram_Core_dqs_delay_0.vhd LB UNISIM \
      PB ieee/std_logic_1164 1381692176 PB ieee/STD_LOGIC_UNSIGNED 1381692179 \
      PH unisim/VCOMPONENTS 1381692182
AR work/DDR2_Ram_Core_dqs_delay/arc_dqs_delay 1473368249 \
      FL D:/RiscV/RiscV/RISCV/DDR2_Ram_Core_dqs_delay_0.vhd \
      EN work/DDR2_Ram_Core_dqs_delay 1473368248 CP LUT4
FL D:/RiscV/RiscV/RISCV/DDR2_Ram_Core_fifo_0_wr_en_0.vhd 2016/09/08.13:11:04 P.20131013
EN work/DDR2_Ram_Core_fifo_0_wr_en_0 1473368250 \
      FL D:/RiscV/RiscV/RISCV/DDR2_Ram_Core_fifo_0_wr_en_0.vhd LB UNISIM \
      PB ieee/std_logic_1164 1381692176 PB ieee/STD_LOGIC_UNSIGNED 1381692179 \
      PH unisim/VCOMPONENTS 1381692182
AR work/DDR2_Ram_Core_fifo_0_wr_en_0/arc 1473368251 \
      FL D:/RiscV/RiscV/RISCV/DDR2_Ram_Core_fifo_0_wr_en_0.vhd \
      EN work/DDR2_Ram_Core_fifo_0_wr_en_0 1473368250 CP FDCE
FL D:/RiscV/RiscV/RISCV/DDR2_Ram_Core_fifo_1_wr_en_0.vhd 2016/09/08.13:11:04 P.20131013
EN work/DDR2_Ram_Core_fifo_1_wr_en_0 1473368252 \
      FL D:/RiscV/RiscV/RISCV/DDR2_Ram_Core_fifo_1_wr_en_0.vhd LB UNISIM \
      PB ieee/std_logic_1164 1381692176 PB ieee/STD_LOGIC_UNSIGNED 1381692179 \
      PH unisim/VCOMPONENTS 1381692182
AR work/DDR2_Ram_Core_fifo_1_wr_en_0/arc 1473368253 \
      FL D:/RiscV/RiscV/RISCV/DDR2_Ram_Core_fifo_1_wr_en_0.vhd \
      EN work/DDR2_Ram_Core_fifo_1_wr_en_0 1473368252 CP FDCE
FL D:/RiscV/RiscV/RISCV/DDR2_Ram_Core_infrastructure.vhd 2016/09/08.13:11:04 P.20131013
EN work/DDR2_Ram_Core_infrastructure 1473368284 \
      FL D:/RiscV/RiscV/RISCV/DDR2_Ram_Core_infrastructure.vhd LB UNISIM \
      PB ieee/std_logic_1164 1381692176 PB ieee/STD_LOGIC_UNSIGNED 1381692179 \
      PH unisim/VCOMPONENTS 1381692182
AR work/DDR2_Ram_Core_infrastructure/arc 1473368285 \
      FL D:/RiscV/RiscV/RISCV/DDR2_Ram_Core_infrastructure.vhd \
      EN work/DDR2_Ram_Core_infrastructure 1473368284
FL D:/RiscV/RiscV/RISCV/DDR2_Ram_Core_infrastructure_iobs_0.vhd 2016/09/08.13:11:04 P.20131013
EN work/DDR2_Ram_Core_infrastructure_iobs_0 1473368264 \
      FL D:/RiscV/RiscV/RISCV/DDR2_Ram_Core_infrastructure_iobs_0.vhd LB UNISIM \
      PB ieee/std_logic_1164 1381692176 PB ieee/STD_LOGIC_UNSIGNED 1381692179 \
      PH unisim/VCOMPONENTS 1381692182 PH work/DDR2_Ram_Core_parameters_0 1473368241
AR work/DDR2_Ram_Core_infrastructure_iobs_0/arc 1473368265 \
      FL D:/RiscV/RiscV/RISCV/DDR2_Ram_Core_infrastructure_iobs_0.vhd \
      EN work/DDR2_Ram_Core_infrastructure_iobs_0 1473368264 CP FDDRRSE CP OBUFDS
FL D:/RiscV/RiscV/RISCV/DDR2_Ram_Core_infrastructure_top.vhd 2016/09/08.13:11:04 P.20131013
EN work/DDR2_Ram_Core_infrastructure_top 1473368294 \
      FL D:/RiscV/RiscV/RISCV/DDR2_Ram_Core_infrastructure_top.vhd LB UNISIM \
      PB ieee/std_logic_1164 1381692176 PB ieee/STD_LOGIC_UNSIGNED 1381692179 \
      PH unisim/VCOMPONENTS 1381692182 PH work/DDR2_Ram_Core_parameters_0 1473368241
AR work/DDR2_Ram_Core_infrastructure_top/arc 1473368295 \
      FL D:/RiscV/RiscV/RISCV/DDR2_Ram_Core_infrastructure_top.vhd \
      EN work/DDR2_Ram_Core_infrastructure_top 1473368294 CP IBUFGDS_LVDS_25 \
      CP IBUFG CP DDR2_Ram_Core_clk_dcm CP DDR2_Ram_Core_cal_top
FL D:/RiscV/RiscV/RISCV/DDR2_Ram_Core_iobs_0.vhd 2016/09/08.13:11:04 P.20131013
EN work/DDR2_Ram_Core_iobs_0 1473368286 \
      FL D:/RiscV/RiscV/RISCV/DDR2_Ram_Core_iobs_0.vhd PB ieee/std_logic_1164 1381692176 \
      PB ieee/STD_LOGIC_UNSIGNED 1381692179 PH work/DDR2_Ram_Core_parameters_0 1473368241 \
      LB UNISIM PH unisim/VCOMPONENTS 1381692182
AR work/DDR2_Ram_Core_iobs_0/arc 1473368287 \
      FL D:/RiscV/RiscV/RISCV/DDR2_Ram_Core_iobs_0.vhd \
      EN work/DDR2_Ram_Core_iobs_0 1473368286 \
      CP DDR2_Ram_Core_infrastructure_iobs_0 CP DDR2_Ram_Core_controller_iobs_0 \
      CP DDR2_Ram_Core_data_path_iobs_0
FL D:/RiscV/RiscV/RISCV/DDR2_Ram_Core_parameters_0.vhd 2016/09/08.13:11:04 P.20131013
PH work/DDR2_Ram_Core_parameters_0 1473368241 \
      FL D:/RiscV/RiscV/RISCV/DDR2_Ram_Core_parameters_0.vhd LB UNISIM \
      PB ieee/std_logic_1164 1381692176 PH unisim/VCOMPONENTS 1381692182
FL D:/RiscV/RiscV/RISCV/DDR2_Ram_Core_ram8d_0.vhd 2016/09/08.13:11:04 P.20131013
EN work/DDR2_Ram_Core_ram8d_0 1473368258 \
      FL D:/RiscV/RiscV/RISCV/DDR2_Ram_Core_ram8d_0.vhd LB UNISIM \
      PB ieee/std_logic_1164 1381692176 PB ieee/std_logic_arith 1381692177 \
      PB ieee/STD_LOGIC_UNSIGNED 1381692179 PH unisim/VCOMPONENTS 1381692182 \
      PH work/DDR2_Ram_Core_parameters_0 1473368241
AR work/DDR2_Ram_Core_ram8d_0/arc 1473368259 \
      FL D:/RiscV/RiscV/RISCV/DDR2_Ram_Core_ram8d_0.vhd \
      EN work/DDR2_Ram_Core_ram8d_0 1473368258 CP RAM16X1D
FL D:/RiscV/RiscV/RISCV/DDR2_Ram_Core_rd_gray_cntr.vhd 2016/09/08.13:11:04 P.20131013
EN work/DDR2_Ram_Core_rd_gray_cntr 1473368256 \
      FL D:/RiscV/RiscV/RISCV/DDR2_Ram_Core_rd_gray_cntr.vhd LB UNISIM \
      PB ieee/std_logic_1164 1381692176 PB ieee/std_logic_arith 1381692177 \
      PH unisim/VCOMPONENTS 1381692182
AR work/DDR2_Ram_Core_rd_gray_cntr/arc 1473368257 \
      FL D:/RiscV/RiscV/RISCV/DDR2_Ram_Core_rd_gray_cntr.vhd \
      EN work/DDR2_Ram_Core_rd_gray_cntr 1473368256 CP FDRE
FL D:/RiscV/RiscV/RISCV/DDR2_Ram_Core_s3_dm_iob.vhd 2016/09/08.13:11:04 P.20131013
EN work/DDR2_Ram_Core_s3_dm_iob 1473368242 \
      FL D:/RiscV/RiscV/RISCV/DDR2_Ram_Core_s3_dm_iob.vhd LB UNISIM \
      PB ieee/std_logic_1164 1381692176 PB ieee/STD_LOGIC_UNSIGNED 1381692179 \
      PH unisim/VCOMPONENTS 1381692182
AR work/DDR2_Ram_Core_s3_dm_iob/arc 1473368243 \
      FL D:/RiscV/RiscV/RISCV/DDR2_Ram_Core_s3_dm_iob.vhd \
      EN work/DDR2_Ram_Core_s3_dm_iob 1473368242 CP FDDRRSE CP OBUF
FL D:/RiscV/RiscV/RISCV/DDR2_Ram_Core_s3_dqs_iob.vhd 2016/09/08.13:11:04 P.20131013
EN work/DDR2_Ram_Core_s3_dqs_iob 1473368244 \
      FL D:/RiscV/RiscV/RISCV/DDR2_Ram_Core_s3_dqs_iob.vhd PB ieee/std_logic_1164 1381692176 \
      LB UNISIM PH unisim/VCOMPONENTS 1381692182
AR work/DDR2_Ram_Core_s3_dqs_iob/arc 1473368245 \
      FL D:/RiscV/RiscV/RISCV/DDR2_Ram_Core_s3_dqs_iob.vhd \
      EN work/DDR2_Ram_Core_s3_dqs_iob 1473368244 CP FD CP FDDRRSE CP OBUFTDS \
      CP IBUFDS
FL D:/RiscV/RiscV/RISCV/DDR2_Ram_Core_s3_dq_iob.vhd 2016/09/08.13:11:04 P.20131013
EN work/DDR2_Ram_Core_s3_dq_iob 1473368246 \
      FL D:/RiscV/RiscV/RISCV/DDR2_Ram_Core_s3_dq_iob.vhd LB UNISIM \
      PB ieee/std_logic_1164 1381692176 PB ieee/std_logic_arith 1381692177 \
      PH unisim/VCOMPONENTS 1381692182
AR work/DDR2_Ram_Core_s3_dq_iob/arc 1473368247 \
      FL D:/RiscV/RiscV/RISCV/DDR2_Ram_Core_s3_dq_iob.vhd \
      EN work/DDR2_Ram_Core_s3_dq_iob 1473368246 CP FDDRRSE CP FD CP OBUFT CP IBUF
FL D:/RiscV/RiscV/RISCV/DDR2_Ram_Core_tap_dly.vhd 2016/09/08.13:11:04 P.20131013
EN work/DDR2_Ram_Core_tap_dly 1473368262 \
      FL D:/RiscV/RiscV/RISCV/DDR2_Ram_Core_tap_dly.vhd LB UNISIM \
      PB ieee/std_logic_1164 1381692176 PB ieee/STD_LOGIC_UNSIGNED 1381692179 \
      PH unisim/VCOMPONENTS 1381692182
AR work/DDR2_Ram_Core_tap_dly/arc_tap_dly 1473368263 \
      FL D:/RiscV/RiscV/RISCV/DDR2_Ram_Core_tap_dly.vhd \
      EN work/DDR2_Ram_Core_tap_dly 1473368262 CP LUT4 CP FDR
FL D:/RiscV/RiscV/RISCV/DDR2_Ram_Core_top_0.vhd 2016/09/08.13:11:04 P.20131013
EN work/DDR2_Ram_Core_top_0 1473368292 \
      FL D:/RiscV/RiscV/RISCV/DDR2_Ram_Core_top_0.vhd LB UNISIM \
      PB ieee/std_logic_1164 1381692176 PH work/DDR2_Ram_Core_parameters_0 1473368241 \
      PH unisim/VCOMPONENTS 1381692182
AR work/DDR2_Ram_Core_top_0/arc 1473368293 \
      FL D:/RiscV/RiscV/RISCV/DDR2_Ram_Core_top_0.vhd EN work/DDR2_Ram_Core_top_0 1473368292 \
      CP DDR2_Ram_Core_controller_0 CP DDR2_Ram_Core_data_path_0 \
      CP DDR2_Ram_Core_infrastructure CP DDR2_Ram_Core_iobs_0
FL D:/RiscV/RiscV/RISCV/DDR2_Ram_Core_wr_gray_cntr.vhd 2016/09/08.13:11:04 P.20131013
EN work/DDR2_Ram_Core_wr_gray_cntr 1473368254 \
      FL D:/RiscV/RiscV/RISCV/DDR2_Ram_Core_wr_gray_cntr.vhd LB UNISIM \
      PB ieee/std_logic_1164 1381692176 PB ieee/std_logic_arith 1381692177 \
      PH unisim/VCOMPONENTS 1381692182
AR work/DDR2_Ram_Core_wr_gray_cntr/arc 1473368255 \
      FL D:/RiscV/RiscV/RISCV/DDR2_Ram_Core_wr_gray_cntr.vhd \
      EN work/DDR2_Ram_Core_wr_gray_cntr 1473368254 CP FDCE
FL D:/RiscV/RiscV/RISCV/DDR2_Read_VHDL.vhd 2016/09/08.13:11:04 P.20131013
EN work/DDR2_Read_VHDL 1473368290 FL D:/RiscV/RiscV/RISCV/DDR2_Read_VHDL.vhd \
      PB ieee/std_logic_1164 1381692176 PB ieee/std_logic_arith 1381692177 \
      PB ieee/STD_LOGIC_UNSIGNED 1381692179
AR work/DDR2_Read_VHDL/Verhalten 1473368291 \
      FL D:/RiscV/RiscV/RISCV/DDR2_Read_VHDL.vhd EN work/DDR2_Read_VHDL 1473368290
FL D:/RiscV/RiscV/RISCV/DDR2_Write_VHDL.vhd 2016/09/08.13:11:04 P.20131013
EN work/DDR2_Write_VHDL 1473368288 FL D:/RiscV/RiscV/RISCV/DDR2_Write_VHDL.vhd \
      PB ieee/std_logic_1164 1381692176 PB ieee/std_logic_arith 1381692177 \
      PB ieee/STD_LOGIC_UNSIGNED 1381692179
AR work/DDR2_Write_VHDL/Verhalten 1473368289 \
      FL D:/RiscV/RiscV/RISCV/DDR2_Write_VHDL.vhd EN work/DDR2_Write_VHDL 1473368288
FL D:/RiscV/RiscV/RISCV/ipcore_dir/vga_clk.vhd 2016/09/08.13:11:04 P.20131013
EN work/vga_clk 1473368312 FL D:/RiscV/RiscV/RISCV/ipcore_dir/vga_clk.vhd \
      PB ieee/std_logic_1164 1381692176 PB ieee/NUMERIC_STD 1381692181 LB UNISIM \
      PH unisim/VCOMPONENTS 1381692182
AR work/vga_clk/BEHAVIORAL 1473368313 \
      FL D:/RiscV/RiscV/RISCV/ipcore_dir/vga_clk.vhd EN work/vga_clk 1473368312 \
      CP BUFG CP DCM_SP
FL D:/RiscV/RiscV/RISCV/leitwerk_v3.vhd 2016/09/08.13:11:04 P.20131013
EN work/leitwerk 1473368300 FL D:/RiscV/RiscV/RISCV/leitwerk_v3.vhd \
      PB ieee/std_logic_1164 1381692176 PB ieee/NUMERIC_STD 1381692181
AR work/leitwerk/leitwerk_1 1473368301 \
      FL D:/RiscV/RiscV/RISCV/leitwerk_v3.vhd EN work/leitwerk 1473368300
FL D:/RiscV/RiscV/RISCV/MMU.vhd 2016/09/08.22:57:13 P.20131013
EN work/MMU 1473368316 FL D:/RiscV/RiscV/RISCV/MMU.vhd PB ieee/std_logic_1164 1381692176 \
      PB ieee/NUMERIC_STD 1381692181
AR work/MMU/Behavioral 1473368317 \
      FL D:/RiscV/RiscV/RISCV/MMU.vhd EN work/MMU 1473368316 CP BLOCKRAM \
      CP DDR2_Control_VHDL
FL D:/RiscV/RiscV/RISCV/toplevel.vhd 2016/09/08.16:47:59 P.20131013
EN work/toplevel 1473368320 FL D:/RiscV/RiscV/RISCV/toplevel.vhd \
      PB ieee/std_logic_1164 1381692176 PB ieee/NUMERIC_STD 1381692181 LB UNISIM \
      PH unisim/VCOMPONENTS 1381692182
AR work/toplevel/behaviour 1473368321 \
      FL D:/RiscV/RiscV/RISCV/toplevel.vhd EN work/toplevel 1473368320 \
      CP Clock_VHDL CP clk133m_dcm CP OBUF CP vga CP vga_clk CP work/cpu CP MMU \
      CP DDR2_Ram_Core
FL D:/RiscV/RiscV/RISCV/vga.vhd 2016/09/08.13:11:04 P.20131013
EN work/vga 1473368310 FL D:/RiscV/RiscV/RISCV/vga.vhd PB ieee/std_logic_1164 1381692176 \
      PB ieee/NUMERIC_STD 1381692181
AR work/vga/behaviour 1473368311 \
      FL D:/RiscV/RiscV/RISCV/vga.vhd EN work/vga 1473368310
