V3 217
FL C:/Users/riege/Downloads/RISCV/RISCV/ALU.vhd 2016/09/05.18:51:29 P.20131013
FL C:/Users/riege/Downloads/RISCV/RISCV/clk133m_dcm.vhd 2016/09/05.18:51:29 P.20131013
FL C:/Users/riege/Downloads/RISCV/RISCV/ClockDivider.vhd 2016/09/05.18:51:29 P.20131013
FL C:/Users/riege/Downloads/RISCV/RISCV/Clock_VHDL.vhd 2016/09/05.18:51:29 P.20131013
FL C:/Users/riege/Downloads/RISCV/RISCV/CPU.vhd 2016/09/06.11:53:16 P.20131013
FL C:/Users/riege/Downloads/RISCV/RISCV/DDR2_Control_VHDL.vhd 2016/09/05.18:51:29 P.20131013
FL C:/Users/riege/Downloads/RISCV/RISCV/DDR2_Ram_Core.vhd 2016/09/05.18:51:29 P.20131013
FL C:/Users/riege/Downloads/RISCV/RISCV/DDR2_Ram_Core_cal_ctl.vhd 2016/09/05.18:51:29 P.20131013
FL C:/Users/riege/Downloads/RISCV/RISCV/DDR2_Ram_Core_cal_top.vhd 2016/09/05.18:51:29 P.20131013
FL C:/Users/riege/Downloads/RISCV/RISCV/DDR2_Ram_Core_clk_dcm.vhd 2016/09/05.18:51:29 P.20131013
FL C:/Users/riege/Downloads/RISCV/RISCV/DDR2_Ram_Core_controller_0.vhd 2016/09/05.18:51:29 P.20131013
FL C:/Users/riege/Downloads/RISCV/RISCV/DDR2_Ram_Core_controller_iobs_0.vhd 2016/09/05.18:51:29 P.20131013
FL C:/Users/riege/Downloads/RISCV/RISCV/DDR2_Ram_Core_data_path_0.vhd 2016/09/05.18:51:29 P.20131013
FL C:/Users/riege/Downloads/RISCV/RISCV/DDR2_Ram_Core_data_path_iobs_0.vhd 2016/09/05.18:51:29 P.20131013
FL C:/Users/riege/Downloads/RISCV/RISCV/DDR2_Ram_Core_data_read_0.vhd 2016/09/05.18:51:29 P.20131013
FL C:/Users/riege/Downloads/RISCV/RISCV/DDR2_Ram_Core_data_read_controller_0.vhd 2016/09/05.18:51:29 P.20131013
FL C:/Users/riege/Downloads/RISCV/RISCV/DDR2_Ram_Core_data_write_0.vhd 2016/09/05.18:51:29 P.20131013
FL C:/Users/riege/Downloads/RISCV/RISCV/DDR2_Ram_Core_dqs_delay_0.vhd 2016/09/05.18:51:29 P.20131013
FL C:/Users/riege/Downloads/RISCV/RISCV/DDR2_Ram_Core_fifo_0_wr_en_0.vhd 2016/09/05.18:51:29 P.20131013
FL C:/Users/riege/Downloads/RISCV/RISCV/DDR2_Ram_Core_fifo_1_wr_en_0.vhd 2016/09/05.18:51:30 P.20131013
FL C:/Users/riege/Downloads/RISCV/RISCV/DDR2_Ram_Core_infrastructure.vhd 2016/09/05.18:51:30 P.20131013
FL C:/Users/riege/Downloads/RISCV/RISCV/DDR2_Ram_Core_infrastructure_iobs_0.vhd 2016/09/05.18:51:30 P.20131013
FL C:/Users/riege/Downloads/RISCV/RISCV/DDR2_Ram_Core_infrastructure_top.vhd 2016/09/05.18:51:30 P.20131013
FL C:/Users/riege/Downloads/RISCV/RISCV/DDR2_Ram_Core_iobs_0.vhd 2016/09/05.18:51:30 P.20131013
FL C:/Users/riege/Downloads/RISCV/RISCV/DDR2_Ram_Core_parameters_0.vhd 2016/09/05.18:51:30 P.20131013
FL C:/Users/riege/Downloads/RISCV/RISCV/DDR2_Ram_Core_ram8d_0.vhd 2016/09/05.18:51:30 P.20131013
FL C:/Users/riege/Downloads/RISCV/RISCV/DDR2_Ram_Core_rd_gray_cntr.vhd 2016/09/05.18:51:30 P.20131013
FL C:/Users/riege/Downloads/RISCV/RISCV/DDR2_Ram_Core_s3_dm_iob.vhd 2016/09/05.18:51:30 P.20131013
FL C:/Users/riege/Downloads/RISCV/RISCV/DDR2_Ram_Core_s3_dqs_iob.vhd 2016/09/05.18:51:30 P.20131013
FL C:/Users/riege/Downloads/RISCV/RISCV/DDR2_Ram_Core_s3_dq_iob.vhd 2016/09/05.18:51:30 P.20131013
FL C:/Users/riege/Downloads/RISCV/RISCV/DDR2_Ram_Core_tap_dly.vhd 2016/09/05.18:51:30 P.20131013
FL C:/Users/riege/Downloads/RISCV/RISCV/DDR2_Ram_Core_top_0.vhd 2016/09/05.18:51:30 P.20131013
FL C:/Users/riege/Downloads/RISCV/RISCV/DDR2_Ram_Core_wr_gray_cntr.vhd 2016/09/05.18:51:30 P.20131013
FL C:/Users/riege/Downloads/RISCV/RISCV/DDR2_Read_VHDL.vhd 2016/09/05.18:51:30 P.20131013
FL C:/Users/riege/Downloads/RISCV/RISCV/DDR2_Write_VHDL.vhd 2016/09/05.18:51:30 P.20131013
FL C:/Users/riege/Downloads/RISCV/RISCV/ipcore_dir/vga_clk.vhd 2016/09/05.18:51:30 P.20131013
FL C:/Users/riege/Downloads/RISCV/RISCV/leitwerk_v3.vhd 2016/09/05.18:51:30 P.20131013
FL C:/Users/riege/Downloads/RISCV/RISCV/MMU.vhd 2016/09/06.12:04:08 P.20131013
FL C:/Users/riege/Downloads/RISCV/RISCV/toplevel.vhd 2016/09/06.12:06:16 P.20131013
FL C:/Users/riege/Downloads/RISCV/RISCV/vga.vhd 2016/09/05.18:51:30 P.20131013
FL C:/Users/riege/gpgit/RISC-Vhdl/RISCV/ALU.vhd 2016/09/05.18:51:29 P.20131013
EN work/ALU 1473245303 FL C:/Users/riege/gpgit/RISC-Vhdl/RISCV/ALU.vhd \
      PB ieee/std_logic_1164 1381692176 PB ieee/NUMERIC_STD 1381692181
AR work/ALU/Behavioral 1473245304 \
      FL C:/Users/riege/gpgit/RISC-Vhdl/RISCV/ALU.vhd EN work/ALU 1473245303
FL C:/Users/riege/gpgit/RISC-Vhdl/RISCV/clk133m_dcm.vhd 2016/09/05.18:51:29 P.20131013
EN work/clk133m_dcm 1473245309 \
      FL C:/Users/riege/gpgit/RISC-Vhdl/RISCV/clk133m_dcm.vhd \
      PB ieee/std_logic_1164 1381692176 PB ieee/NUMERIC_STD 1381692181 LB UNISIM \
      PH unisim/VCOMPONENTS 1381692182
AR work/clk133m_dcm/BEHAVIORAL 1473245310 \
      FL C:/Users/riege/gpgit/RISC-Vhdl/RISCV/clk133m_dcm.vhd EN work/clk133m_dcm 1473245309 \
      CP BUFG CP IBUFG CP DCM_SP
FL C:/Users/riege/gpgit/RISC-Vhdl/RISCV/ClockDivider.vhd 2016/09/05.18:51:29 P.20131013
EN work/ClockDivider 1473245305 \
      FL C:/Users/riege/gpgit/RISC-Vhdl/RISCV/ClockDivider.vhd \
      PB ieee/std_logic_1164 1381692176 PB ieee/NUMERIC_STD 1381692181
AR work/ClockDivider/Behavioral 1473245306 \
      FL C:/Users/riege/gpgit/RISC-Vhdl/RISCV/ClockDivider.vhd \
      EN work/ClockDivider 1473245305
FL C:/Users/riege/gpgit/RISC-Vhdl/RISCV/Clock_VHDL.vhd 2016/09/05.18:51:29 P.20131013
EN work/Clock_VHDL 1473245307 \
      FL C:/Users/riege/gpgit/RISC-Vhdl/RISCV/Clock_VHDL.vhd \
      PB ieee/std_logic_1164 1381692176
AR work/Clock_VHDL/Verhalten 1473245308 \
      FL C:/Users/riege/gpgit/RISC-Vhdl/RISCV/Clock_VHDL.vhd EN work/Clock_VHDL 1473245307
FL C:/Users/riege/gpgit/RISC-Vhdl/RISCV/CPU.vhd 2016/09/06.11:53:16 P.20131013
EN work/CPU 1473245315 FL C:/Users/riege/gpgit/RISC-Vhdl/RISCV/CPU.vhd \
      PB ieee/std_logic_1164 1381692176
AR work/CPU/Behavioral 1473245316 \
      FL C:/Users/riege/gpgit/RISC-Vhdl/RISCV/CPU.vhd EN work/CPU 1473245315 \
      CP work/leitwerk CP work/ALU CP work/ClockDivider
FL C:/Users/riege/gpgit/RISC-Vhdl/RISCV/DDR2_Control_VHDL.vhd 2016/09/07.12:15:43 P.20131013
EN work/DDR2_Control_VHDL 1473245299 \
      FL C:/Users/riege/gpgit/RISC-Vhdl/RISCV/DDR2_Control_VHDL.vhd \
      PB ieee/std_logic_1164 1381692176 PB ieee/std_logic_arith 1381692177 \
      PB ieee/STD_LOGIC_UNSIGNED 1381692179
AR work/DDR2_Control_VHDL/Verhalten 1473245300 \
      FL C:/Users/riege/gpgit/RISC-Vhdl/RISCV/DDR2_Control_VHDL.vhd \
      EN work/DDR2_Control_VHDL 1473245299 CP DDR2_Write_VHDL CP DDR2_Read_VHDL
FL C:/Users/riege/gpgit/RISC-Vhdl/RISCV/DDR2_Ram_Core.vhd 2016/09/05.18:51:29 P.20131013
EN work/DDR2_Ram_Core 1473245319 \
      FL C:/Users/riege/gpgit/RISC-Vhdl/RISCV/DDR2_Ram_Core.vhd LB UNISIM \
      PB ieee/std_logic_1164 1381692176 PH unisim/VCOMPONENTS 1381692182
AR work/DDR2_Ram_Core/arc_mem_interface_top 1473245320 \
      FL C:/Users/riege/gpgit/RISC-Vhdl/RISCV/DDR2_Ram_Core.vhd \
      EN work/DDR2_Ram_Core 1473245319 CP DDR2_Ram_Core_top_0 \
      CP DDR2_Ram_Core_infrastructure_top
FL C:/Users/riege/gpgit/RISC-Vhdl/RISCV/DDR2_Ram_Core_cal_ctl.vhd 2016/09/05.18:51:29 P.20131013
EN work/DDR2_Ram_Core_cal_ctl 1473245263 \
      FL C:/Users/riege/gpgit/RISC-Vhdl/RISCV/DDR2_Ram_Core_cal_ctl.vhd LB UNISIM \
      PB ieee/std_logic_1164 1381692176 PB ieee/STD_LOGIC_UNSIGNED 1381692179 \
      PH unisim/VCOMPONENTS 1381692182
AR work/DDR2_Ram_Core_cal_ctl/arc_cal_ctl 1473245264 \
      FL C:/Users/riege/gpgit/RISC-Vhdl/RISCV/DDR2_Ram_Core_cal_ctl.vhd \
      EN work/DDR2_Ram_Core_cal_ctl 1473245263
FL C:/Users/riege/gpgit/RISC-Vhdl/RISCV/DDR2_Ram_Core_cal_top.vhd 2016/09/05.18:51:29 P.20131013
EN work/DDR2_Ram_Core_cal_top 1473245281 \
      FL C:/Users/riege/gpgit/RISC-Vhdl/RISCV/DDR2_Ram_Core_cal_top.vhd LB UNISIM \
      PB ieee/std_logic_1164 1381692176 PB ieee/STD_LOGIC_UNSIGNED 1381692179 \
      PH unisim/VCOMPONENTS 1381692182
AR work/DDR2_Ram_Core_cal_top/arc 1473245282 \
      FL C:/Users/riege/gpgit/RISC-Vhdl/RISCV/DDR2_Ram_Core_cal_top.vhd \
      EN work/DDR2_Ram_Core_cal_top 1473245281 CP DDR2_Ram_Core_cal_ctl \
      CP DDR2_Ram_Core_tap_dly
FL C:/Users/riege/gpgit/RISC-Vhdl/RISCV/DDR2_Ram_Core_clk_dcm.vhd 2016/09/05.18:51:29 P.20131013
EN work/DDR2_Ram_Core_clk_dcm 1473245279 \
      FL C:/Users/riege/gpgit/RISC-Vhdl/RISCV/DDR2_Ram_Core_clk_dcm.vhd LB UNISIM \
      PB ieee/std_logic_1164 1381692176 PH unisim/VCOMPONENTS 1381692182
AR work/DDR2_Ram_Core_clk_dcm/arc 1473245280 \
      FL C:/Users/riege/gpgit/RISC-Vhdl/RISCV/DDR2_Ram_Core_clk_dcm.vhd \
      EN work/DDR2_Ram_Core_clk_dcm 1473245279 CP DCM CP BUFG
FL C:/Users/riege/gpgit/RISC-Vhdl/RISCV/DDR2_Ram_Core_controller_0.vhd 2016/09/05.18:51:29 P.20131013
EN work/DDR2_Ram_Core_controller_0 1473245283 \
      FL C:/Users/riege/gpgit/RISC-Vhdl/RISCV/DDR2_Ram_Core_controller_0.vhd \
      LB UNISIM PB ieee/std_logic_1164 1381692176 PB ieee/STD_LOGIC_UNSIGNED 1381692179 \
      PH unisim/VCOMPONENTS 1381692182 PH work/DDR2_Ram_Core_parameters_0 1473245244
AR work/DDR2_Ram_Core_controller_0/arc 1473245284 \
      FL C:/Users/riege/gpgit/RISC-Vhdl/RISCV/DDR2_Ram_Core_controller_0.vhd \
      EN work/DDR2_Ram_Core_controller_0 1473245283 CP FD
FL C:/Users/riege/gpgit/RISC-Vhdl/RISCV/DDR2_Ram_Core_controller_iobs_0.vhd 2016/09/05.18:51:29 P.20131013
EN work/DDR2_Ram_Core_controller_iobs_0 1473245269 \
      FL C:/Users/riege/gpgit/RISC-Vhdl/RISCV/DDR2_Ram_Core_controller_iobs_0.vhd \
      LB UNISIM PB ieee/std_logic_1164 1381692176 PB ieee/STD_LOGIC_UNSIGNED 1381692179 \
      PH unisim/VCOMPONENTS 1381692182 PH work/DDR2_Ram_Core_parameters_0 1473245244
AR work/DDR2_Ram_Core_controller_iobs_0/arc 1473245270 \
      FL C:/Users/riege/gpgit/RISC-Vhdl/RISCV/DDR2_Ram_Core_controller_iobs_0.vhd \
      EN work/DDR2_Ram_Core_controller_iobs_0 1473245269 CP FD CP OBUF CP label \
      CP IBUF
FL C:/Users/riege/gpgit/RISC-Vhdl/RISCV/DDR2_Ram_Core_data_path_0.vhd 2016/09/05.18:51:29 P.20131013
EN work/DDR2_Ram_Core_data_path_0 1473245285 \
      FL C:/Users/riege/gpgit/RISC-Vhdl/RISCV/DDR2_Ram_Core_data_path_0.vhd \
      LB UNISIM PB ieee/std_logic_1164 1381692176 PB ieee/STD_LOGIC_UNSIGNED 1381692179 \
      PH unisim/VCOMPONENTS 1381692182 PH work/DDR2_Ram_Core_parameters_0 1473245244
AR work/DDR2_Ram_Core_data_path_0/arc 1473245286 \
      FL C:/Users/riege/gpgit/RISC-Vhdl/RISCV/DDR2_Ram_Core_data_path_0.vhd \
      EN work/DDR2_Ram_Core_data_path_0 1473245285 CP DDR2_Ram_Core_data_read_0 \
      CP DDR2_Ram_Core_data_read_controller_0 CP DDR2_Ram_Core_data_write_0
FL C:/Users/riege/gpgit/RISC-Vhdl/RISCV/DDR2_Ram_Core_data_path_iobs_0.vhd 2016/09/05.18:51:29 P.20131013
EN work/DDR2_Ram_Core_data_path_iobs_0 1473245271 \
      FL C:/Users/riege/gpgit/RISC-Vhdl/RISCV/DDR2_Ram_Core_data_path_iobs_0.vhd \
      PB ieee/std_logic_1164 1381692176 PB ieee/STD_LOGIC_UNSIGNED 1381692179 \
      LB UNISIM PH unisim/VCOMPONENTS 1381692182 \
      PH work/DDR2_Ram_Core_parameters_0 1473245244
AR work/DDR2_Ram_Core_data_path_iobs_0/arc 1473245272 \
      FL C:/Users/riege/gpgit/RISC-Vhdl/RISCV/DDR2_Ram_Core_data_path_iobs_0.vhd \
      EN work/DDR2_Ram_Core_data_path_iobs_0 1473245271 \
      CP DDR2_Ram_Core_s3_dm_iob CP DDR2_Ram_Core_s3_dqs_iob \
      CP DDR2_Ram_Core_s3_dq_iob
FL C:/Users/riege/gpgit/RISC-Vhdl/RISCV/DDR2_Ram_Core_data_read_0.vhd 2016/09/05.18:51:29 P.20131013
EN work/DDR2_Ram_Core_data_read_0 1473245273 \
      FL C:/Users/riege/gpgit/RISC-Vhdl/RISCV/DDR2_Ram_Core_data_read_0.vhd \
      LB UNISIM PB ieee/std_logic_1164 1381692176 PB ieee/STD_LOGIC_UNSIGNED 1381692179 \
      PH unisim/VCOMPONENTS 1381692182 PH work/DDR2_Ram_Core_parameters_0 1473245244
AR work/DDR2_Ram_Core_data_read_0/arc 1473245274 \
      FL C:/Users/riege/gpgit/RISC-Vhdl/RISCV/DDR2_Ram_Core_data_read_0.vhd \
      EN work/DDR2_Ram_Core_data_read_0 1473245273 CP DDR2_Ram_Core_rd_gray_cntr \
      CP DDR2_Ram_Core_ram8d_0
FL C:/Users/riege/gpgit/RISC-Vhdl/RISCV/DDR2_Ram_Core_data_read_controller_0.vhd 2016/09/05.18:51:29 P.20131013
EN work/DDR2_Ram_Core_data_read_controller_0 1473245275 \
      FL C:/Users/riege/gpgit/RISC-Vhdl/RISCV/DDR2_Ram_Core_data_read_controller_0.vhd \
      LB UNISIM PB ieee/std_logic_1164 1381692176 PB ieee/STD_LOGIC_UNSIGNED 1381692179 \
      PH unisim/VCOMPONENTS 1381692182 PH work/DDR2_Ram_Core_parameters_0 1473245244
AR work/DDR2_Ram_Core_data_read_controller_0/arc 1473245276 \
      FL C:/Users/riege/gpgit/RISC-Vhdl/RISCV/DDR2_Ram_Core_data_read_controller_0.vhd \
      EN work/DDR2_Ram_Core_data_read_controller_0 1473245275 \
      CP DDR2_Ram_Core_dqs_delay CP label CP DDR2_Ram_Core_fifo_0_wr_en_0 \
      CP DDR2_Ram_Core_fifo_1_wr_en_0 CP DDR2_Ram_Core_wr_gray_cntr
FL C:/Users/riege/gpgit/RISC-Vhdl/RISCV/DDR2_Ram_Core_data_write_0.vhd 2016/09/05.18:51:29 P.20131013
EN work/DDR2_Ram_Core_data_write_0 1473245277 \
      FL C:/Users/riege/gpgit/RISC-Vhdl/RISCV/DDR2_Ram_Core_data_write_0.vhd \
      PB ieee/std_logic_1164 1381692176 PB ieee/STD_LOGIC_UNSIGNED 1381692179 \
      LB UNISIM PH unisim/VCOMPONENTS 1381692182 \
      PH work/DDR2_Ram_Core_parameters_0 1473245244
AR work/DDR2_Ram_Core_data_write_0/arc 1473245278 \
      FL C:/Users/riege/gpgit/RISC-Vhdl/RISCV/DDR2_Ram_Core_data_write_0.vhd \
      EN work/DDR2_Ram_Core_data_write_0 1473245277
FL C:/Users/riege/gpgit/RISC-Vhdl/RISCV/DDR2_Ram_Core_dqs_delay_0.vhd 2016/09/05.18:51:29 P.20131013
EN work/DDR2_Ram_Core_dqs_delay 1473245251 \
      FL C:/Users/riege/gpgit/RISC-Vhdl/RISCV/DDR2_Ram_Core_dqs_delay_0.vhd \
      LB UNISIM PB ieee/std_logic_1164 1381692176 PB ieee/STD_LOGIC_UNSIGNED 1381692179 \
      PH unisim/VCOMPONENTS 1381692182
AR work/DDR2_Ram_Core_dqs_delay/arc_dqs_delay 1473245252 \
      FL C:/Users/riege/gpgit/RISC-Vhdl/RISCV/DDR2_Ram_Core_dqs_delay_0.vhd \
      EN work/DDR2_Ram_Core_dqs_delay 1473245251 CP LUT4
FL C:/Users/riege/gpgit/RISC-Vhdl/RISCV/DDR2_Ram_Core_fifo_0_wr_en_0.vhd 2016/09/05.18:51:29 P.20131013
EN work/DDR2_Ram_Core_fifo_0_wr_en_0 1473245253 \
      FL C:/Users/riege/gpgit/RISC-Vhdl/RISCV/DDR2_Ram_Core_fifo_0_wr_en_0.vhd \
      LB UNISIM PB ieee/std_logic_1164 1381692176 PB ieee/STD_LOGIC_UNSIGNED 1381692179 \
      PH unisim/VCOMPONENTS 1381692182
AR work/DDR2_Ram_Core_fifo_0_wr_en_0/arc 1473245254 \
      FL C:/Users/riege/gpgit/RISC-Vhdl/RISCV/DDR2_Ram_Core_fifo_0_wr_en_0.vhd \
      EN work/DDR2_Ram_Core_fifo_0_wr_en_0 1473245253 CP FDCE
FL C:/Users/riege/gpgit/RISC-Vhdl/RISCV/DDR2_Ram_Core_fifo_1_wr_en_0.vhd 2016/09/05.18:51:30 P.20131013
EN work/DDR2_Ram_Core_fifo_1_wr_en_0 1473245255 \
      FL C:/Users/riege/gpgit/RISC-Vhdl/RISCV/DDR2_Ram_Core_fifo_1_wr_en_0.vhd \
      LB UNISIM PB ieee/std_logic_1164 1381692176 PB ieee/STD_LOGIC_UNSIGNED 1381692179 \
      PH unisim/VCOMPONENTS 1381692182
AR work/DDR2_Ram_Core_fifo_1_wr_en_0/arc 1473245256 \
      FL C:/Users/riege/gpgit/RISC-Vhdl/RISCV/DDR2_Ram_Core_fifo_1_wr_en_0.vhd \
      EN work/DDR2_Ram_Core_fifo_1_wr_en_0 1473245255 CP FDCE
FL C:/Users/riege/gpgit/RISC-Vhdl/RISCV/DDR2_Ram_Core_infrastructure.vhd 2016/09/05.18:51:30 P.20131013
EN work/DDR2_Ram_Core_infrastructure 1473245287 \
      FL C:/Users/riege/gpgit/RISC-Vhdl/RISCV/DDR2_Ram_Core_infrastructure.vhd \
      LB UNISIM PB ieee/std_logic_1164 1381692176 PB ieee/STD_LOGIC_UNSIGNED 1381692179 \
      PH unisim/VCOMPONENTS 1381692182
AR work/DDR2_Ram_Core_infrastructure/arc 1473245288 \
      FL C:/Users/riege/gpgit/RISC-Vhdl/RISCV/DDR2_Ram_Core_infrastructure.vhd \
      EN work/DDR2_Ram_Core_infrastructure 1473245287
FL C:/Users/riege/gpgit/RISC-Vhdl/RISCV/DDR2_Ram_Core_infrastructure_iobs_0.vhd 2016/09/05.18:51:30 P.20131013
EN work/DDR2_Ram_Core_infrastructure_iobs_0 1473245267 \
      FL C:/Users/riege/gpgit/RISC-Vhdl/RISCV/DDR2_Ram_Core_infrastructure_iobs_0.vhd \
      LB UNISIM PB ieee/std_logic_1164 1381692176 PB ieee/STD_LOGIC_UNSIGNED 1381692179 \
      PH unisim/VCOMPONENTS 1381692182 PH work/DDR2_Ram_Core_parameters_0 1473245244
AR work/DDR2_Ram_Core_infrastructure_iobs_0/arc 1473245268 \
      FL C:/Users/riege/gpgit/RISC-Vhdl/RISCV/DDR2_Ram_Core_infrastructure_iobs_0.vhd \
      EN work/DDR2_Ram_Core_infrastructure_iobs_0 1473245267 CP FDDRRSE CP OBUFDS
FL C:/Users/riege/gpgit/RISC-Vhdl/RISCV/DDR2_Ram_Core_infrastructure_top.vhd 2016/09/05.18:51:30 P.20131013
EN work/DDR2_Ram_Core_infrastructure_top 1473245297 \
      FL C:/Users/riege/gpgit/RISC-Vhdl/RISCV/DDR2_Ram_Core_infrastructure_top.vhd \
      LB UNISIM PB ieee/std_logic_1164 1381692176 PB ieee/STD_LOGIC_UNSIGNED 1381692179 \
      PH unisim/VCOMPONENTS 1381692182 PH work/DDR2_Ram_Core_parameters_0 1473245244
AR work/DDR2_Ram_Core_infrastructure_top/arc 1473245298 \
      FL C:/Users/riege/gpgit/RISC-Vhdl/RISCV/DDR2_Ram_Core_infrastructure_top.vhd \
      EN work/DDR2_Ram_Core_infrastructure_top 1473245297 CP IBUFGDS_LVDS_25 \
      CP IBUFG CP DDR2_Ram_Core_clk_dcm CP DDR2_Ram_Core_cal_top
FL C:/Users/riege/gpgit/RISC-Vhdl/RISCV/DDR2_Ram_Core_iobs_0.vhd 2016/09/05.18:51:30 P.20131013
EN work/DDR2_Ram_Core_iobs_0 1473245289 \
      FL C:/Users/riege/gpgit/RISC-Vhdl/RISCV/DDR2_Ram_Core_iobs_0.vhd \
      PB ieee/std_logic_1164 1381692176 PB ieee/STD_LOGIC_UNSIGNED 1381692179 \
      PH work/DDR2_Ram_Core_parameters_0 1473245244 LB UNISIM \
      PH unisim/VCOMPONENTS 1381692182
AR work/DDR2_Ram_Core_iobs_0/arc 1473245290 \
      FL C:/Users/riege/gpgit/RISC-Vhdl/RISCV/DDR2_Ram_Core_iobs_0.vhd \
      EN work/DDR2_Ram_Core_iobs_0 1473245289 \
      CP DDR2_Ram_Core_infrastructure_iobs_0 CP DDR2_Ram_Core_controller_iobs_0 \
      CP DDR2_Ram_Core_data_path_iobs_0
FL C:/Users/riege/gpgit/RISC-Vhdl/RISCV/DDR2_Ram_Core_parameters_0.vhd 2016/09/05.18:51:30 P.20131013
PH work/DDR2_Ram_Core_parameters_0 1473245244 \
      FL C:/Users/riege/gpgit/RISC-Vhdl/RISCV/DDR2_Ram_Core_parameters_0.vhd \
      LB UNISIM PB ieee/std_logic_1164 1381692176 PH unisim/VCOMPONENTS 1381692182
FL C:/Users/riege/gpgit/RISC-Vhdl/RISCV/DDR2_Ram_Core_ram8d_0.vhd 2016/09/05.18:51:30 P.20131013
EN work/DDR2_Ram_Core_ram8d_0 1473245261 \
      FL C:/Users/riege/gpgit/RISC-Vhdl/RISCV/DDR2_Ram_Core_ram8d_0.vhd LB UNISIM \
      PB ieee/std_logic_1164 1381692176 PB ieee/std_logic_arith 1381692177 \
      PB ieee/STD_LOGIC_UNSIGNED 1381692179 PH unisim/VCOMPONENTS 1381692182 \
      PH work/DDR2_Ram_Core_parameters_0 1473245244
AR work/DDR2_Ram_Core_ram8d_0/arc 1473245262 \
      FL C:/Users/riege/gpgit/RISC-Vhdl/RISCV/DDR2_Ram_Core_ram8d_0.vhd \
      EN work/DDR2_Ram_Core_ram8d_0 1473245261 CP RAM16X1D
FL C:/Users/riege/gpgit/RISC-Vhdl/RISCV/DDR2_Ram_Core_rd_gray_cntr.vhd 2016/09/05.18:51:30 P.20131013
EN work/DDR2_Ram_Core_rd_gray_cntr 1473245259 \
      FL C:/Users/riege/gpgit/RISC-Vhdl/RISCV/DDR2_Ram_Core_rd_gray_cntr.vhd \
      LB UNISIM PB ieee/std_logic_1164 1381692176 PB ieee/std_logic_arith 1381692177 \
      PH unisim/VCOMPONENTS 1381692182
AR work/DDR2_Ram_Core_rd_gray_cntr/arc 1473245260 \
      FL C:/Users/riege/gpgit/RISC-Vhdl/RISCV/DDR2_Ram_Core_rd_gray_cntr.vhd \
      EN work/DDR2_Ram_Core_rd_gray_cntr 1473245259 CP FDRE
FL C:/Users/riege/gpgit/RISC-Vhdl/RISCV/DDR2_Ram_Core_s3_dm_iob.vhd 2016/09/05.18:51:30 P.20131013
EN work/DDR2_Ram_Core_s3_dm_iob 1473245245 \
      FL C:/Users/riege/gpgit/RISC-Vhdl/RISCV/DDR2_Ram_Core_s3_dm_iob.vhd \
      LB UNISIM PB ieee/std_logic_1164 1381692176 PB ieee/STD_LOGIC_UNSIGNED 1381692179 \
      PH unisim/VCOMPONENTS 1381692182
AR work/DDR2_Ram_Core_s3_dm_iob/arc 1473245246 \
      FL C:/Users/riege/gpgit/RISC-Vhdl/RISCV/DDR2_Ram_Core_s3_dm_iob.vhd \
      EN work/DDR2_Ram_Core_s3_dm_iob 1473245245 CP FDDRRSE CP OBUF
FL C:/Users/riege/gpgit/RISC-Vhdl/RISCV/DDR2_Ram_Core_s3_dqs_iob.vhd 2016/09/05.18:51:30 P.20131013
EN work/DDR2_Ram_Core_s3_dqs_iob 1473245247 \
      FL C:/Users/riege/gpgit/RISC-Vhdl/RISCV/DDR2_Ram_Core_s3_dqs_iob.vhd \
      PB ieee/std_logic_1164 1381692176 LB UNISIM PH unisim/VCOMPONENTS 1381692182
AR work/DDR2_Ram_Core_s3_dqs_iob/arc 1473245248 \
      FL C:/Users/riege/gpgit/RISC-Vhdl/RISCV/DDR2_Ram_Core_s3_dqs_iob.vhd \
      EN work/DDR2_Ram_Core_s3_dqs_iob 1473245247 CP FD CP FDDRRSE CP OBUFTDS \
      CP IBUFDS
FL C:/Users/riege/gpgit/RISC-Vhdl/RISCV/DDR2_Ram_Core_s3_dq_iob.vhd 2016/09/05.18:51:30 P.20131013
EN work/DDR2_Ram_Core_s3_dq_iob 1473245249 \
      FL C:/Users/riege/gpgit/RISC-Vhdl/RISCV/DDR2_Ram_Core_s3_dq_iob.vhd \
      LB UNISIM PB ieee/std_logic_1164 1381692176 PB ieee/std_logic_arith 1381692177 \
      PH unisim/VCOMPONENTS 1381692182
AR work/DDR2_Ram_Core_s3_dq_iob/arc 1473245250 \
      FL C:/Users/riege/gpgit/RISC-Vhdl/RISCV/DDR2_Ram_Core_s3_dq_iob.vhd \
      EN work/DDR2_Ram_Core_s3_dq_iob 1473245249 CP FDDRRSE CP FD CP OBUFT CP IBUF
FL C:/Users/riege/gpgit/RISC-Vhdl/RISCV/DDR2_Ram_Core_tap_dly.vhd 2016/09/05.18:51:30 P.20131013
EN work/DDR2_Ram_Core_tap_dly 1473245265 \
      FL C:/Users/riege/gpgit/RISC-Vhdl/RISCV/DDR2_Ram_Core_tap_dly.vhd LB UNISIM \
      PB ieee/std_logic_1164 1381692176 PB ieee/STD_LOGIC_UNSIGNED 1381692179 \
      PH unisim/VCOMPONENTS 1381692182
AR work/DDR2_Ram_Core_tap_dly/arc_tap_dly 1473245266 \
      FL C:/Users/riege/gpgit/RISC-Vhdl/RISCV/DDR2_Ram_Core_tap_dly.vhd \
      EN work/DDR2_Ram_Core_tap_dly 1473245265 CP LUT4 CP FDR
FL C:/Users/riege/gpgit/RISC-Vhdl/RISCV/DDR2_Ram_Core_top_0.vhd 2016/09/05.18:51:30 P.20131013
EN work/DDR2_Ram_Core_top_0 1473245295 \
      FL C:/Users/riege/gpgit/RISC-Vhdl/RISCV/DDR2_Ram_Core_top_0.vhd LB UNISIM \
      PB ieee/std_logic_1164 1381692176 PH work/DDR2_Ram_Core_parameters_0 1473245244 \
      PH unisim/VCOMPONENTS 1381692182
AR work/DDR2_Ram_Core_top_0/arc 1473245296 \
      FL C:/Users/riege/gpgit/RISC-Vhdl/RISCV/DDR2_Ram_Core_top_0.vhd \
      EN work/DDR2_Ram_Core_top_0 1473245295 CP DDR2_Ram_Core_controller_0 \
      CP DDR2_Ram_Core_data_path_0 CP DDR2_Ram_Core_infrastructure \
      CP DDR2_Ram_Core_iobs_0
FL C:/Users/riege/gpgit/RISC-Vhdl/RISCV/DDR2_Ram_Core_wr_gray_cntr.vhd 2016/09/05.18:51:30 P.20131013
EN work/DDR2_Ram_Core_wr_gray_cntr 1473245257 \
      FL C:/Users/riege/gpgit/RISC-Vhdl/RISCV/DDR2_Ram_Core_wr_gray_cntr.vhd \
      LB UNISIM PB ieee/std_logic_1164 1381692176 PB ieee/std_logic_arith 1381692177 \
      PH unisim/VCOMPONENTS 1381692182
AR work/DDR2_Ram_Core_wr_gray_cntr/arc 1473245258 \
      FL C:/Users/riege/gpgit/RISC-Vhdl/RISCV/DDR2_Ram_Core_wr_gray_cntr.vhd \
      EN work/DDR2_Ram_Core_wr_gray_cntr 1473245257 CP FDCE
FL C:/Users/riege/gpgit/RISC-Vhdl/RISCV/DDR2_Read_VHDL.vhd 2016/09/05.18:51:30 P.20131013
EN work/DDR2_Read_VHDL 1473245293 \
      FL C:/Users/riege/gpgit/RISC-Vhdl/RISCV/DDR2_Read_VHDL.vhd \
      PB ieee/std_logic_1164 1381692176 PB ieee/std_logic_arith 1381692177 \
      PB ieee/STD_LOGIC_UNSIGNED 1381692179
AR work/DDR2_Read_VHDL/Verhalten 1473245294 \
      FL C:/Users/riege/gpgit/RISC-Vhdl/RISCV/DDR2_Read_VHDL.vhd \
      EN work/DDR2_Read_VHDL 1473245293
FL C:/Users/riege/gpgit/RISC-Vhdl/RISCV/DDR2_Write_VHDL.vhd 2016/09/05.18:51:30 P.20131013
EN work/DDR2_Write_VHDL 1473245291 \
      FL C:/Users/riege/gpgit/RISC-Vhdl/RISCV/DDR2_Write_VHDL.vhd \
      PB ieee/std_logic_1164 1381692176 PB ieee/std_logic_arith 1381692177 \
      PB ieee/STD_LOGIC_UNSIGNED 1381692179
AR work/DDR2_Write_VHDL/Verhalten 1473245292 \
      FL C:/Users/riege/gpgit/RISC-Vhdl/RISCV/DDR2_Write_VHDL.vhd \
      EN work/DDR2_Write_VHDL 1473245291
FL C:/Users/riege/gpgit/RISC-Vhdl/RISCV/ipcore_dir/vga_clk.vhd 2016/09/05.18:51:30 P.20131013
EN work/vga_clk 1473245313 \
      FL C:/Users/riege/gpgit/RISC-Vhdl/RISCV/ipcore_dir/vga_clk.vhd \
      PB ieee/std_logic_1164 1381692176 PB ieee/NUMERIC_STD 1381692181 LB UNISIM \
      PH unisim/VCOMPONENTS 1381692182
AR work/vga_clk/BEHAVIORAL 1473245314 \
      FL C:/Users/riege/gpgit/RISC-Vhdl/RISCV/ipcore_dir/vga_clk.vhd \
      EN work/vga_clk 1473245313 CP BUFG CP DCM_SP
FL C:/Users/riege/gpgit/RISC-Vhdl/RISCV/leitwerk_v3.vhd 2016/09/05.18:51:30 P.20131013
EN work/leitwerk 1473245301 \
      FL C:/Users/riege/gpgit/RISC-Vhdl/RISCV/leitwerk_v3.vhd \
      PB ieee/std_logic_1164 1381692176 PB ieee/NUMERIC_STD 1381692181
AR work/leitwerk/leitwerk_1 1473245302 \
      FL C:/Users/riege/gpgit/RISC-Vhdl/RISCV/leitwerk_v3.vhd EN work/leitwerk 1473245301
FL C:/Users/riege/gpgit/RISC-Vhdl/RISCV/MMU.vhd 2016/09/07.12:47:21 P.20131013
EN work/MMU 1473245317 FL C:/Users/riege/gpgit/RISC-Vhdl/RISCV/MMU.vhd \
      PB ieee/std_logic_1164 1381692176 PB ieee/NUMERIC_STD 1381692181
AR work/MMU/Behavioral 1473245318 \
      FL C:/Users/riege/gpgit/RISC-Vhdl/RISCV/MMU.vhd EN work/MMU 1473245317 \
      CP DDR2_Control_VHDL
FL C:/Users/riege/gpgit/RISC-Vhdl/RISCV/toplevel.vhd 2016/09/07.11:04:19 P.20131013
EN work/toplevel 1473245321 FL C:/Users/riege/gpgit/RISC-Vhdl/RISCV/toplevel.vhd \
      PB ieee/std_logic_1164 1381692176 PB ieee/NUMERIC_STD 1381692181 LB UNISIM \
      PH unisim/VCOMPONENTS 1381692182
AR work/toplevel/behaviour 1473245322 \
      FL C:/Users/riege/gpgit/RISC-Vhdl/RISCV/toplevel.vhd EN work/toplevel 1473245321 \
      CP Clock_VHDL CP clk133m_dcm CP OBUF CP vga CP vga_clk CP work/cpu CP MMU \
      CP DDR2_Ram_Core
FL C:/Users/riege/gpgit/RISC-Vhdl/RISCV/vga.vhd 2016/09/05.18:51:30 P.20131013
EN work/vga 1473245311 FL C:/Users/riege/gpgit/RISC-Vhdl/RISCV/vga.vhd \
      PB ieee/std_logic_1164 1381692176 PB ieee/NUMERIC_STD 1381692181
AR work/vga/behaviour 1473245312 \
      FL C:/Users/riege/gpgit/RISC-Vhdl/RISCV/vga.vhd EN work/vga 1473245311
