EN charmap NULL C:/Users/riege/gpgit/RISC-Vhdl/RISC-Vhdl/CHARMAP.vhd sub00/vhpl71 1484855442
AR mmu behavioral C:/Users/riege/gpgit/RISC-Vhdl/RISC-Vhdl/MMU.vhd sub00/vhpl88 1484855459
EN ddr2_ram_core_rd_gray_cntr NULL C:/Users/riege/gpgit/RISC-Vhdl/RISC-Vhdl/DDR2_Ram_Core_rd_gray_cntr.vhd sub00/vhpl15 1484855386
EN ddr2_ram_core_cal_ctl NULL C:/Users/riege/gpgit/RISC-Vhdl/RISC-Vhdl/DDR2_Ram_Core_cal_ctl.vhd sub00/vhpl19 1484855390
EN asciiunit NULL C:/Users/riege/gpgit/RISC-Vhdl/RISC-Vhdl/ASCIIUNIT.vhd sub00/vhpl77 1484855448
AR ddr2_ram_core_ram8d_0 arc C:/Users/riege/gpgit/RISC-Vhdl/RISC-Vhdl/DDR2_Ram_Core_ram8d_0.vhd sub00/vhpl18 1484855389
AR clockdivider behavioral C:/Users/riege/gpgit/RISC-Vhdl/RISC-Vhdl/ClockDivider.vhd sub00/vhpl70 1484855441
AR ddr2_ram_core_rd_gray_cntr arc C:/Users/riege/gpgit/RISC-Vhdl/RISC-Vhdl/DDR2_Ram_Core_rd_gray_cntr.vhd sub00/vhpl16 1484855387
AR pram behavioral C:/Users/riege/gpgit/RISC-Vhdl/RISC-Vhdl/PRAM.vhd sub00/vhpl58 1484855429
EN ddr2_ram_core_cal_top NULL C:/Users/riege/gpgit/RISC-Vhdl/RISC-Vhdl/DDR2_Ram_Core_cal_top.vhd sub00/vhpl37 1484855408
AR ioram behavioral C:/Users/riege/gpgit/RISC-Vhdl/RISC-Vhdl/IORAM.vhd sub00/vhpl62 1484855433
AR ddr2_ram_core_data_path_0 arc C:/Users/riege/gpgit/RISC-Vhdl/RISC-Vhdl/DDR2_Ram_Core_data_path_0.vhd sub00/vhpl42 1484855413
EN cu NULL C:/Users/riege/gpgit/RISC-Vhdl/RISC-Vhdl/CU.vhd sub00/vhpl65 1484855436
AR vga behaviour C:/Users/riege/gpgit/RISC-Vhdl/RISC-Vhdl/vga.vhd sub00/vhpl80 1484855451
EN ddr2_ram_core_infrastructure_top NULL C:/Users/riege/gpgit/RISC-Vhdl/RISC-Vhdl/DDR2_Ram_Core_infrastructure_top.vhd sub00/vhpl53 1484855424
AR cpu cpu_1 C:/Users/riege/gpgit/RISC-Vhdl/RISC-Vhdl/CPU.vhd sub00/vhpl84 1484855455
EN clock_vhdl NULL C:/Users/riege/gpgit/RISC-Vhdl/RISC-Vhdl/Clock_VHDL.vhd sub00/vhpl73 1484855444
EN blockram NULL C:/Users/riege/gpgit/RISC-Vhdl/RISC-Vhdl/BLOCKRAM.vhd sub00/vhpl55 1484855426
AR ddr2_ram_core_infrastructure arc C:/Users/riege/gpgit/RISC-Vhdl/RISC-Vhdl/DDR2_Ram_Core_infrastructure.vhd sub00/vhpl44 1484855415
AR ddr2_ram_core_fifo_0_wr_en_0 arc C:/Users/riege/gpgit/RISC-Vhdl/RISC-Vhdl/DDR2_Ram_Core_fifo_0_wr_en_0.vhd sub00/vhpl10 1484855381
AR ddr2_ram_core_cal_ctl arc_cal_ctl C:/Users/riege/gpgit/RISC-Vhdl/RISC-Vhdl/DDR2_Ram_Core_cal_ctl.vhd sub00/vhpl20 1484855391
EN ddr2_ram_core_tap_dly NULL C:/Users/riege/gpgit/RISC-Vhdl/RISC-Vhdl/DDR2_Ram_Core_tap_dly.vhd sub00/vhpl21 1484855392
AR ddr2_ram_core_cal_top arc C:/Users/riege/gpgit/RISC-Vhdl/RISC-Vhdl/DDR2_Ram_Core_cal_top.vhd sub00/vhpl38 1484855409
AR ddr2_read_vhdl verhalten C:/Users/riege/gpgit/RISC-Vhdl/RISC-Vhdl/DDR2_Read_VHDL.vhd sub00/vhpl50 1484855421
AR cu cu_1 C:/Users/riege/gpgit/RISC-Vhdl/RISC-Vhdl/CU.vhd sub00/vhpl66 1484855437
AR ddr2_ram_core_infrastructure_iobs_0 arc C:/Users/riege/gpgit/RISC-Vhdl/RISC-Vhdl/DDR2_Ram_Core_infrastructure_iobs_0.vhd sub00/vhpl24 1484855395
EN ddr2_read_vhdl NULL C:/Users/riege/gpgit/RISC-Vhdl/RISC-Vhdl/DDR2_Read_VHDL.vhd sub00/vhpl49 1484855420
EN cpu NULL C:/Users/riege/gpgit/RISC-Vhdl/RISC-Vhdl/CPU.vhd sub00/vhpl83 1484855454
AR clock_vhdl verhalten C:/Users/riege/gpgit/RISC-Vhdl/RISC-Vhdl/Clock_VHDL.vhd sub00/vhpl74 1484855445
AR ddr2_ram_core_iobs_0 arc C:/Users/riege/gpgit/RISC-Vhdl/RISC-Vhdl/DDR2_Ram_Core_iobs_0.vhd sub00/vhpl46 1484855417
EN pram NULL C:/Users/riege/gpgit/RISC-Vhdl/RISC-Vhdl/PRAM.vhd sub00/vhpl57 1484855428
PH ddr2_ram_core_parameters_0 NULL C:/Users/riege/gpgit/RISC-Vhdl/RISC-Vhdl/DDR2_Ram_Core_parameters_0.vhd sub00/vhpl00 1484855371
AR ddr2_ram_core_wr_gray_cntr arc C:/Users/riege/gpgit/RISC-Vhdl/RISC-Vhdl/DDR2_Ram_Core_wr_gray_cntr.vhd sub00/vhpl14 1484855385
EN ddr2_ram_core_data_path_0 NULL C:/Users/riege/gpgit/RISC-Vhdl/RISC-Vhdl/DDR2_Ram_Core_data_path_0.vhd sub00/vhpl41 1484855412
EN ddr2_ram_core_infrastructure NULL C:/Users/riege/gpgit/RISC-Vhdl/RISC-Vhdl/DDR2_Ram_Core_infrastructure.vhd sub00/vhpl43 1484855414
EN toplevel NULL C:/Users/riege/gpgit/RISC-Vhdl/RISC-Vhdl/toplevel.vhd sub00/vhpl91 1484855462
AR clk133m_dcm behavioral C:/Users/riege/gpgit/RISC-Vhdl/RISC-Vhdl/clk133m_dcm.vhd sub00/vhpl76 1484855447
EN vga NULL C:/Users/riege/gpgit/RISC-Vhdl/RISC-Vhdl/vga.vhd sub00/vhpl79 1484855450
AR charram behavioral C:/Users/riege/gpgit/RISC-Vhdl/RISC-Vhdl/CHARRAM.vhd sub00/vhpl60 1484855431
EN ddr2_control_vhdl NULL C:/Users/riege/gpgit/RISC-Vhdl/RISC-Vhdl/DDR2_Control_VHDL.vhd sub00/vhpl63 1484855434
AR ddr2_write_vhdl verhalten C:/Users/riege/gpgit/RISC-Vhdl/RISC-Vhdl/DDR2_Write_VHDL.vhd sub00/vhpl48 1484855419
EN ddr2_ram_core_fifo_1_wr_en_0 NULL C:/Users/riege/gpgit/RISC-Vhdl/RISC-Vhdl/DDR2_Ram_Core_fifo_1_wr_en_0.vhd sub00/vhpl11 1484855382
EN ddr2_ram_core_dqs_delay NULL C:/Users/riege/gpgit/RISC-Vhdl/RISC-Vhdl/DDR2_Ram_Core_dqs_delay_0.vhd sub00/vhpl07 1484855378
AR ddr2_ram_core_controller_0 arc C:/Users/riege/gpgit/RISC-Vhdl/RISC-Vhdl/DDR2_Ram_Core_controller_0.vhd sub00/vhpl40 1484855411
EN mmu NULL C:/Users/riege/gpgit/RISC-Vhdl/RISC-Vhdl/MMU.vhd sub00/vhpl87 1484855458
AR ddr2_control_vhdl verhalten C:/Users/riege/gpgit/RISC-Vhdl/RISC-Vhdl/DDR2_Control_VHDL.vhd sub00/vhpl64 1484855435
EN ddr2_ram_core_fifo_0_wr_en_0 NULL C:/Users/riege/gpgit/RISC-Vhdl/RISC-Vhdl/DDR2_Ram_Core_fifo_0_wr_en_0.vhd sub00/vhpl09 1484855380
AR blockram behavioral C:/Users/riege/gpgit/RISC-Vhdl/RISC-Vhdl/BLOCKRAM.vhd sub00/vhpl56 1484855427
EN ddr2_write_vhdl NULL C:/Users/riege/gpgit/RISC-Vhdl/RISC-Vhdl/DDR2_Write_VHDL.vhd sub00/vhpl47 1484855418
AR ddr2_ram_core_fifo_1_wr_en_0 arc C:/Users/riege/gpgit/RISC-Vhdl/RISC-Vhdl/DDR2_Ram_Core_fifo_1_wr_en_0.vhd sub00/vhpl12 1484855383
AR charmap behavioral C:/Users/riege/gpgit/RISC-Vhdl/RISC-Vhdl/CHARMAP.vhd sub00/vhpl72 1484855443
AR ddr2_ram_core_data_path_iobs_0 arc C:/Users/riege/gpgit/RISC-Vhdl/RISC-Vhdl/DDR2_Ram_Core_data_path_iobs_0.vhd sub00/vhpl28 1484855399
EN ddr2_ram_core_clk_dcm NULL C:/Users/riege/gpgit/RISC-Vhdl/RISC-Vhdl/DDR2_Ram_Core_clk_dcm.vhd sub00/vhpl35 1484855406
AR ddr2_ram_core_top_0 arc C:/Users/riege/gpgit/RISC-Vhdl/RISC-Vhdl/DDR2_Ram_Core_top_0.vhd sub00/vhpl52 1484855423
AR ddr2_ram_core_s3_dqs_iob arc C:/Users/riege/gpgit/RISC-Vhdl/RISC-Vhdl/DDR2_Ram_Core_s3_dqs_iob.vhd sub00/vhpl04 1484855375
EN clockdivider NULL C:/Users/riege/gpgit/RISC-Vhdl/RISC-Vhdl/ClockDivider.vhd sub00/vhpl69 1484855440
AR uart uart_1 C:/Users/riege/gpgit/RISC-Vhdl/RISC-Vhdl/uart.vhd sub00/vhpl86 1484855457
AR ddr2_ram_core arc_mem_interface_top C:/Users/riege/gpgit/RISC-Vhdl/RISC-Vhdl/DDR2_Ram_Core.vhd sub00/vhpl90 1484855461
EN charram NULL C:/Users/riege/gpgit/RISC-Vhdl/RISC-Vhdl/CHARRAM.vhd sub00/vhpl59 1484855430
EN ddr2_ram_core_iobs_0 NULL C:/Users/riege/gpgit/RISC-Vhdl/RISC-Vhdl/DDR2_Ram_Core_iobs_0.vhd sub00/vhpl45 1484855416
EN ddr2_ram_core_data_write_0 NULL C:/Users/riege/gpgit/RISC-Vhdl/RISC-Vhdl/DDR2_Ram_Core_data_write_0.vhd sub00/vhpl33 1484855404
EN ddr2_ram_core_wr_gray_cntr NULL C:/Users/riege/gpgit/RISC-Vhdl/RISC-Vhdl/DDR2_Ram_Core_wr_gray_cntr.vhd sub00/vhpl13 1484855384
EN ddr2_ram_core_ram8d_0 NULL C:/Users/riege/gpgit/RISC-Vhdl/RISC-Vhdl/DDR2_Ram_Core_ram8d_0.vhd sub00/vhpl17 1484855388
EN ddr2_ram_core_infrastructure_iobs_0 NULL C:/Users/riege/gpgit/RISC-Vhdl/RISC-Vhdl/DDR2_Ram_Core_infrastructure_iobs_0.vhd sub00/vhpl23 1484855394
AR vga_clk behavioral C:/Users/riege/gpgit/RISC-Vhdl/RISC-Vhdl/ipcore_dir/vga_clk.vhd sub00/vhpl82 1484855453
EN ddr2_ram_core_data_read_controller_0 NULL C:/Users/riege/gpgit/RISC-Vhdl/RISC-Vhdl/DDR2_Ram_Core_data_read_controller_0.vhd sub00/vhpl31 1484855402
EN ddr2_ram_core_data_path_iobs_0 NULL C:/Users/riege/gpgit/RISC-Vhdl/RISC-Vhdl/DDR2_Ram_Core_data_path_iobs_0.vhd sub00/vhpl27 1484855398
EN vga_clk NULL C:/Users/riege/gpgit/RISC-Vhdl/RISC-Vhdl/ipcore_dir/vga_clk.vhd sub00/vhpl81 1484855452
EN ddr2_ram_core_s3_dq_iob NULL C:/Users/riege/gpgit/RISC-Vhdl/RISC-Vhdl/DDR2_Ram_Core_s3_dq_iob.vhd sub00/vhpl05 1484855376
AR ddr2_ram_core_controller_iobs_0 arc C:/Users/riege/gpgit/RISC-Vhdl/RISC-Vhdl/DDR2_Ram_Core_controller_iobs_0.vhd sub00/vhpl26 1484855397
AR ddr2_ram_core_data_read_0 arc C:/Users/riege/gpgit/RISC-Vhdl/RISC-Vhdl/DDR2_Ram_Core_data_read_0.vhd sub00/vhpl30 1484855401
EN ddr2_ram_core_s3_dm_iob NULL C:/Users/riege/gpgit/RISC-Vhdl/RISC-Vhdl/DDR2_Ram_Core_s3_dm_iob.vhd sub00/vhpl01 1484855372
AR ddr2_ram_core_tap_dly arc_tap_dly C:/Users/riege/gpgit/RISC-Vhdl/RISC-Vhdl/DDR2_Ram_Core_tap_dly.vhd sub00/vhpl22 1484855393
EN ddr2_ram_core_top_0 NULL C:/Users/riege/gpgit/RISC-Vhdl/RISC-Vhdl/DDR2_Ram_Core_top_0.vhd sub00/vhpl51 1484855422
AR ddr2_ram_core_infrastructure_top arc C:/Users/riege/gpgit/RISC-Vhdl/RISC-Vhdl/DDR2_Ram_Core_infrastructure_top.vhd sub00/vhpl54 1484855425
EN ioram NULL C:/Users/riege/gpgit/RISC-Vhdl/RISC-Vhdl/IORAM.vhd sub00/vhpl61 1484855432
EN ddr2_ram_core_controller_iobs_0 NULL C:/Users/riege/gpgit/RISC-Vhdl/RISC-Vhdl/DDR2_Ram_Core_controller_iobs_0.vhd sub00/vhpl25 1484855396
AR asciiunit behavioral C:/Users/riege/gpgit/RISC-Vhdl/RISC-Vhdl/ASCIIUNIT.vhd sub00/vhpl78 1484855449
AR alu behavioral C:/Users/riege/gpgit/RISC-Vhdl/RISC-Vhdl/ALU.vhd sub00/vhpl68 1484855439
EN ddr2_ram_core NULL C:/Users/riege/gpgit/RISC-Vhdl/RISC-Vhdl/DDR2_Ram_Core.vhd sub00/vhpl89 1484855460
EN ddr2_ram_core_controller_0 NULL C:/Users/riege/gpgit/RISC-Vhdl/RISC-Vhdl/DDR2_Ram_Core_controller_0.vhd sub00/vhpl39 1484855410
AR ddr2_ram_core_s3_dq_iob arc C:/Users/riege/gpgit/RISC-Vhdl/RISC-Vhdl/DDR2_Ram_Core_s3_dq_iob.vhd sub00/vhpl06 1484855377
EN ddr2_ram_core_s3_dqs_iob NULL C:/Users/riege/gpgit/RISC-Vhdl/RISC-Vhdl/DDR2_Ram_Core_s3_dqs_iob.vhd sub00/vhpl03 1484855374
EN clk133m_dcm NULL C:/Users/riege/gpgit/RISC-Vhdl/RISC-Vhdl/clk133m_dcm.vhd sub00/vhpl75 1484855446
EN uart NULL C:/Users/riege/gpgit/RISC-Vhdl/RISC-Vhdl/uart.vhd sub00/vhpl85 1484855456
AR ddr2_ram_core_data_write_0 arc C:/Users/riege/gpgit/RISC-Vhdl/RISC-Vhdl/DDR2_Ram_Core_data_write_0.vhd sub00/vhpl34 1484855405
EN ddr2_ram_core_data_read_0 NULL C:/Users/riege/gpgit/RISC-Vhdl/RISC-Vhdl/DDR2_Ram_Core_data_read_0.vhd sub00/vhpl29 1484855400
AR ddr2_ram_core_data_read_controller_0 arc C:/Users/riege/gpgit/RISC-Vhdl/RISC-Vhdl/DDR2_Ram_Core_data_read_controller_0.vhd sub00/vhpl32 1484855403
AR ddr2_ram_core_clk_dcm arc C:/Users/riege/gpgit/RISC-Vhdl/RISC-Vhdl/DDR2_Ram_Core_clk_dcm.vhd sub00/vhpl36 1484855407
EN alu NULL C:/Users/riege/gpgit/RISC-Vhdl/RISC-Vhdl/ALU.vhd sub00/vhpl67 1484855438
AR ddr2_ram_core_dqs_delay arc_dqs_delay C:/Users/riege/gpgit/RISC-Vhdl/RISC-Vhdl/DDR2_Ram_Core_dqs_delay_0.vhd sub00/vhpl08 1484855379
AR toplevel behaviour C:/Users/riege/gpgit/RISC-Vhdl/RISC-Vhdl/toplevel.vhd sub00/vhpl92 1484855463
AR ddr2_ram_core_s3_dm_iob arc C:/Users/riege/gpgit/RISC-Vhdl/RISC-Vhdl/DDR2_Ram_Core_s3_dm_iob.vhd sub00/vhpl02 1484855373
