V3 207
FL C:/Users/riege/gpgit/RISC-Vhdl/RISC-Vhdl/ALU.vhd 2016/12/27.15:09:02 P.20131013
EN work/ALU 1484855438 FL C:/Users/riege/gpgit/RISC-Vhdl/RISC-Vhdl/ALU.vhd \
      PB ieee/std_logic_1164 1381692176 PB ieee/NUMERIC_STD 1381692181
AR work/ALU/Behavioral 1484855439 \
      FL C:/Users/riege/gpgit/RISC-Vhdl/RISC-Vhdl/ALU.vhd EN work/ALU 1484855438 \
      CP divUnsigned CP divSigned
FL C:/Users/riege/gpgit/RISC-Vhdl/RISC-Vhdl/ASCIIUNIT.vhd 2017/01/17.23:45:40 P.20131013
EN work/ASCIIUNIT 1484855448 \
      FL C:/Users/riege/gpgit/RISC-Vhdl/RISC-Vhdl/ASCIIUNIT.vhd \
      PB ieee/std_logic_1164 1381692176 PB ieee/NUMERIC_STD 1381692181
AR work/ASCIIUNIT/Behavioral 1484855449 \
      FL C:/Users/riege/gpgit/RISC-Vhdl/RISC-Vhdl/ASCIIUNIT.vhd EN work/ASCIIUNIT 1484855448 \
      CP CHARMAP
FL C:/Users/riege/gpgit/RISC-Vhdl/RISC-Vhdl/BLOCKRAM.vhd 2017/01/17.23:45:40 P.20131013
EN work/BLOCKRAM 1484855426 \
      FL C:/Users/riege/gpgit/RISC-Vhdl/RISC-Vhdl/BLOCKRAM.vhd \
      PB ieee/std_logic_1164 1381692176 PB ieee/NUMERIC_STD 1381692181
AR work/BLOCKRAM/Behavioral 1484855427 \
      FL C:/Users/riege/gpgit/RISC-Vhdl/RISC-Vhdl/BLOCKRAM.vhd EN work/BLOCKRAM 1484855426
FL C:/Users/riege/gpgit/RISC-Vhdl/RISC-Vhdl/CHARMAP.vhd 2017/01/17.23:45:33 P.20131013
EN work/CHARMAP 1484855442 \
      FL C:/Users/riege/gpgit/RISC-Vhdl/RISC-Vhdl/CHARMAP.vhd \
      PB ieee/std_logic_1164 1381692176 PB ieee/NUMERIC_STD 1381692181
AR work/CHARMAP/Behavioral 1484855443 \
      FL C:/Users/riege/gpgit/RISC-Vhdl/RISC-Vhdl/CHARMAP.vhd EN work/CHARMAP 1484855442
FL C:/Users/riege/gpgit/RISC-Vhdl/RISC-Vhdl/CHARRAM.vhd 2016/12/27.15:09:02 P.20131013
EN work/CHARRAM 1484855430 \
      FL C:/Users/riege/gpgit/RISC-Vhdl/RISC-Vhdl/CHARRAM.vhd \
      PB ieee/std_logic_1164 1381692176 PB ieee/NUMERIC_STD 1381692181
AR work/CHARRAM/Behavioral 1484855431 \
      FL C:/Users/riege/gpgit/RISC-Vhdl/RISC-Vhdl/CHARRAM.vhd EN work/CHARRAM 1484855430
FL C:/Users/riege/gpgit/RISC-Vhdl/RISC-Vhdl/clk133m_dcm.vhd 2016/11/11.15:56:38 P.20131013
EN work/clk133m_dcm 1484855446 \
      FL C:/Users/riege/gpgit/RISC-Vhdl/RISC-Vhdl/clk133m_dcm.vhd \
      PB ieee/std_logic_1164 1381692176 PB ieee/NUMERIC_STD 1381692181 LB UNISIM \
      PH unisim/VCOMPONENTS 1381692182
AR work/clk133m_dcm/BEHAVIORAL 1484855447 \
      FL C:/Users/riege/gpgit/RISC-Vhdl/RISC-Vhdl/clk133m_dcm.vhd \
      EN work/clk133m_dcm 1484855446 CP BUFG CP IBUFG CP DCM_SP
FL C:/Users/riege/gpgit/RISC-Vhdl/RISC-Vhdl/ClockDivider.vhd 2017/01/17.23:45:40 P.20131013
EN work/ClockDivider 1484855440 \
      FL C:/Users/riege/gpgit/RISC-Vhdl/RISC-Vhdl/ClockDivider.vhd \
      PB ieee/std_logic_1164 1381692176 PB ieee/NUMERIC_STD 1381692181
AR work/ClockDivider/Behavioral 1484855441 \
      FL C:/Users/riege/gpgit/RISC-Vhdl/RISC-Vhdl/ClockDivider.vhd \
      EN work/ClockDivider 1484855440
FL C:/Users/riege/gpgit/RISC-Vhdl/RISC-Vhdl/Clock_VHDL.vhd 2016/11/11.15:56:38 P.20131013
EN work/Clock_VHDL 1484855444 \
      FL C:/Users/riege/gpgit/RISC-Vhdl/RISC-Vhdl/Clock_VHDL.vhd \
      PB ieee/std_logic_1164 1381692176
AR work/Clock_VHDL/Verhalten 1484855445 \
      FL C:/Users/riege/gpgit/RISC-Vhdl/RISC-Vhdl/Clock_VHDL.vhd \
      EN work/Clock_VHDL 1484855444
FL C:/Users/riege/gpgit/RISC-Vhdl/RISC-Vhdl/CPU.vhd 2016/11/11.15:56:38 P.20131013
EN work/CPU 1484855454 FL C:/Users/riege/gpgit/RISC-Vhdl/RISC-Vhdl/CPU.vhd \
      PB ieee/std_logic_1164 1381692176
AR work/CPU/CPU_1 1484855455 \
      FL C:/Users/riege/gpgit/RISC-Vhdl/RISC-Vhdl/CPU.vhd EN work/CPU 1484855454 \
      CP work/CU CP work/ALU CP work/ClockDivider
FL C:/Users/riege/gpgit/RISC-Vhdl/RISC-Vhdl/CU.vhd 2017/01/17.23:45:40 P.20131013
EN work/CU 1484855436 FL C:/Users/riege/gpgit/RISC-Vhdl/RISC-Vhdl/CU.vhd \
      PB ieee/std_logic_1164 1381692176 PB ieee/NUMERIC_STD 1381692181
AR work/CU/CU_1 1484855437 \
      FL C:/Users/riege/gpgit/RISC-Vhdl/RISC-Vhdl/CU.vhd EN work/CU 1484855436
FL C:/Users/riege/gpgit/RISC-Vhdl/RISC-Vhdl/DDR2_Control_VHDL.vhd 2016/12/27.15:09:02 P.20131013
EN work/DDR2_Control_VHDL 1484855434 \
      FL C:/Users/riege/gpgit/RISC-Vhdl/RISC-Vhdl/DDR2_Control_VHDL.vhd \
      PB ieee/std_logic_1164 1381692176 PB ieee/std_logic_arith 1381692177 \
      PB ieee/STD_LOGIC_UNSIGNED 1381692179
AR work/DDR2_Control_VHDL/Verhalten 1484855435 \
      FL C:/Users/riege/gpgit/RISC-Vhdl/RISC-Vhdl/DDR2_Control_VHDL.vhd \
      EN work/DDR2_Control_VHDL 1484855434 CP DDR2_Write_VHDL CP DDR2_Read_VHDL
FL C:/Users/riege/gpgit/RISC-Vhdl/RISC-Vhdl/DDR2_Ram_Core.vhd 2016/11/11.15:56:38 P.20131013
EN work/DDR2_Ram_Core 1484855460 \
      FL C:/Users/riege/gpgit/RISC-Vhdl/RISC-Vhdl/DDR2_Ram_Core.vhd LB UNISIM \
      PB ieee/std_logic_1164 1381692176 PH unisim/VCOMPONENTS 1381692182
AR work/DDR2_Ram_Core/arc_mem_interface_top 1484855461 \
      FL C:/Users/riege/gpgit/RISC-Vhdl/RISC-Vhdl/DDR2_Ram_Core.vhd \
      EN work/DDR2_Ram_Core 1484855460 CP DDR2_Ram_Core_top_0 \
      CP DDR2_Ram_Core_infrastructure_top
FL C:/Users/riege/gpgit/RISC-Vhdl/RISC-Vhdl/DDR2_Ram_Core_cal_ctl.vhd 2016/11/11.15:56:38 P.20131013
EN work/DDR2_Ram_Core_cal_ctl 1484855390 \
      FL C:/Users/riege/gpgit/RISC-Vhdl/RISC-Vhdl/DDR2_Ram_Core_cal_ctl.vhd \
      LB UNISIM PB ieee/std_logic_1164 1381692176 PB ieee/STD_LOGIC_UNSIGNED 1381692179 \
      PH unisim/VCOMPONENTS 1381692182
AR work/DDR2_Ram_Core_cal_ctl/arc_cal_ctl 1484855391 \
      FL C:/Users/riege/gpgit/RISC-Vhdl/RISC-Vhdl/DDR2_Ram_Core_cal_ctl.vhd \
      EN work/DDR2_Ram_Core_cal_ctl 1484855390
FL C:/Users/riege/gpgit/RISC-Vhdl/RISC-Vhdl/DDR2_Ram_Core_cal_top.vhd 2016/11/11.15:56:38 P.20131013
EN work/DDR2_Ram_Core_cal_top 1484855408 \
      FL C:/Users/riege/gpgit/RISC-Vhdl/RISC-Vhdl/DDR2_Ram_Core_cal_top.vhd \
      LB UNISIM PB ieee/std_logic_1164 1381692176 PB ieee/STD_LOGIC_UNSIGNED 1381692179 \
      PH unisim/VCOMPONENTS 1381692182
AR work/DDR2_Ram_Core_cal_top/arc 1484855409 \
      FL C:/Users/riege/gpgit/RISC-Vhdl/RISC-Vhdl/DDR2_Ram_Core_cal_top.vhd \
      EN work/DDR2_Ram_Core_cal_top 1484855408 CP DDR2_Ram_Core_cal_ctl \
      CP DDR2_Ram_Core_tap_dly
FL C:/Users/riege/gpgit/RISC-Vhdl/RISC-Vhdl/DDR2_Ram_Core_clk_dcm.vhd 2016/11/11.15:56:38 P.20131013
EN work/DDR2_Ram_Core_clk_dcm 1484855406 \
      FL C:/Users/riege/gpgit/RISC-Vhdl/RISC-Vhdl/DDR2_Ram_Core_clk_dcm.vhd \
      LB UNISIM PB ieee/std_logic_1164 1381692176 PH unisim/VCOMPONENTS 1381692182
AR work/DDR2_Ram_Core_clk_dcm/arc 1484855407 \
      FL C:/Users/riege/gpgit/RISC-Vhdl/RISC-Vhdl/DDR2_Ram_Core_clk_dcm.vhd \
      EN work/DDR2_Ram_Core_clk_dcm 1484855406 CP DCM CP BUFG
FL C:/Users/riege/gpgit/RISC-Vhdl/RISC-Vhdl/DDR2_Ram_Core_controller_0.vhd 2016/11/11.15:56:38 P.20131013
EN work/DDR2_Ram_Core_controller_0 1484855410 \
      FL C:/Users/riege/gpgit/RISC-Vhdl/RISC-Vhdl/DDR2_Ram_Core_controller_0.vhd \
      LB UNISIM PB ieee/std_logic_1164 1381692176 PB ieee/STD_LOGIC_UNSIGNED 1381692179 \
      PH unisim/VCOMPONENTS 1381692182 PH work/DDR2_Ram_Core_parameters_0 1484855371
AR work/DDR2_Ram_Core_controller_0/arc 1484855411 \
      FL C:/Users/riege/gpgit/RISC-Vhdl/RISC-Vhdl/DDR2_Ram_Core_controller_0.vhd \
      EN work/DDR2_Ram_Core_controller_0 1484855410 CP FD
FL C:/Users/riege/gpgit/RISC-Vhdl/RISC-Vhdl/DDR2_Ram_Core_controller_iobs_0.vhd 2016/11/11.15:56:38 P.20131013
EN work/DDR2_Ram_Core_controller_iobs_0 1484855396 \
      FL C:/Users/riege/gpgit/RISC-Vhdl/RISC-Vhdl/DDR2_Ram_Core_controller_iobs_0.vhd \
      LB UNISIM PB ieee/std_logic_1164 1381692176 PB ieee/STD_LOGIC_UNSIGNED 1381692179 \
      PH unisim/VCOMPONENTS 1381692182 PH work/DDR2_Ram_Core_parameters_0 1484855371
AR work/DDR2_Ram_Core_controller_iobs_0/arc 1484855397 \
      FL C:/Users/riege/gpgit/RISC-Vhdl/RISC-Vhdl/DDR2_Ram_Core_controller_iobs_0.vhd \
      EN work/DDR2_Ram_Core_controller_iobs_0 1484855396 CP FD CP OBUF CP label \
      CP IBUF
FL C:/Users/riege/gpgit/RISC-Vhdl/RISC-Vhdl/DDR2_Ram_Core_data_path_0.vhd 2016/11/11.15:56:38 P.20131013
EN work/DDR2_Ram_Core_data_path_0 1484855412 \
      FL C:/Users/riege/gpgit/RISC-Vhdl/RISC-Vhdl/DDR2_Ram_Core_data_path_0.vhd \
      LB UNISIM PB ieee/std_logic_1164 1381692176 PB ieee/STD_LOGIC_UNSIGNED 1381692179 \
      PH unisim/VCOMPONENTS 1381692182 PH work/DDR2_Ram_Core_parameters_0 1484855371
AR work/DDR2_Ram_Core_data_path_0/arc 1484855413 \
      FL C:/Users/riege/gpgit/RISC-Vhdl/RISC-Vhdl/DDR2_Ram_Core_data_path_0.vhd \
      EN work/DDR2_Ram_Core_data_path_0 1484855412 CP DDR2_Ram_Core_data_read_0 \
      CP DDR2_Ram_Core_data_read_controller_0 CP DDR2_Ram_Core_data_write_0
FL C:/Users/riege/gpgit/RISC-Vhdl/RISC-Vhdl/DDR2_Ram_Core_data_path_iobs_0.vhd 2016/11/11.15:56:38 P.20131013
EN work/DDR2_Ram_Core_data_path_iobs_0 1484855398 \
      FL C:/Users/riege/gpgit/RISC-Vhdl/RISC-Vhdl/DDR2_Ram_Core_data_path_iobs_0.vhd \
      PB ieee/std_logic_1164 1381692176 PB ieee/STD_LOGIC_UNSIGNED 1381692179 \
      LB UNISIM PH unisim/VCOMPONENTS 1381692182 \
      PH work/DDR2_Ram_Core_parameters_0 1484855371
AR work/DDR2_Ram_Core_data_path_iobs_0/arc 1484855399 \
      FL C:/Users/riege/gpgit/RISC-Vhdl/RISC-Vhdl/DDR2_Ram_Core_data_path_iobs_0.vhd \
      EN work/DDR2_Ram_Core_data_path_iobs_0 1484855398 \
      CP DDR2_Ram_Core_s3_dm_iob CP DDR2_Ram_Core_s3_dqs_iob \
      CP DDR2_Ram_Core_s3_dq_iob
FL C:/Users/riege/gpgit/RISC-Vhdl/RISC-Vhdl/DDR2_Ram_Core_data_read_0.vhd 2016/11/11.15:56:38 P.20131013
EN work/DDR2_Ram_Core_data_read_0 1484855400 \
      FL C:/Users/riege/gpgit/RISC-Vhdl/RISC-Vhdl/DDR2_Ram_Core_data_read_0.vhd \
      LB UNISIM PB ieee/std_logic_1164 1381692176 PB ieee/STD_LOGIC_UNSIGNED 1381692179 \
      PH unisim/VCOMPONENTS 1381692182 PH work/DDR2_Ram_Core_parameters_0 1484855371
AR work/DDR2_Ram_Core_data_read_0/arc 1484855401 \
      FL C:/Users/riege/gpgit/RISC-Vhdl/RISC-Vhdl/DDR2_Ram_Core_data_read_0.vhd \
      EN work/DDR2_Ram_Core_data_read_0 1484855400 CP DDR2_Ram_Core_rd_gray_cntr \
      CP DDR2_Ram_Core_ram8d_0
FL C:/Users/riege/gpgit/RISC-Vhdl/RISC-Vhdl/DDR2_Ram_Core_data_read_controller_0.vhd 2016/11/11.15:56:38 P.20131013
EN work/DDR2_Ram_Core_data_read_controller_0 1484855402 \
      FL C:/Users/riege/gpgit/RISC-Vhdl/RISC-Vhdl/DDR2_Ram_Core_data_read_controller_0.vhd \
      LB UNISIM PB ieee/std_logic_1164 1381692176 PB ieee/STD_LOGIC_UNSIGNED 1381692179 \
      PH unisim/VCOMPONENTS 1381692182 PH work/DDR2_Ram_Core_parameters_0 1484855371
AR work/DDR2_Ram_Core_data_read_controller_0/arc 1484855403 \
      FL C:/Users/riege/gpgit/RISC-Vhdl/RISC-Vhdl/DDR2_Ram_Core_data_read_controller_0.vhd \
      EN work/DDR2_Ram_Core_data_read_controller_0 1484855402 \
      CP DDR2_Ram_Core_dqs_delay CP label CP DDR2_Ram_Core_fifo_0_wr_en_0 \
      CP DDR2_Ram_Core_fifo_1_wr_en_0 CP DDR2_Ram_Core_wr_gray_cntr
FL C:/Users/riege/gpgit/RISC-Vhdl/RISC-Vhdl/DDR2_Ram_Core_data_write_0.vhd 2016/11/11.15:56:38 P.20131013
EN work/DDR2_Ram_Core_data_write_0 1484855404 \
      FL C:/Users/riege/gpgit/RISC-Vhdl/RISC-Vhdl/DDR2_Ram_Core_data_write_0.vhd \
      PB ieee/std_logic_1164 1381692176 PB ieee/STD_LOGIC_UNSIGNED 1381692179 \
      LB UNISIM PH unisim/VCOMPONENTS 1381692182 \
      PH work/DDR2_Ram_Core_parameters_0 1484855371
AR work/DDR2_Ram_Core_data_write_0/arc 1484855405 \
      FL C:/Users/riege/gpgit/RISC-Vhdl/RISC-Vhdl/DDR2_Ram_Core_data_write_0.vhd \
      EN work/DDR2_Ram_Core_data_write_0 1484855404
FL C:/Users/riege/gpgit/RISC-Vhdl/RISC-Vhdl/DDR2_Ram_Core_dqs_delay_0.vhd 2016/11/11.15:56:38 P.20131013
EN work/DDR2_Ram_Core_dqs_delay 1484855378 \
      FL C:/Users/riege/gpgit/RISC-Vhdl/RISC-Vhdl/DDR2_Ram_Core_dqs_delay_0.vhd \
      LB UNISIM PB ieee/std_logic_1164 1381692176 PB ieee/STD_LOGIC_UNSIGNED 1381692179 \
      PH unisim/VCOMPONENTS 1381692182
AR work/DDR2_Ram_Core_dqs_delay/arc_dqs_delay 1484855379 \
      FL C:/Users/riege/gpgit/RISC-Vhdl/RISC-Vhdl/DDR2_Ram_Core_dqs_delay_0.vhd \
      EN work/DDR2_Ram_Core_dqs_delay 1484855378 CP LUT4
FL C:/Users/riege/gpgit/RISC-Vhdl/RISC-Vhdl/DDR2_Ram_Core_fifo_0_wr_en_0.vhd 2016/11/11.15:56:38 P.20131013
EN work/DDR2_Ram_Core_fifo_0_wr_en_0 1484855380 \
      FL C:/Users/riege/gpgit/RISC-Vhdl/RISC-Vhdl/DDR2_Ram_Core_fifo_0_wr_en_0.vhd \
      LB UNISIM PB ieee/std_logic_1164 1381692176 PB ieee/STD_LOGIC_UNSIGNED 1381692179 \
      PH unisim/VCOMPONENTS 1381692182
AR work/DDR2_Ram_Core_fifo_0_wr_en_0/arc 1484855381 \
      FL C:/Users/riege/gpgit/RISC-Vhdl/RISC-Vhdl/DDR2_Ram_Core_fifo_0_wr_en_0.vhd \
      EN work/DDR2_Ram_Core_fifo_0_wr_en_0 1484855380 CP FDCE
FL C:/Users/riege/gpgit/RISC-Vhdl/RISC-Vhdl/DDR2_Ram_Core_fifo_1_wr_en_0.vhd 2016/11/11.15:56:38 P.20131013
EN work/DDR2_Ram_Core_fifo_1_wr_en_0 1484855382 \
      FL C:/Users/riege/gpgit/RISC-Vhdl/RISC-Vhdl/DDR2_Ram_Core_fifo_1_wr_en_0.vhd \
      LB UNISIM PB ieee/std_logic_1164 1381692176 PB ieee/STD_LOGIC_UNSIGNED 1381692179 \
      PH unisim/VCOMPONENTS 1381692182
AR work/DDR2_Ram_Core_fifo_1_wr_en_0/arc 1484855383 \
      FL C:/Users/riege/gpgit/RISC-Vhdl/RISC-Vhdl/DDR2_Ram_Core_fifo_1_wr_en_0.vhd \
      EN work/DDR2_Ram_Core_fifo_1_wr_en_0 1484855382 CP FDCE
FL C:/Users/riege/gpgit/RISC-Vhdl/RISC-Vhdl/DDR2_Ram_Core_infrastructure.vhd 2016/11/11.15:56:38 P.20131013
EN work/DDR2_Ram_Core_infrastructure 1484855414 \
      FL C:/Users/riege/gpgit/RISC-Vhdl/RISC-Vhdl/DDR2_Ram_Core_infrastructure.vhd \
      LB UNISIM PB ieee/std_logic_1164 1381692176 PB ieee/STD_LOGIC_UNSIGNED 1381692179 \
      PH unisim/VCOMPONENTS 1381692182
AR work/DDR2_Ram_Core_infrastructure/arc 1484855415 \
      FL C:/Users/riege/gpgit/RISC-Vhdl/RISC-Vhdl/DDR2_Ram_Core_infrastructure.vhd \
      EN work/DDR2_Ram_Core_infrastructure 1484855414
FL C:/Users/riege/gpgit/RISC-Vhdl/RISC-Vhdl/DDR2_Ram_Core_infrastructure_iobs_0.vhd 2016/11/11.15:56:38 P.20131013
EN work/DDR2_Ram_Core_infrastructure_iobs_0 1484855394 \
      FL C:/Users/riege/gpgit/RISC-Vhdl/RISC-Vhdl/DDR2_Ram_Core_infrastructure_iobs_0.vhd \
      LB UNISIM PB ieee/std_logic_1164 1381692176 PB ieee/STD_LOGIC_UNSIGNED 1381692179 \
      PH unisim/VCOMPONENTS 1381692182 PH work/DDR2_Ram_Core_parameters_0 1484855371
AR work/DDR2_Ram_Core_infrastructure_iobs_0/arc 1484855395 \
      FL C:/Users/riege/gpgit/RISC-Vhdl/RISC-Vhdl/DDR2_Ram_Core_infrastructure_iobs_0.vhd \
      EN work/DDR2_Ram_Core_infrastructure_iobs_0 1484855394 CP FDDRRSE CP OBUFDS
FL C:/Users/riege/gpgit/RISC-Vhdl/RISC-Vhdl/DDR2_Ram_Core_infrastructure_top.vhd 2016/11/11.15:56:38 P.20131013
EN work/DDR2_Ram_Core_infrastructure_top 1484855424 \
      FL C:/Users/riege/gpgit/RISC-Vhdl/RISC-Vhdl/DDR2_Ram_Core_infrastructure_top.vhd \
      LB UNISIM PB ieee/std_logic_1164 1381692176 PB ieee/STD_LOGIC_UNSIGNED 1381692179 \
      PH unisim/VCOMPONENTS 1381692182 PH work/DDR2_Ram_Core_parameters_0 1484855371
AR work/DDR2_Ram_Core_infrastructure_top/arc 1484855425 \
      FL C:/Users/riege/gpgit/RISC-Vhdl/RISC-Vhdl/DDR2_Ram_Core_infrastructure_top.vhd \
      EN work/DDR2_Ram_Core_infrastructure_top 1484855424 CP IBUFGDS_LVDS_25 \
      CP IBUFG CP DDR2_Ram_Core_clk_dcm CP DDR2_Ram_Core_cal_top
FL C:/Users/riege/gpgit/RISC-Vhdl/RISC-Vhdl/DDR2_Ram_Core_iobs_0.vhd 2016/11/11.15:56:38 P.20131013
EN work/DDR2_Ram_Core_iobs_0 1484855416 \
      FL C:/Users/riege/gpgit/RISC-Vhdl/RISC-Vhdl/DDR2_Ram_Core_iobs_0.vhd \
      PB ieee/std_logic_1164 1381692176 PB ieee/STD_LOGIC_UNSIGNED 1381692179 \
      LB UNISIM PH unisim/VCOMPONENTS 1381692182 \
      PH work/DDR2_Ram_Core_parameters_0 1484855371
AR work/DDR2_Ram_Core_iobs_0/arc 1484855417 \
      FL C:/Users/riege/gpgit/RISC-Vhdl/RISC-Vhdl/DDR2_Ram_Core_iobs_0.vhd \
      EN work/DDR2_Ram_Core_iobs_0 1484855416 \
      CP DDR2_Ram_Core_infrastructure_iobs_0 CP DDR2_Ram_Core_controller_iobs_0 \
      CP DDR2_Ram_Core_data_path_iobs_0
FL C:/Users/riege/gpgit/RISC-Vhdl/RISC-Vhdl/DDR2_Ram_Core_parameters_0.vhd 2016/11/11.15:56:38 P.20131013
PH work/DDR2_Ram_Core_parameters_0 1484855371 \
      FL C:/Users/riege/gpgit/RISC-Vhdl/RISC-Vhdl/DDR2_Ram_Core_parameters_0.vhd \
      LB UNISIM PB ieee/std_logic_1164 1381692176 PH unisim/VCOMPONENTS 1381692182
FL C:/Users/riege/gpgit/RISC-Vhdl/RISC-Vhdl/DDR2_Ram_Core_ram8d_0.vhd 2016/11/11.15:56:38 P.20131013
EN work/DDR2_Ram_Core_ram8d_0 1484855388 \
      FL C:/Users/riege/gpgit/RISC-Vhdl/RISC-Vhdl/DDR2_Ram_Core_ram8d_0.vhd \
      LB UNISIM PB ieee/std_logic_1164 1381692176 PB ieee/std_logic_arith 1381692177 \
      PB ieee/STD_LOGIC_UNSIGNED 1381692179 PH unisim/VCOMPONENTS 1381692182 \
      PH work/DDR2_Ram_Core_parameters_0 1484855371
AR work/DDR2_Ram_Core_ram8d_0/arc 1484855389 \
      FL C:/Users/riege/gpgit/RISC-Vhdl/RISC-Vhdl/DDR2_Ram_Core_ram8d_0.vhd \
      EN work/DDR2_Ram_Core_ram8d_0 1484855388 CP RAM16X1D
FL C:/Users/riege/gpgit/RISC-Vhdl/RISC-Vhdl/DDR2_Ram_Core_rd_gray_cntr.vhd 2016/11/11.15:56:38 P.20131013
EN work/DDR2_Ram_Core_rd_gray_cntr 1484855386 \
      FL C:/Users/riege/gpgit/RISC-Vhdl/RISC-Vhdl/DDR2_Ram_Core_rd_gray_cntr.vhd \
      LB UNISIM PB ieee/std_logic_1164 1381692176 PB ieee/std_logic_arith 1381692177 \
      PH unisim/VCOMPONENTS 1381692182
AR work/DDR2_Ram_Core_rd_gray_cntr/arc 1484855387 \
      FL C:/Users/riege/gpgit/RISC-Vhdl/RISC-Vhdl/DDR2_Ram_Core_rd_gray_cntr.vhd \
      EN work/DDR2_Ram_Core_rd_gray_cntr 1484855386 CP FDRE
FL C:/Users/riege/gpgit/RISC-Vhdl/RISC-Vhdl/DDR2_Ram_Core_s3_dm_iob.vhd 2016/11/11.15:56:38 P.20131013
EN work/DDR2_Ram_Core_s3_dm_iob 1484855372 \
      FL C:/Users/riege/gpgit/RISC-Vhdl/RISC-Vhdl/DDR2_Ram_Core_s3_dm_iob.vhd \
      LB UNISIM PB ieee/std_logic_1164 1381692176 PB ieee/STD_LOGIC_UNSIGNED 1381692179 \
      PH unisim/VCOMPONENTS 1381692182
AR work/DDR2_Ram_Core_s3_dm_iob/arc 1484855373 \
      FL C:/Users/riege/gpgit/RISC-Vhdl/RISC-Vhdl/DDR2_Ram_Core_s3_dm_iob.vhd \
      EN work/DDR2_Ram_Core_s3_dm_iob 1484855372 CP FDDRRSE CP OBUF
FL C:/Users/riege/gpgit/RISC-Vhdl/RISC-Vhdl/DDR2_Ram_Core_s3_dqs_iob.vhd 2016/11/11.15:56:38 P.20131013
EN work/DDR2_Ram_Core_s3_dqs_iob 1484855374 \
      FL C:/Users/riege/gpgit/RISC-Vhdl/RISC-Vhdl/DDR2_Ram_Core_s3_dqs_iob.vhd \
      PB ieee/std_logic_1164 1381692176 LB UNISIM PH unisim/VCOMPONENTS 1381692182
AR work/DDR2_Ram_Core_s3_dqs_iob/arc 1484855375 \
      FL C:/Users/riege/gpgit/RISC-Vhdl/RISC-Vhdl/DDR2_Ram_Core_s3_dqs_iob.vhd \
      EN work/DDR2_Ram_Core_s3_dqs_iob 1484855374 CP FD CP FDDRRSE CP OBUFTDS \
      CP IBUFDS
FL C:/Users/riege/gpgit/RISC-Vhdl/RISC-Vhdl/DDR2_Ram_Core_s3_dq_iob.vhd 2016/11/11.15:56:38 P.20131013
EN work/DDR2_Ram_Core_s3_dq_iob 1484855376 \
      FL C:/Users/riege/gpgit/RISC-Vhdl/RISC-Vhdl/DDR2_Ram_Core_s3_dq_iob.vhd \
      LB UNISIM PB ieee/std_logic_1164 1381692176 PB ieee/std_logic_arith 1381692177 \
      PH unisim/VCOMPONENTS 1381692182
AR work/DDR2_Ram_Core_s3_dq_iob/arc 1484855377 \
      FL C:/Users/riege/gpgit/RISC-Vhdl/RISC-Vhdl/DDR2_Ram_Core_s3_dq_iob.vhd \
      EN work/DDR2_Ram_Core_s3_dq_iob 1484855376 CP FDDRRSE CP FD CP OBUFT CP IBUF
FL C:/Users/riege/gpgit/RISC-Vhdl/RISC-Vhdl/DDR2_Ram_Core_tap_dly.vhd 2016/11/11.15:56:38 P.20131013
EN work/DDR2_Ram_Core_tap_dly 1484855392 \
      FL C:/Users/riege/gpgit/RISC-Vhdl/RISC-Vhdl/DDR2_Ram_Core_tap_dly.vhd \
      LB UNISIM PB ieee/std_logic_1164 1381692176 PB ieee/STD_LOGIC_UNSIGNED 1381692179 \
      PH unisim/VCOMPONENTS 1381692182
AR work/DDR2_Ram_Core_tap_dly/arc_tap_dly 1484855393 \
      FL C:/Users/riege/gpgit/RISC-Vhdl/RISC-Vhdl/DDR2_Ram_Core_tap_dly.vhd \
      EN work/DDR2_Ram_Core_tap_dly 1484855392 CP LUT4 CP FDR
FL C:/Users/riege/gpgit/RISC-Vhdl/RISC-Vhdl/DDR2_Ram_Core_top_0.vhd 2016/11/11.15:56:38 P.20131013
EN work/DDR2_Ram_Core_top_0 1484855422 \
      FL C:/Users/riege/gpgit/RISC-Vhdl/RISC-Vhdl/DDR2_Ram_Core_top_0.vhd \
      LB UNISIM PB ieee/std_logic_1164 1381692176 PH unisim/VCOMPONENTS 1381692182 \
      PH work/DDR2_Ram_Core_parameters_0 1484855371
AR work/DDR2_Ram_Core_top_0/arc 1484855423 \
      FL C:/Users/riege/gpgit/RISC-Vhdl/RISC-Vhdl/DDR2_Ram_Core_top_0.vhd \
      EN work/DDR2_Ram_Core_top_0 1484855422 CP DDR2_Ram_Core_controller_0 \
      CP DDR2_Ram_Core_data_path_0 CP DDR2_Ram_Core_infrastructure \
      CP DDR2_Ram_Core_iobs_0
FL C:/Users/riege/gpgit/RISC-Vhdl/RISC-Vhdl/DDR2_Ram_Core_wr_gray_cntr.vhd 2016/11/11.15:56:38 P.20131013
EN work/DDR2_Ram_Core_wr_gray_cntr 1484855384 \
      FL C:/Users/riege/gpgit/RISC-Vhdl/RISC-Vhdl/DDR2_Ram_Core_wr_gray_cntr.vhd \
      LB UNISIM PB ieee/std_logic_1164 1381692176 PB ieee/std_logic_arith 1381692177 \
      PH unisim/VCOMPONENTS 1381692182
AR work/DDR2_Ram_Core_wr_gray_cntr/arc 1484855385 \
      FL C:/Users/riege/gpgit/RISC-Vhdl/RISC-Vhdl/DDR2_Ram_Core_wr_gray_cntr.vhd \
      EN work/DDR2_Ram_Core_wr_gray_cntr 1484855384 CP FDCE
FL C:/Users/riege/gpgit/RISC-Vhdl/RISC-Vhdl/DDR2_Read_VHDL.vhd 2016/11/11.15:56:38 P.20131013
EN work/DDR2_Read_VHDL 1484855420 \
      FL C:/Users/riege/gpgit/RISC-Vhdl/RISC-Vhdl/DDR2_Read_VHDL.vhd \
      PB ieee/std_logic_1164 1381692176 PB ieee/std_logic_arith 1381692177 \
      PB ieee/STD_LOGIC_UNSIGNED 1381692179
AR work/DDR2_Read_VHDL/Verhalten 1484855421 \
      FL C:/Users/riege/gpgit/RISC-Vhdl/RISC-Vhdl/DDR2_Read_VHDL.vhd \
      EN work/DDR2_Read_VHDL 1484855420
FL C:/Users/riege/gpgit/RISC-Vhdl/RISC-Vhdl/DDR2_Write_VHDL.vhd 2016/11/11.15:56:38 P.20131013
EN work/DDR2_Write_VHDL 1484855418 \
      FL C:/Users/riege/gpgit/RISC-Vhdl/RISC-Vhdl/DDR2_Write_VHDL.vhd \
      PB ieee/std_logic_1164 1381692176 PB ieee/std_logic_arith 1381692177 \
      PB ieee/STD_LOGIC_UNSIGNED 1381692179
AR work/DDR2_Write_VHDL/Verhalten 1484855419 \
      FL C:/Users/riege/gpgit/RISC-Vhdl/RISC-Vhdl/DDR2_Write_VHDL.vhd \
      EN work/DDR2_Write_VHDL 1484855418
FL C:/Users/riege/gpgit/RISC-Vhdl/RISC-Vhdl/IORAM.vhd 2017/01/17.23:45:40 P.20131013
EN work/IORAM 1484855432 FL C:/Users/riege/gpgit/RISC-Vhdl/RISC-Vhdl/IORAM.vhd \
      PB ieee/std_logic_1164 1381692176
AR work/IORAM/Behavioral 1484855433 \
      FL C:/Users/riege/gpgit/RISC-Vhdl/RISC-Vhdl/IORAM.vhd EN work/IORAM 1484855432
FL C:/Users/riege/gpgit/RISC-Vhdl/RISC-Vhdl/ipcore_dir/vga_clk.vhd 2016/12/20.17:49:44 P.20131013
EN work/vga_clk 1484855452 \
      FL C:/Users/riege/gpgit/RISC-Vhdl/RISC-Vhdl/ipcore_dir/vga_clk.vhd \
      PB ieee/std_logic_1164 1381692176 PB ieee/NUMERIC_STD 1381692181 LB UNISIM \
      PH unisim/VCOMPONENTS 1381692182
AR work/vga_clk/BEHAVIORAL 1484855453 \
      FL C:/Users/riege/gpgit/RISC-Vhdl/RISC-Vhdl/ipcore_dir/vga_clk.vhd \
      EN work/vga_clk 1484855452 CP BUFG CP DCM_SP
FL C:/Users/riege/gpgit/RISC-Vhdl/RISC-Vhdl/MMU.vhd 2017/01/17.23:45:40 P.20131013
EN work/MMU 1484855458 FL C:/Users/riege/gpgit/RISC-Vhdl/RISC-Vhdl/MMU.vhd \
      PB ieee/std_logic_1164 1381692176 PB ieee/NUMERIC_STD 1381692181
AR work/MMU/Behavioral 1484855459 \
      FL C:/Users/riege/gpgit/RISC-Vhdl/RISC-Vhdl/MMU.vhd EN work/MMU 1484855458 \
      CP BLOCKRAM CP PRAM CP CHARRAM CP IORAM CP DDR2_Control_VHDL
FL C:/Users/riege/gpgit/RISC-Vhdl/RISC-Vhdl/PRAM.vhd 2017/01/17.23:45:40 P.20131013
EN work/PRAM 1484855428 FL C:/Users/riege/gpgit/RISC-Vhdl/RISC-Vhdl/PRAM.vhd \
      PB ieee/std_logic_1164 1381692176 PB ieee/NUMERIC_STD 1381692181
AR work/PRAM/Behavioral 1484855429 \
      FL C:/Users/riege/gpgit/RISC-Vhdl/RISC-Vhdl/PRAM.vhd EN work/PRAM 1484855428
FL C:/Users/riege/gpgit/RISC-Vhdl/RISC-Vhdl/toplevel.vhd 2017/01/17.23:45:40 P.20131013
EN work/toplevel 1484855462 \
      FL C:/Users/riege/gpgit/RISC-Vhdl/RISC-Vhdl/toplevel.vhd \
      PB ieee/std_logic_1164 1381692176 PB ieee/NUMERIC_STD 1381692181 LB UNISIM \
      PH unisim/VCOMPONENTS 1381692182
AR work/toplevel/behaviour 1484855463 \
      FL C:/Users/riege/gpgit/RISC-Vhdl/RISC-Vhdl/toplevel.vhd EN work/toplevel 1484855462 \
      CP Clock_VHDL CP clk133m_dcm CP OBUF CP ASCIIUNIT CP vga CP vga_clk CP work/cpu \
      CP UART CP MMU CP DDR2_Ram_Core
FL C:/Users/riege/gpgit/RISC-Vhdl/RISC-Vhdl/uart.vhd 2016/12/27.15:06:55 P.20131013
EN work/uart 1484855456 FL C:/Users/riege/gpgit/RISC-Vhdl/RISC-Vhdl/uart.vhd \
      PB ieee/std_logic_1164 1381692176 PB ieee/NUMERIC_STD 1381692181
AR work/uart/uart_1 1484855457 \
      FL C:/Users/riege/gpgit/RISC-Vhdl/RISC-Vhdl/uart.vhd EN work/uart 1484855456
FL C:/Users/riege/gpgit/RISC-Vhdl/RISC-Vhdl/vga.vhd 2016/12/27.15:09:03 P.20131013
EN work/vga 1484855450 FL C:/Users/riege/gpgit/RISC-Vhdl/RISC-Vhdl/vga.vhd \
      PB ieee/std_logic_1164 1381692176 PB ieee/NUMERIC_STD 1381692181
AR work/vga/behaviour 1484855451 \
      FL C:/Users/riege/gpgit/RISC-Vhdl/RISC-Vhdl/vga.vhd EN work/vga 1484855450
